MySQL Shell 8.0.35

Copyright (c) 2016, 2023, Oracle and/or its affiliates.
Oracle is a registered trademark of Oracle Corporation and/or its affiliates.
Other names may be trademarks of their respective owners.

Type '\help' or '\?' for help; '\quit' to exit.
 MySQL  JS > \sql
Switching to SQL mode... Commands end with ;
 MySQL  SQL > \c mc-- root@localhost
Creating a session to 'root@localhost'
Please provide the password for 'root@localhost': **********
Save password for 'root@localhost'? [Y]es/[N]o/Ne[v]er (default No): n
Fetching global names for auto-completion... Press ^C to stop.
Your MySQL connection id is 8 (X protocol)
Server version: 8.0.35 MySQL Community Server - GPL
No default schema selected; type \use <schema> to set one.
 MySQL  localhost:33060+ ssl  SQL > use agencia;
Default schema set to `agencia`.
Fetching global names, object names from `agencia` for auto-completion... Press ^C to stop.
 MySQL  localhost:33060+ ssl  agencia  SQL > show tables;
+-------------------+
| Tables_in_agencia |
+-------------------+
| automovil         |
| cliente           |
| vendedor          |
+-------------------+
3 rows in set (0.0018 sec)
 MySQL  localhost:33060+ ssl  agencia  SQL > use sakila;
Default schema set to `sakila`.
Fetching global names, object names from `sakila` for auto-completion... Press ^C to stop.
 MySQL  localhost:33060+ ssl  sakila  SQL > select * from customer;
+-------------+----------+-------------+--------------+------------------------------------------+------------+--------+---------------------+---------------------+
| customer_id | store_id | first_name  | last_name    | email                                    | address_id | active | create_date         | last_update         |
+-------------+----------+-------------+--------------+------------------------------------------+------------+--------+---------------------+---------------------+
|           1 |        1 | MARY        | SMITH        | MARY.SMITH@sakilacustomer.org            |          5 |      1 | 2006-02-14 22:04:36 | 2006-02-15 04:57:20 |
|           2 |        1 | PATRICIA    | JOHNSON      | PATRICIA.JOHNSON@sakilacustomer.org      |          6 |      1 | 2006-02-14 22:04:36 | 2006-02-15 04:57:20 |
|           3 |        1 | LINDA       | WILLIAMS     | LINDA.WILLIAMS@sakilacustomer.org        |          7 |      1 | 2006-02-14 22:04:36 | 2006-02-15 04:57:20 |
|           4 |        2 | BARBARA     | JONES        | BARBARA.JONES@sakilacustomer.org         |          8 |      1 | 2006-02-14 22:04:36 | 2006-02-15 04:57:20 |
|           5 |        1 | ELIZABETH   | BROWN        | ELIZABETH.BROWN@sakilacustomer.org       |          9 |      1 | 2006-02-14 22:04:36 | 2006-02-15 04:57:20 |
|           6 |        2 | JENNIFER    | DAVIS        | JENNIFER.DAVIS@sakilacustomer.org        |         10 |      1 | 2006-02-14 22:04:36 | 2006-02-15 04:57:20 |
|           7 |        1 | MARIA       | MILLER       | MARIA.MILLER@sakilacustomer.org          |         11 |      1 | 2006-02-14 22:04:36 | 2006-02-15 04:57:20 |
|           8 |        2 | SUSAN       | WILSON       | SUSAN.WILSON@sakilacustomer.org          |         12 |      1 | 2006-02-14 22:04:36 | 2006-02-15 04:57:20 |
|           9 |        2 | MARGARET    | MOORE        | MARGARET.MOORE@sakilacustomer.org        |         13 |      1 | 2006-02-14 22:04:36 | 2006-02-15 04:57:20 |
|          10 |        1 | DOROTHY     | TAYLOR       | DOROTHY.TAYLOR@sakilacustomer.org        |         14 |      1 | 2006-02-14 22:04:36 | 2006-02-15 04:57:20 |
|          11 |        2 | LISA        | ANDERSON     | LISA.ANDERSON@sakilacustomer.org         |         15 |      1 | 2006-02-14 22:04:36 | 2006-02-15 04:57:20 |
|          12 |        1 | NANCY       | THOMAS       | NANCY.THOMAS@sakilacustomer.org          |         16 |      1 | 2006-02-14 22:04:36 | 2006-02-15 04:57:20 |
|          13 |        2 | KAREN       | JACKSON      | KAREN.JACKSON@sakilacustomer.org         |         17 |      1 | 2006-02-14 22:04:36 | 2006-02-15 04:57:20 |
|          14 |        2 | BETTY       | WHITE        | BETTY.WHITE@sakilacustomer.org           |         18 |      1 | 2006-02-14 22:04:36 | 2006-02-15 04:57:20 |
|          15 |        1 | HELEN       | HARRIS       | HELEN.HARRIS@sakilacustomer.org          |         19 |      1 | 2006-02-14 22:04:36 | 2006-02-15 04:57:20 |
|          16 |        2 | SANDRA      | MARTIN       | SANDRA.MARTIN@sakilacustomer.org         |         20 |      0 | 2006-02-14 22:04:36 | 2006-02-15 04:57:20 |
|          17 |        1 | DONNA       | THOMPSON     | DONNA.THOMPSON@sakilacustomer.org        |         21 |      1 | 2006-02-14 22:04:36 | 2006-02-15 04:57:20 |
|          18 |        2 | CAROL       | GARCIA       | CAROL.GARCIA@sakilacustomer.org          |         22 |      1 | 2006-02-14 22:04:36 | 2006-02-15 04:57:20 |
|          19 |        1 | RUTH        | MARTINEZ     | RUTH.MARTINEZ@sakilacustomer.org         |         23 |      1 | 2006-02-14 22:04:36 | 2006-02-15 04:57:20 |
|          20 |        2 | SHARON      | ROBINSON     | SHARON.ROBINSON@sakilacustomer.org       |         24 |      1 | 2006-02-14 22:04:36 | 2006-02-15 04:57:20 |
|          21 |        1 | MICHELLE    | CLARK        | MICHELLE.CLARK@sakilacustomer.org        |         25 |      1 | 2006-02-14 22:04:36 | 2006-02-15 04:57:20 |
|          22 |        1 | LAURA       | RODRIGUEZ    | LAURA.RODRIGUEZ@sakilacustomer.org       |         26 |      1 | 2006-02-14 22:04:36 | 2006-02-15 04:57:20 |
|          23 |        2 | SARAH       | LEWIS        | SARAH.LEWIS@sakilacustomer.org           |         27 |      1 | 2006-02-14 22:04:36 | 2006-02-15 04:57:20 |
|          24 |        2 | KIMBERLY    | LEE          | KIMBERLY.LEE@sakilacustomer.org          |         28 |      1 | 2006-02-14 22:04:36 | 2006-02-15 04:57:20 |
|          25 |        1 | DEBORAH     | WALKER       | DEBORAH.WALKER@sakilacustomer.org        |         29 |      1 | 2006-02-14 22:04:36 | 2006-02-15 04:57:20 |
|          26 |        2 | JESSICA     | HALL         | JESSICA.HALL@sakilacustomer.org          |         30 |      1 | 2006-02-14 22:04:36 | 2006-02-15 04:57:20 |
|          27 |        2 | SHIRLEY     | ALLEN        | SHIRLEY.ALLEN@sakilacustomer.org         |         31 |      1 | 2006-02-14 22:04:36 | 2006-02-15 04:57:20 |
|          28 |        1 | CYNTHIA     | YOUNG        | CYNTHIA.YOUNG@sakilacustomer.org         |         32 |      1 | 2006-02-14 22:04:36 | 2006-02-15 04:57:20 |
|          29 |        2 | ANGELA      | HERNANDEZ    | ANGELA.HERNANDEZ@sakilacustomer.org      |         33 |      1 | 2006-02-14 22:04:36 | 2006-02-15 04:57:20 |
|          30 |        1 | MELISSA     | KING         | MELISSA.KING@sakilacustomer.org          |         34 |      1 | 2006-02-14 22:04:36 | 2006-02-15 04:57:20 |
|          31 |        2 | BRENDA      | WRIGHT       | BRENDA.WRIGHT@sakilacustomer.org         |         35 |      1 | 2006-02-14 22:04:36 | 2006-02-15 04:57:20 |
|          32 |        1 | AMY         | LOPEZ        | AMY.LOPEZ@sakilacustomer.org             |         36 |      1 | 2006-02-14 22:04:36 | 2006-02-15 04:57:20 |
|          33 |        2 | ANNA        | HILL         | ANNA.HILL@sakilacustomer.org             |         37 |      1 | 2006-02-14 22:04:36 | 2006-02-15 04:57:20 |
|          34 |        2 | REBECCA     | SCOTT        | REBECCA.SCOTT@sakilacustomer.org         |         38 |      1 | 2006-02-14 22:04:36 | 2006-02-15 04:57:20 |
|          35 |        2 | VIRGINIA    | GREEN        | VIRGINIA.GREEN@sakilacustomer.org        |         39 |      1 | 2006-02-14 22:04:36 | 2006-02-15 04:57:20 |
|          36 |        2 | KATHLEEN    | ADAMS        | KATHLEEN.ADAMS@sakilacustomer.org        |         40 |      1 | 2006-02-14 22:04:36 | 2006-02-15 04:57:20 |
|          37 |        1 | PAMELA      | BAKER        | PAMELA.BAKER@sakilacustomer.org          |         41 |      1 | 2006-02-14 22:04:36 | 2006-02-15 04:57:20 |
|          38 |        1 | MARTHA      | GONZALEZ     | MARTHA.GONZALEZ@sakilacustomer.org       |         42 |      1 | 2006-02-14 22:04:36 | 2006-02-15 04:57:20 |
|          39 |        1 | DEBRA       | NELSON       | DEBRA.NELSON@sakilacustomer.org          |         43 |      1 | 2006-02-14 22:04:36 | 2006-02-15 04:57:20 |
|          40 |        2 | AMANDA      | CARTER       | AMANDA.CARTER@sakilacustomer.org         |         44 |      1 | 2006-02-14 22:04:36 | 2006-02-15 04:57:20 |
|          41 |        1 | STEPHANIE   | MITCHELL     | STEPHANIE.MITCHELL@sakilacustomer.org    |         45 |      1 | 2006-02-14 22:04:36 | 2006-02-15 04:57:20 |
|          42 |        2 | CAROLYN     | PEREZ        | CAROLYN.PEREZ@sakilacustomer.org         |         46 |      1 | 2006-02-14 22:04:36 | 2006-02-15 04:57:20 |
|          43 |        2 | CHRISTINE   | ROBERTS      | CHRISTINE.ROBERTS@sakilacustomer.org     |         47 |      1 | 2006-02-14 22:04:36 | 2006-02-15 04:57:20 |
|          44 |        1 | MARIE       | TURNER       | MARIE.TURNER@sakilacustomer.org          |         48 |      1 | 2006-02-14 22:04:36 | 2006-02-15 04:57:20 |
|          45 |        1 | JANET       | PHILLIPS     | JANET.PHILLIPS@sakilacustomer.org        |         49 |      1 | 2006-02-14 22:04:36 | 2006-02-15 04:57:20 |
|          46 |        2 | CATHERINE   | CAMPBELL     | CATHERINE.CAMPBELL@sakilacustomer.org    |         50 |      1 | 2006-02-14 22:04:36 | 2006-02-15 04:57:20 |
|          47 |        1 | FRANCES     | PARKER       | FRANCES.PARKER@sakilacustomer.org        |         51 |      1 | 2006-02-14 22:04:36 | 2006-02-15 04:57:20 |
|          48 |        1 | ANN         | EVANS        | ANN.EVANS@sakilacustomer.org             |         52 |      1 | 2006-02-14 22:04:36 | 2006-02-15 04:57:20 |
|          49 |        2 | JOYCE       | EDWARDS      | JOYCE.EDWARDS@sakilacustomer.org         |         53 |      1 | 2006-02-14 22:04:36 | 2006-02-15 04:57:20 |
|          50 |        1 | DIANE       | COLLINS      | DIANE.COLLINS@sakilacustomer.org         |         54 |      1 | 2006-02-14 22:04:36 | 2006-02-15 04:57:20 |
|          51 |        1 | ALICE       | STEWART      | ALICE.STEWART@sakilacustomer.org         |         55 |      1 | 2006-02-14 22:04:36 | 2006-02-15 04:57:20 |
|          52 |        1 | JULIE       | SANCHEZ      | JULIE.SANCHEZ@sakilacustomer.org         |         56 |      1 | 2006-02-14 22:04:36 | 2006-02-15 04:57:20 |
|          53 |        1 | HEATHER     | MORRIS       | HEATHER.MORRIS@sakilacustomer.org        |         57 |      1 | 2006-02-14 22:04:36 | 2006-02-15 04:57:20 |
|          54 |        1 | TERESA      | ROGERS       | TERESA.ROGERS@sakilacustomer.org         |         58 |      1 | 2006-02-14 22:04:36 | 2006-02-15 04:57:20 |
|          55 |        2 | DORIS       | REED         | DORIS.REED@sakilacustomer.org            |         59 |      1 | 2006-02-14 22:04:36 | 2006-02-15 04:57:20 |
|          56 |        1 | GLORIA      | COOK         | GLORIA.COOK@sakilacustomer.org           |         60 |      1 | 2006-02-14 22:04:36 | 2006-02-15 04:57:20 |
|          57 |        2 | EVELYN      | MORGAN       | EVELYN.MORGAN@sakilacustomer.org         |         61 |      1 | 2006-02-14 22:04:36 | 2006-02-15 04:57:20 |
|          58 |        1 | JEAN        | BELL         | JEAN.BELL@sakilacustomer.org             |         62 |      1 | 2006-02-14 22:04:36 | 2006-02-15 04:57:20 |
|          59 |        1 | CHERYL      | MURPHY       | CHERYL.MURPHY@sakilacustomer.org         |         63 |      1 | 2006-02-14 22:04:36 | 2006-02-15 04:57:20 |
|          60 |        1 | MILDRED     | BAILEY       | MILDRED.BAILEY@sakilacustomer.org        |         64 |      1 | 2006-02-14 22:04:36 | 2006-02-15 04:57:20 |
|          61 |        2 | KATHERINE   | RIVERA       | KATHERINE.RIVERA@sakilacustomer.org      |         65 |      1 | 2006-02-14 22:04:36 | 2006-02-15 04:57:20 |
|          62 |        1 | JOAN        | COOPER       | JOAN.COOPER@sakilacustomer.org           |         66 |      1 | 2006-02-14 22:04:36 | 2006-02-15 04:57:20 |
|          63 |        1 | ASHLEY      | RICHARDSON   | ASHLEY.RICHARDSON@sakilacustomer.org     |         67 |      1 | 2006-02-14 22:04:36 | 2006-02-15 04:57:20 |
|          64 |        2 | JUDITH      | COX          | JUDITH.COX@sakilacustomer.org            |         68 |      0 | 2006-02-14 22:04:36 | 2006-02-15 04:57:20 |
|          65 |        2 | ROSE        | HOWARD       | ROSE.HOWARD@sakilacustomer.org           |         69 |      1 | 2006-02-14 22:04:36 | 2006-02-15 04:57:20 |
|          66 |        2 | JANICE      | WARD         | JANICE.WARD@sakilacustomer.org           |         70 |      1 | 2006-02-14 22:04:36 | 2006-02-15 04:57:20 |
|          67 |        1 | KELLY       | TORRES       | KELLY.TORRES@sakilacustomer.org          |         71 |      1 | 2006-02-14 22:04:36 | 2006-02-15 04:57:20 |
|          68 |        1 | NICOLE      | PETERSON     | NICOLE.PETERSON@sakilacustomer.org       |         72 |      1 | 2006-02-14 22:04:36 | 2006-02-15 04:57:20 |
|          69 |        2 | JUDY        | GRAY         | JUDY.GRAY@sakilacustomer.org             |         73 |      1 | 2006-02-14 22:04:36 | 2006-02-15 04:57:20 |
|          70 |        2 | CHRISTINA   | RAMIREZ      | CHRISTINA.RAMIREZ@sakilacustomer.org     |         74 |      1 | 2006-02-14 22:04:36 | 2006-02-15 04:57:20 |
|          71 |        1 | KATHY       | JAMES        | KATHY.JAMES@sakilacustomer.org           |         75 |      1 | 2006-02-14 22:04:36 | 2006-02-15 04:57:20 |
|          72 |        2 | THERESA     | WATSON       | THERESA.WATSON@sakilacustomer.org        |         76 |      1 | 2006-02-14 22:04:36 | 2006-02-15 04:57:20 |
|          73 |        2 | BEVERLY     | BROOKS       | BEVERLY.BROOKS@sakilacustomer.org        |         77 |      1 | 2006-02-14 22:04:36 | 2006-02-15 04:57:20 |
|          74 |        1 | DENISE      | KELLY        | DENISE.KELLY@sakilacustomer.org          |         78 |      1 | 2006-02-14 22:04:36 | 2006-02-15 04:57:20 |
|          75 |        2 | TAMMY       | SANDERS      | TAMMY.SANDERS@sakilacustomer.org         |         79 |      1 | 2006-02-14 22:04:36 | 2006-02-15 04:57:20 |
|          76 |        2 | IRENE       | PRICE        | IRENE.PRICE@sakilacustomer.org           |         80 |      1 | 2006-02-14 22:04:36 | 2006-02-15 04:57:20 |
|          77 |        2 | JANE        | BENNETT      | JANE.BENNETT@sakilacustomer.org          |         81 |      1 | 2006-02-14 22:04:36 | 2006-02-15 04:57:20 |
|          78 |        1 | LORI        | WOOD         | LORI.WOOD@sakilacustomer.org             |         82 |      1 | 2006-02-14 22:04:36 | 2006-02-15 04:57:20 |
|          79 |        1 | RACHEL      | BARNES       | RACHEL.BARNES@sakilacustomer.org         |         83 |      1 | 2006-02-14 22:04:36 | 2006-02-15 04:57:20 |
|          80 |        1 | MARILYN     | ROSS         | MARILYN.ROSS@sakilacustomer.org          |         84 |      1 | 2006-02-14 22:04:36 | 2006-02-15 04:57:20 |
|          81 |        1 | ANDREA      | HENDERSON    | ANDREA.HENDERSON@sakilacustomer.org      |         85 |      1 | 2006-02-14 22:04:36 | 2006-02-15 04:57:20 |
|          82 |        1 | KATHRYN     | COLEMAN      | KATHRYN.COLEMAN@sakilacustomer.org       |         86 |      1 | 2006-02-14 22:04:36 | 2006-02-15 04:57:20 |
|          83 |        1 | LOUISE      | JENKINS      | LOUISE.JENKINS@sakilacustomer.org        |         87 |      1 | 2006-02-14 22:04:36 | 2006-02-15 04:57:20 |
|          84 |        2 | SARA        | PERRY        | SARA.PERRY@sakilacustomer.org            |         88 |      1 | 2006-02-14 22:04:36 | 2006-02-15 04:57:20 |
|          85 |        2 | ANNE        | POWELL       | ANNE.POWELL@sakilacustomer.org           |         89 |      1 | 2006-02-14 22:04:36 | 2006-02-15 04:57:20 |
|          86 |        2 | JACQUELINE  | LONG         | JACQUELINE.LONG@sakilacustomer.org       |         90 |      1 | 2006-02-14 22:04:36 | 2006-02-15 04:57:20 |
|          87 |        1 | WANDA       | PATTERSON    | WANDA.PATTERSON@sakilacustomer.org       |         91 |      1 | 2006-02-14 22:04:36 | 2006-02-15 04:57:20 |
|          88 |        2 | BONNIE      | HUGHES       | BONNIE.HUGHES@sakilacustomer.org         |         92 |      1 | 2006-02-14 22:04:36 | 2006-02-15 04:57:20 |
|          89 |        1 | JULIA       | FLORES       | JULIA.FLORES@sakilacustomer.org          |         93 |      1 | 2006-02-14 22:04:36 | 2006-02-15 04:57:20 |
|          90 |        2 | RUBY        | WASHINGTON   | RUBY.WASHINGTON@sakilacustomer.org       |         94 |      1 | 2006-02-14 22:04:36 | 2006-02-15 04:57:20 |
|          91 |        2 | LOIS        | BUTLER       | LOIS.BUTLER@sakilacustomer.org           |         95 |      1 | 2006-02-14 22:04:36 | 2006-02-15 04:57:20 |
|          92 |        2 | TINA        | SIMMONS      | TINA.SIMMONS@sakilacustomer.org          |         96 |      1 | 2006-02-14 22:04:36 | 2006-02-15 04:57:20 |
|          93 |        1 | PHYLLIS     | FOSTER       | PHYLLIS.FOSTER@sakilacustomer.org        |         97 |      1 | 2006-02-14 22:04:36 | 2006-02-15 04:57:20 |
|          94 |        1 | NORMA       | GONZALES     | NORMA.GONZALES@sakilacustomer.org        |         98 |      1 | 2006-02-14 22:04:36 | 2006-02-15 04:57:20 |
|          95 |        2 | PAULA       | BRYANT       | PAULA.BRYANT@sakilacustomer.org          |         99 |      1 | 2006-02-14 22:04:36 | 2006-02-15 04:57:20 |
|          96 |        1 | DIANA       | ALEXANDER    | DIANA.ALEXANDER@sakilacustomer.org       |        100 |      1 | 2006-02-14 22:04:36 | 2006-02-15 04:57:20 |
|          97 |        2 | ANNIE       | RUSSELL      | ANNIE.RUSSELL@sakilacustomer.org         |        101 |      1 | 2006-02-14 22:04:36 | 2006-02-15 04:57:20 |
|          98 |        1 | LILLIAN     | GRIFFIN      | LILLIAN.GRIFFIN@sakilacustomer.org       |        102 |      1 | 2006-02-14 22:04:36 | 2006-02-15 04:57:20 |
|          99 |        2 | EMILY       | DIAZ         | EMILY.DIAZ@sakilacustomer.org            |        103 |      1 | 2006-02-14 22:04:36 | 2006-02-15 04:57:20 |
|         100 |        1 | ROBIN       | HAYES        | ROBIN.HAYES@sakilacustomer.org           |        104 |      1 | 2006-02-14 22:04:36 | 2006-02-15 04:57:20 |
|         101 |        1 | PEGGY       | MYERS        | PEGGY.MYERS@sakilacustomer.org           |        105 |      1 | 2006-02-14 22:04:36 | 2006-02-15 04:57:20 |
|         102 |        1 | CRYSTAL     | FORD         | CRYSTAL.FORD@sakilacustomer.org          |        106 |      1 | 2006-02-14 22:04:36 | 2006-02-15 04:57:20 |
|         103 |        1 | GLADYS      | HAMILTON     | GLADYS.HAMILTON@sakilacustomer.org       |        107 |      1 | 2006-02-14 22:04:36 | 2006-02-15 04:57:20 |
|         104 |        1 | RITA        | GRAHAM       | RITA.GRAHAM@sakilacustomer.org           |        108 |      1 | 2006-02-14 22:04:36 | 2006-02-15 04:57:20 |
|         105 |        1 | DAWN        | SULLIVAN     | DAWN.SULLIVAN@sakilacustomer.org         |        109 |      1 | 2006-02-14 22:04:36 | 2006-02-15 04:57:20 |
|         106 |        1 | CONNIE      | WALLACE      | CONNIE.WALLACE@sakilacustomer.org        |        110 |      1 | 2006-02-14 22:04:36 | 2006-02-15 04:57:20 |
|         107 |        1 | FLORENCE    | WOODS        | FLORENCE.WOODS@sakilacustomer.org        |        111 |      1 | 2006-02-14 22:04:36 | 2006-02-15 04:57:20 |
|         108 |        1 | TRACY       | COLE         | TRACY.COLE@sakilacustomer.org            |        112 |      1 | 2006-02-14 22:04:36 | 2006-02-15 04:57:20 |
|         109 |        2 | EDNA        | WEST         | EDNA.WEST@sakilacustomer.org             |        113 |      1 | 2006-02-14 22:04:36 | 2006-02-15 04:57:20 |
|         110 |        2 | TIFFANY     | JORDAN       | TIFFANY.JORDAN@sakilacustomer.org        |        114 |      1 | 2006-02-14 22:04:36 | 2006-02-15 04:57:20 |
|         111 |        1 | CARMEN      | OWENS        | CARMEN.OWENS@sakilacustomer.org          |        115 |      1 | 2006-02-14 22:04:36 | 2006-02-15 04:57:20 |
|         112 |        2 | ROSA        | REYNOLDS     | ROSA.REYNOLDS@sakilacustomer.org         |        116 |      1 | 2006-02-14 22:04:36 | 2006-02-15 04:57:20 |
|         113 |        2 | CINDY       | FISHER       | CINDY.FISHER@sakilacustomer.org          |        117 |      1 | 2006-02-14 22:04:36 | 2006-02-15 04:57:20 |
|         114 |        2 | GRACE       | ELLIS        | GRACE.ELLIS@sakilacustomer.org           |        118 |      1 | 2006-02-14 22:04:36 | 2006-02-15 04:57:20 |
|         115 |        1 | WENDY       | HARRISON     | WENDY.HARRISON@sakilacustomer.org        |        119 |      1 | 2006-02-14 22:04:36 | 2006-02-15 04:57:20 |
|         116 |        1 | VICTORIA    | GIBSON       | VICTORIA.GIBSON@sakilacustomer.org       |        120 |      1 | 2006-02-14 22:04:36 | 2006-02-15 04:57:20 |
|         117 |        1 | EDITH       | MCDONALD     | EDITH.MCDONALD@sakilacustomer.org        |        121 |      1 | 2006-02-14 22:04:36 | 2006-02-15 04:57:20 |
|         118 |        1 | KIM         | CRUZ         | KIM.CRUZ@sakilacustomer.org              |        122 |      1 | 2006-02-14 22:04:36 | 2006-02-15 04:57:20 |
|         119 |        1 | SHERRY      | MARSHALL     | SHERRY.MARSHALL@sakilacustomer.org       |        123 |      1 | 2006-02-14 22:04:36 | 2006-02-15 04:57:20 |
|         120 |        2 | SYLVIA      | ORTIZ        | SYLVIA.ORTIZ@sakilacustomer.org          |        124 |      1 | 2006-02-14 22:04:36 | 2006-02-15 04:57:20 |
|         121 |        1 | JOSEPHINE   | GOMEZ        | JOSEPHINE.GOMEZ@sakilacustomer.org       |        125 |      1 | 2006-02-14 22:04:36 | 2006-02-15 04:57:20 |
|         122 |        1 | THELMA      | MURRAY       | THELMA.MURRAY@sakilacustomer.org         |        126 |      1 | 2006-02-14 22:04:36 | 2006-02-15 04:57:20 |
|         123 |        2 | SHANNON     | FREEMAN      | SHANNON.FREEMAN@sakilacustomer.org       |        127 |      1 | 2006-02-14 22:04:36 | 2006-02-15 04:57:20 |
|         124 |        1 | SHEILA      | WELLS        | SHEILA.WELLS@sakilacustomer.org          |        128 |      0 | 2006-02-14 22:04:36 | 2006-02-15 04:57:20 |
|         125 |        1 | ETHEL       | WEBB         | ETHEL.WEBB@sakilacustomer.org            |        129 |      1 | 2006-02-14 22:04:36 | 2006-02-15 04:57:20 |
|         126 |        1 | ELLEN       | SIMPSON      | ELLEN.SIMPSON@sakilacustomer.org         |        130 |      1 | 2006-02-14 22:04:36 | 2006-02-15 04:57:20 |
|         127 |        2 | ELAINE      | STEVENS      | ELAINE.STEVENS@sakilacustomer.org        |        131 |      1 | 2006-02-14 22:04:36 | 2006-02-15 04:57:20 |
|         128 |        1 | MARJORIE    | TUCKER       | MARJORIE.TUCKER@sakilacustomer.org       |        132 |      1 | 2006-02-14 22:04:36 | 2006-02-15 04:57:20 |
|         129 |        1 | CARRIE      | PORTER       | CARRIE.PORTER@sakilacustomer.org         |        133 |      1 | 2006-02-14 22:04:36 | 2006-02-15 04:57:20 |
|         130 |        1 | CHARLOTTE   | HUNTER       | CHARLOTTE.HUNTER@sakilacustomer.org      |        134 |      1 | 2006-02-14 22:04:36 | 2006-02-15 04:57:20 |
|         131 |        2 | MONICA      | HICKS        | MONICA.HICKS@sakilacustomer.org          |        135 |      1 | 2006-02-14 22:04:36 | 2006-02-15 04:57:20 |
|         132 |        2 | ESTHER      | CRAWFORD     | ESTHER.CRAWFORD@sakilacustomer.org       |        136 |      1 | 2006-02-14 22:04:36 | 2006-02-15 04:57:20 |
|         133 |        1 | PAULINE     | HENRY        | PAULINE.HENRY@sakilacustomer.org         |        137 |      1 | 2006-02-14 22:04:36 | 2006-02-15 04:57:20 |
|         134 |        1 | EMMA        | BOYD         | EMMA.BOYD@sakilacustomer.org             |        138 |      1 | 2006-02-14 22:04:36 | 2006-02-15 04:57:20 |
|         135 |        2 | JUANITA     | MASON        | JUANITA.MASON@sakilacustomer.org         |        139 |      1 | 2006-02-14 22:04:36 | 2006-02-15 04:57:20 |
|         136 |        2 | ANITA       | MORALES      | ANITA.MORALES@sakilacustomer.org         |        140 |      1 | 2006-02-14 22:04:36 | 2006-02-15 04:57:20 |
|         137 |        2 | RHONDA      | KENNEDY      | RHONDA.KENNEDY@sakilacustomer.org        |        141 |      1 | 2006-02-14 22:04:36 | 2006-02-15 04:57:20 |
|         138 |        1 | HAZEL       | WARREN       | HAZEL.WARREN@sakilacustomer.org          |        142 |      1 | 2006-02-14 22:04:36 | 2006-02-15 04:57:20 |
|         139 |        1 | AMBER       | DIXON        | AMBER.DIXON@sakilacustomer.org           |        143 |      1 | 2006-02-14 22:04:36 | 2006-02-15 04:57:20 |
|         140 |        1 | EVA         | RAMOS        | EVA.RAMOS@sakilacustomer.org             |        144 |      1 | 2006-02-14 22:04:36 | 2006-02-15 04:57:20 |
|         141 |        1 | DEBBIE      | REYES        | DEBBIE.REYES@sakilacustomer.org          |        145 |      1 | 2006-02-14 22:04:36 | 2006-02-15 04:57:20 |
|         142 |        1 | APRIL       | BURNS        | APRIL.BURNS@sakilacustomer.org           |        146 |      1 | 2006-02-14 22:04:36 | 2006-02-15 04:57:20 |
|         143 |        1 | LESLIE      | GORDON       | LESLIE.GORDON@sakilacustomer.org         |        147 |      1 | 2006-02-14 22:04:36 | 2006-02-15 04:57:20 |
|         144 |        1 | CLARA       | SHAW         | CLARA.SHAW@sakilacustomer.org            |        148 |      1 | 2006-02-14 22:04:36 | 2006-02-15 04:57:20 |
|         145 |        1 | LUCILLE     | HOLMES       | LUCILLE.HOLMES@sakilacustomer.org        |        149 |      1 | 2006-02-14 22:04:36 | 2006-02-15 04:57:20 |
|         146 |        1 | JAMIE       | RICE         | JAMIE.RICE@sakilacustomer.org            |        150 |      1 | 2006-02-14 22:04:36 | 2006-02-15 04:57:20 |
|         147 |        2 | JOANNE      | ROBERTSON    | JOANNE.ROBERTSON@sakilacustomer.org      |        151 |      1 | 2006-02-14 22:04:36 | 2006-02-15 04:57:20 |
|         148 |        1 | ELEANOR     | HUNT         | ELEANOR.HUNT@sakilacustomer.org          |        152 |      1 | 2006-02-14 22:04:36 | 2006-02-15 04:57:20 |
|         149 |        1 | VALERIE     | BLACK        | VALERIE.BLACK@sakilacustomer.org         |        153 |      1 | 2006-02-14 22:04:36 | 2006-02-15 04:57:20 |
|         150 |        2 | DANIELLE    | DANIELS      | DANIELLE.DANIELS@sakilacustomer.org      |        154 |      1 | 2006-02-14 22:04:36 | 2006-02-15 04:57:20 |
|         151 |        2 | MEGAN       | PALMER       | MEGAN.PALMER@sakilacustomer.org          |        155 |      1 | 2006-02-14 22:04:36 | 2006-02-15 04:57:20 |
|         152 |        1 | ALICIA      | MILLS        | ALICIA.MILLS@sakilacustomer.org          |        156 |      1 | 2006-02-14 22:04:36 | 2006-02-15 04:57:20 |
|         153 |        2 | SUZANNE     | NICHOLS      | SUZANNE.NICHOLS@sakilacustomer.org       |        157 |      1 | 2006-02-14 22:04:36 | 2006-02-15 04:57:20 |
|         154 |        2 | MICHELE     | GRANT        | MICHELE.GRANT@sakilacustomer.org         |        158 |      1 | 2006-02-14 22:04:36 | 2006-02-15 04:57:20 |
|         155 |        1 | GAIL        | KNIGHT       | GAIL.KNIGHT@sakilacustomer.org           |        159 |      1 | 2006-02-14 22:04:36 | 2006-02-15 04:57:20 |
|         156 |        1 | BERTHA      | FERGUSON     | BERTHA.FERGUSON@sakilacustomer.org       |        160 |      1 | 2006-02-14 22:04:36 | 2006-02-15 04:57:20 |
|         157 |        2 | DARLENE     | ROSE         | DARLENE.ROSE@sakilacustomer.org          |        161 |      1 | 2006-02-14 22:04:36 | 2006-02-15 04:57:20 |
|         158 |        1 | VERONICA    | STONE        | VERONICA.STONE@sakilacustomer.org        |        162 |      1 | 2006-02-14 22:04:36 | 2006-02-15 04:57:20 |
|         159 |        1 | JILL        | HAWKINS      | JILL.HAWKINS@sakilacustomer.org          |        163 |      1 | 2006-02-14 22:04:36 | 2006-02-15 04:57:20 |
|         160 |        2 | ERIN        | DUNN         | ERIN.DUNN@sakilacustomer.org             |        164 |      1 | 2006-02-14 22:04:36 | 2006-02-15 04:57:20 |
|         161 |        1 | GERALDINE   | PERKINS      | GERALDINE.PERKINS@sakilacustomer.org     |        165 |      1 | 2006-02-14 22:04:36 | 2006-02-15 04:57:20 |
|         162 |        2 | LAUREN      | HUDSON       | LAUREN.HUDSON@sakilacustomer.org         |        166 |      1 | 2006-02-14 22:04:36 | 2006-02-15 04:57:20 |
|         163 |        1 | CATHY       | SPENCER      | CATHY.SPENCER@sakilacustomer.org         |        167 |      1 | 2006-02-14 22:04:36 | 2006-02-15 04:57:20 |
|         164 |        2 | JOANN       | GARDNER      | JOANN.GARDNER@sakilacustomer.org         |        168 |      1 | 2006-02-14 22:04:36 | 2006-02-15 04:57:20 |
|         165 |        2 | LORRAINE    | STEPHENS     | LORRAINE.STEPHENS@sakilacustomer.org     |        169 |      1 | 2006-02-14 22:04:36 | 2006-02-15 04:57:20 |
|         166 |        1 | LYNN        | PAYNE        | LYNN.PAYNE@sakilacustomer.org            |        170 |      1 | 2006-02-14 22:04:36 | 2006-02-15 04:57:20 |
|         167 |        2 | SALLY       | PIERCE       | SALLY.PIERCE@sakilacustomer.org          |        171 |      1 | 2006-02-14 22:04:36 | 2006-02-15 04:57:20 |
|         168 |        1 | REGINA      | BERRY        | REGINA.BERRY@sakilacustomer.org          |        172 |      1 | 2006-02-14 22:04:36 | 2006-02-15 04:57:20 |
|         169 |        2 | ERICA       | MATTHEWS     | ERICA.MATTHEWS@sakilacustomer.org        |        173 |      0 | 2006-02-14 22:04:36 | 2006-02-15 04:57:20 |
|         170 |        1 | BEATRICE    | ARNOLD       | BEATRICE.ARNOLD@sakilacustomer.org       |        174 |      1 | 2006-02-14 22:04:36 | 2006-02-15 04:57:20 |
|         171 |        2 | DOLORES     | WAGNER       | DOLORES.WAGNER@sakilacustomer.org        |        175 |      1 | 2006-02-14 22:04:36 | 2006-02-15 04:57:20 |
|         172 |        1 | BERNICE     | WILLIS       | BERNICE.WILLIS@sakilacustomer.org        |        176 |      1 | 2006-02-14 22:04:36 | 2006-02-15 04:57:20 |
|         173 |        1 | AUDREY      | RAY          | AUDREY.RAY@sakilacustomer.org            |        177 |      1 | 2006-02-14 22:04:36 | 2006-02-15 04:57:20 |
|         174 |        2 | YVONNE      | WATKINS      | YVONNE.WATKINS@sakilacustomer.org        |        178 |      1 | 2006-02-14 22:04:36 | 2006-02-15 04:57:20 |
|         175 |        1 | ANNETTE     | OLSON        | ANNETTE.OLSON@sakilacustomer.org         |        179 |      1 | 2006-02-14 22:04:36 | 2006-02-15 04:57:20 |
|         176 |        1 | JUNE        | CARROLL      | JUNE.CARROLL@sakilacustomer.org          |        180 |      1 | 2006-02-14 22:04:36 | 2006-02-15 04:57:20 |
|         177 |        2 | SAMANTHA    | DUNCAN       | SAMANTHA.DUNCAN@sakilacustomer.org       |        181 |      1 | 2006-02-14 22:04:36 | 2006-02-15 04:57:20 |
|         178 |        2 | MARION      | SNYDER       | MARION.SNYDER@sakilacustomer.org         |        182 |      1 | 2006-02-14 22:04:36 | 2006-02-15 04:57:20 |
|         179 |        1 | DANA        | HART         | DANA.HART@sakilacustomer.org             |        183 |      1 | 2006-02-14 22:04:36 | 2006-02-15 04:57:20 |
|         180 |        2 | STACY       | CUNNINGHAM   | STACY.CUNNINGHAM@sakilacustomer.org      |        184 |      1 | 2006-02-14 22:04:36 | 2006-02-15 04:57:20 |
|         181 |        2 | ANA         | BRADLEY      | ANA.BRADLEY@sakilacustomer.org           |        185 |      1 | 2006-02-14 22:04:36 | 2006-02-15 04:57:20 |
|         182 |        1 | RENEE       | LANE         | RENEE.LANE@sakilacustomer.org            |        186 |      1 | 2006-02-14 22:04:36 | 2006-02-15 04:57:20 |
|         183 |        2 | IDA         | ANDREWS      | IDA.ANDREWS@sakilacustomer.org           |        187 |      1 | 2006-02-14 22:04:36 | 2006-02-15 04:57:20 |
|         184 |        1 | VIVIAN      | RUIZ         | VIVIAN.RUIZ@sakilacustomer.org           |        188 |      1 | 2006-02-14 22:04:36 | 2006-02-15 04:57:20 |
|         185 |        1 | ROBERTA     | HARPER       | ROBERTA.HARPER@sakilacustomer.org        |        189 |      1 | 2006-02-14 22:04:36 | 2006-02-15 04:57:20 |
|         186 |        2 | HOLLY       | FOX          | HOLLY.FOX@sakilacustomer.org             |        190 |      1 | 2006-02-14 22:04:36 | 2006-02-15 04:57:20 |
|         187 |        2 | BRITTANY    | RILEY        | BRITTANY.RILEY@sakilacustomer.org        |        191 |      1 | 2006-02-14 22:04:36 | 2006-02-15 04:57:20 |
|         188 |        1 | MELANIE     | ARMSTRONG    | MELANIE.ARMSTRONG@sakilacustomer.org     |        192 |      1 | 2006-02-14 22:04:36 | 2006-02-15 04:57:20 |
|         189 |        1 | LORETTA     | CARPENTER    | LORETTA.CARPENTER@sakilacustomer.org     |        193 |      1 | 2006-02-14 22:04:36 | 2006-02-15 04:57:20 |
|         190 |        2 | YOLANDA     | WEAVER       | YOLANDA.WEAVER@sakilacustomer.org        |        194 |      1 | 2006-02-14 22:04:36 | 2006-02-15 04:57:20 |
|         191 |        1 | JEANETTE    | GREENE       | JEANETTE.GREENE@sakilacustomer.org       |        195 |      1 | 2006-02-14 22:04:36 | 2006-02-15 04:57:20 |
|         192 |        1 | LAURIE      | LAWRENCE     | LAURIE.LAWRENCE@sakilacustomer.org       |        196 |      1 | 2006-02-14 22:04:36 | 2006-02-15 04:57:20 |
|         193 |        2 | KATIE       | ELLIOTT      | KATIE.ELLIOTT@sakilacustomer.org         |        197 |      1 | 2006-02-14 22:04:36 | 2006-02-15 04:57:20 |
|         194 |        2 | KRISTEN     | CHAVEZ       | KRISTEN.CHAVEZ@sakilacustomer.org        |        198 |      1 | 2006-02-14 22:04:36 | 2006-02-15 04:57:20 |
|         195 |        1 | VANESSA     | SIMS         | VANESSA.SIMS@sakilacustomer.org          |        199 |      1 | 2006-02-14 22:04:36 | 2006-02-15 04:57:20 |
|         196 |        1 | ALMA        | AUSTIN       | ALMA.AUSTIN@sakilacustomer.org           |        200 |      1 | 2006-02-14 22:04:36 | 2006-02-15 04:57:20 |
|         197 |        2 | SUE         | PETERS       | SUE.PETERS@sakilacustomer.org            |        201 |      1 | 2006-02-14 22:04:36 | 2006-02-15 04:57:20 |
|         198 |        2 | ELSIE       | KELLEY       | ELSIE.KELLEY@sakilacustomer.org          |        202 |      1 | 2006-02-14 22:04:36 | 2006-02-15 04:57:20 |
|         199 |        2 | BETH        | FRANKLIN     | BETH.FRANKLIN@sakilacustomer.org         |        203 |      1 | 2006-02-14 22:04:36 | 2006-02-15 04:57:20 |
|         200 |        2 | JEANNE      | LAWSON       | JEANNE.LAWSON@sakilacustomer.org         |        204 |      1 | 2006-02-14 22:04:36 | 2006-02-15 04:57:20 |
|         201 |        1 | VICKI       | FIELDS       | VICKI.FIELDS@sakilacustomer.org          |        205 |      1 | 2006-02-14 22:04:36 | 2006-02-15 04:57:20 |
|         202 |        2 | CARLA       | GUTIERREZ    | CARLA.GUTIERREZ@sakilacustomer.org       |        206 |      1 | 2006-02-14 22:04:36 | 2006-02-15 04:57:20 |
|         203 |        1 | TARA        | RYAN         | TARA.RYAN@sakilacustomer.org             |        207 |      1 | 2006-02-14 22:04:36 | 2006-02-15 04:57:20 |
|         204 |        1 | ROSEMARY    | SCHMIDT      | ROSEMARY.SCHMIDT@sakilacustomer.org      |        208 |      1 | 2006-02-14 22:04:36 | 2006-02-15 04:57:20 |
|         205 |        2 | EILEEN      | CARR         | EILEEN.CARR@sakilacustomer.org           |        209 |      1 | 2006-02-14 22:04:36 | 2006-02-15 04:57:20 |
|         206 |        1 | TERRI       | VASQUEZ      | TERRI.VASQUEZ@sakilacustomer.org         |        210 |      1 | 2006-02-14 22:04:36 | 2006-02-15 04:57:20 |
|         207 |        1 | GERTRUDE    | CASTILLO     | GERTRUDE.CASTILLO@sakilacustomer.org     |        211 |      1 | 2006-02-14 22:04:36 | 2006-02-15 04:57:20 |
|         208 |        1 | LUCY        | WHEELER      | LUCY.WHEELER@sakilacustomer.org          |        212 |      1 | 2006-02-14 22:04:36 | 2006-02-15 04:57:20 |
|         209 |        2 | TONYA       | CHAPMAN      | TONYA.CHAPMAN@sakilacustomer.org         |        213 |      1 | 2006-02-14 22:04:36 | 2006-02-15 04:57:20 |
|         210 |        2 | ELLA        | OLIVER       | ELLA.OLIVER@sakilacustomer.org           |        214 |      1 | 2006-02-14 22:04:36 | 2006-02-15 04:57:20 |
|         211 |        1 | STACEY      | MONTGOMERY   | STACEY.MONTGOMERY@sakilacustomer.org     |        215 |      1 | 2006-02-14 22:04:36 | 2006-02-15 04:57:20 |
|         212 |        2 | WILMA       | RICHARDS     | WILMA.RICHARDS@sakilacustomer.org        |        216 |      1 | 2006-02-14 22:04:36 | 2006-02-15 04:57:20 |
|         213 |        1 | GINA        | WILLIAMSON   | GINA.WILLIAMSON@sakilacustomer.org       |        217 |      1 | 2006-02-14 22:04:36 | 2006-02-15 04:57:20 |
|         214 |        1 | KRISTIN     | JOHNSTON     | KRISTIN.JOHNSTON@sakilacustomer.org      |        218 |      1 | 2006-02-14 22:04:36 | 2006-02-15 04:57:20 |
|         215 |        2 | JESSIE      | BANKS        | JESSIE.BANKS@sakilacustomer.org          |        219 |      1 | 2006-02-14 22:04:36 | 2006-02-15 04:57:20 |
|         216 |        1 | NATALIE     | MEYER        | NATALIE.MEYER@sakilacustomer.org         |        220 |      1 | 2006-02-14 22:04:36 | 2006-02-15 04:57:20 |
|         217 |        2 | AGNES       | BISHOP       | AGNES.BISHOP@sakilacustomer.org          |        221 |      1 | 2006-02-14 22:04:36 | 2006-02-15 04:57:20 |
|         218 |        1 | VERA        | MCCOY        | VERA.MCCOY@sakilacustomer.org            |        222 |      1 | 2006-02-14 22:04:36 | 2006-02-15 04:57:20 |
|         219 |        2 | WILLIE      | HOWELL       | WILLIE.HOWELL@sakilacustomer.org         |        223 |      1 | 2006-02-14 22:04:36 | 2006-02-15 04:57:20 |
|         220 |        2 | CHARLENE    | ALVAREZ      | CHARLENE.ALVAREZ@sakilacustomer.org      |        224 |      1 | 2006-02-14 22:04:36 | 2006-02-15 04:57:20 |
|         221 |        1 | BESSIE      | MORRISON     | BESSIE.MORRISON@sakilacustomer.org       |        225 |      1 | 2006-02-14 22:04:36 | 2006-02-15 04:57:20 |
|         222 |        2 | DELORES     | HANSEN       | DELORES.HANSEN@sakilacustomer.org        |        226 |      1 | 2006-02-14 22:04:36 | 2006-02-15 04:57:20 |
|         223 |        1 | MELINDA     | FERNANDEZ    | MELINDA.FERNANDEZ@sakilacustomer.org     |        227 |      1 | 2006-02-14 22:04:36 | 2006-02-15 04:57:20 |
|         224 |        2 | PEARL       | GARZA        | PEARL.GARZA@sakilacustomer.org           |        228 |      1 | 2006-02-14 22:04:36 | 2006-02-15 04:57:20 |
|         225 |        1 | ARLENE      | HARVEY       | ARLENE.HARVEY@sakilacustomer.org         |        229 |      1 | 2006-02-14 22:04:36 | 2006-02-15 04:57:20 |
|         226 |        2 | MAUREEN     | LITTLE       | MAUREEN.LITTLE@sakilacustomer.org        |        230 |      1 | 2006-02-14 22:04:36 | 2006-02-15 04:57:20 |
|         227 |        1 | COLLEEN     | BURTON       | COLLEEN.BURTON@sakilacustomer.org        |        231 |      1 | 2006-02-14 22:04:36 | 2006-02-15 04:57:20 |
|         228 |        2 | ALLISON     | STANLEY      | ALLISON.STANLEY@sakilacustomer.org       |        232 |      1 | 2006-02-14 22:04:36 | 2006-02-15 04:57:20 |
|         229 |        1 | TAMARA      | NGUYEN       | TAMARA.NGUYEN@sakilacustomer.org         |        233 |      1 | 2006-02-14 22:04:36 | 2006-02-15 04:57:20 |
|         230 |        2 | JOY         | GEORGE       | JOY.GEORGE@sakilacustomer.org            |        234 |      1 | 2006-02-14 22:04:36 | 2006-02-15 04:57:20 |
|         231 |        1 | GEORGIA     | JACOBS       | GEORGIA.JACOBS@sakilacustomer.org        |        235 |      1 | 2006-02-14 22:04:36 | 2006-02-15 04:57:20 |
|         232 |        2 | CONSTANCE   | REID         | CONSTANCE.REID@sakilacustomer.org        |        236 |      1 | 2006-02-14 22:04:36 | 2006-02-15 04:57:20 |
|         233 |        2 | LILLIE      | KIM          | LILLIE.KIM@sakilacustomer.org            |        237 |      1 | 2006-02-14 22:04:36 | 2006-02-15 04:57:20 |
|         234 |        1 | CLAUDIA     | FULLER       | CLAUDIA.FULLER@sakilacustomer.org        |        238 |      1 | 2006-02-14 22:04:36 | 2006-02-15 04:57:20 |
|         235 |        1 | JACKIE      | LYNCH        | JACKIE.LYNCH@sakilacustomer.org          |        239 |      1 | 2006-02-14 22:04:36 | 2006-02-15 04:57:20 |
|         236 |        1 | MARCIA      | DEAN         | MARCIA.DEAN@sakilacustomer.org           |        240 |      1 | 2006-02-14 22:04:36 | 2006-02-15 04:57:20 |
|         237 |        1 | TANYA       | GILBERT      | TANYA.GILBERT@sakilacustomer.org         |        241 |      1 | 2006-02-14 22:04:36 | 2006-02-15 04:57:20 |
|         238 |        1 | NELLIE      | GARRETT      | NELLIE.GARRETT@sakilacustomer.org        |        242 |      1 | 2006-02-14 22:04:36 | 2006-02-15 04:57:20 |
|         239 |        2 | MINNIE      | ROMERO       | MINNIE.ROMERO@sakilacustomer.org         |        243 |      1 | 2006-02-14 22:04:36 | 2006-02-15 04:57:20 |
|         240 |        1 | MARLENE     | WELCH        | MARLENE.WELCH@sakilacustomer.org         |        244 |      1 | 2006-02-14 22:04:36 | 2006-02-15 04:57:20 |
|         241 |        2 | HEIDI       | LARSON       | HEIDI.LARSON@sakilacustomer.org          |        245 |      0 | 2006-02-14 22:04:36 | 2006-02-15 04:57:20 |
|         242 |        1 | GLENDA      | FRAZIER      | GLENDA.FRAZIER@sakilacustomer.org        |        246 |      1 | 2006-02-14 22:04:36 | 2006-02-15 04:57:20 |
|         243 |        1 | LYDIA       | BURKE        | LYDIA.BURKE@sakilacustomer.org           |        247 |      1 | 2006-02-14 22:04:36 | 2006-02-15 04:57:20 |
|         244 |        2 | VIOLA       | HANSON       | VIOLA.HANSON@sakilacustomer.org          |        248 |      1 | 2006-02-14 22:04:36 | 2006-02-15 04:57:20 |
|         245 |        1 | COURTNEY    | DAY          | COURTNEY.DAY@sakilacustomer.org          |        249 |      1 | 2006-02-14 22:04:36 | 2006-02-15 04:57:20 |
|         246 |        1 | MARIAN      | MENDOZA      | MARIAN.MENDOZA@sakilacustomer.org        |        250 |      1 | 2006-02-14 22:04:36 | 2006-02-15 04:57:20 |
|         247 |        1 | STELLA      | MORENO       | STELLA.MORENO@sakilacustomer.org         |        251 |      1 | 2006-02-14 22:04:36 | 2006-02-15 04:57:20 |
|         248 |        1 | CAROLINE    | BOWMAN       | CAROLINE.BOWMAN@sakilacustomer.org       |        252 |      1 | 2006-02-14 22:04:36 | 2006-02-15 04:57:20 |
|         249 |        2 | DORA        | MEDINA       | DORA.MEDINA@sakilacustomer.org           |        253 |      1 | 2006-02-14 22:04:36 | 2006-02-15 04:57:20 |
|         250 |        2 | JO          | FOWLER       | JO.FOWLER@sakilacustomer.org             |        254 |      1 | 2006-02-14 22:04:36 | 2006-02-15 04:57:20 |
|         251 |        2 | VICKIE      | BREWER       | VICKIE.BREWER@sakilacustomer.org         |        255 |      1 | 2006-02-14 22:04:36 | 2006-02-15 04:57:20 |
|         252 |        2 | MATTIE      | HOFFMAN      | MATTIE.HOFFMAN@sakilacustomer.org        |        256 |      1 | 2006-02-14 22:04:36 | 2006-02-15 04:57:20 |
|         253 |        1 | TERRY       | CARLSON      | TERRY.CARLSON@sakilacustomer.org         |        258 |      1 | 2006-02-14 22:04:36 | 2006-02-15 04:57:20 |
|         254 |        2 | MAXINE      | SILVA        | MAXINE.SILVA@sakilacustomer.org          |        259 |      1 | 2006-02-14 22:04:36 | 2006-02-15 04:57:20 |
|         255 |        2 | IRMA        | PEARSON      | IRMA.PEARSON@sakilacustomer.org          |        260 |      1 | 2006-02-14 22:04:36 | 2006-02-15 04:57:20 |
|         256 |        2 | MABEL       | HOLLAND      | MABEL.HOLLAND@sakilacustomer.org         |        261 |      1 | 2006-02-14 22:04:36 | 2006-02-15 04:57:20 |
|         257 |        2 | MARSHA      | DOUGLAS      | MARSHA.DOUGLAS@sakilacustomer.org        |        262 |      1 | 2006-02-14 22:04:36 | 2006-02-15 04:57:20 |
|         258 |        1 | MYRTLE      | FLEMING      | MYRTLE.FLEMING@sakilacustomer.org        |        263 |      1 | 2006-02-14 22:04:36 | 2006-02-15 04:57:20 |
|         259 |        2 | LENA        | JENSEN       | LENA.JENSEN@sakilacustomer.org           |        264 |      1 | 2006-02-14 22:04:36 | 2006-02-15 04:57:20 |
|         260 |        1 | CHRISTY     | VARGAS       | CHRISTY.VARGAS@sakilacustomer.org        |        265 |      1 | 2006-02-14 22:04:36 | 2006-02-15 04:57:20 |
|         261 |        1 | DEANNA      | BYRD         | DEANNA.BYRD@sakilacustomer.org           |        266 |      1 | 2006-02-14 22:04:36 | 2006-02-15 04:57:20 |
|         262 |        2 | PATSY       | DAVIDSON     | PATSY.DAVIDSON@sakilacustomer.org        |        267 |      1 | 2006-02-14 22:04:36 | 2006-02-15 04:57:20 |
|         263 |        1 | HILDA       | HOPKINS      | HILDA.HOPKINS@sakilacustomer.org         |        268 |      1 | 2006-02-14 22:04:36 | 2006-02-15 04:57:20 |
|         264 |        1 | GWENDOLYN   | MAY          | GWENDOLYN.MAY@sakilacustomer.org         |        269 |      1 | 2006-02-14 22:04:36 | 2006-02-15 04:57:20 |
|         265 |        2 | JENNIE      | TERRY        | JENNIE.TERRY@sakilacustomer.org          |        270 |      1 | 2006-02-14 22:04:36 | 2006-02-15 04:57:20 |
|         266 |        2 | NORA        | HERRERA      | NORA.HERRERA@sakilacustomer.org          |        271 |      1 | 2006-02-14 22:04:36 | 2006-02-15 04:57:20 |
|         267 |        1 | MARGIE      | WADE         | MARGIE.WADE@sakilacustomer.org           |        272 |      1 | 2006-02-14 22:04:36 | 2006-02-15 04:57:20 |
|         268 |        1 | NINA        | SOTO         | NINA.SOTO@sakilacustomer.org             |        273 |      1 | 2006-02-14 22:04:36 | 2006-02-15 04:57:20 |
|         269 |        1 | CASSANDRA   | WALTERS      | CASSANDRA.WALTERS@sakilacustomer.org     |        274 |      1 | 2006-02-14 22:04:36 | 2006-02-15 04:57:20 |
|         270 |        1 | LEAH        | CURTIS       | LEAH.CURTIS@sakilacustomer.org           |        275 |      1 | 2006-02-14 22:04:36 | 2006-02-15 04:57:20 |
|         271 |        1 | PENNY       | NEAL         | PENNY.NEAL@sakilacustomer.org            |        276 |      0 | 2006-02-14 22:04:36 | 2006-02-15 04:57:20 |
|         272 |        1 | KAY         | CALDWELL     | KAY.CALDWELL@sakilacustomer.org          |        277 |      1 | 2006-02-14 22:04:37 | 2006-02-15 04:57:20 |
|         273 |        2 | PRISCILLA   | LOWE         | PRISCILLA.LOWE@sakilacustomer.org        |        278 |      1 | 2006-02-14 22:04:37 | 2006-02-15 04:57:20 |
|         274 |        1 | NAOMI       | JENNINGS     | NAOMI.JENNINGS@sakilacustomer.org        |        279 |      1 | 2006-02-14 22:04:37 | 2006-02-15 04:57:20 |
|         275 |        2 | CAROLE      | BARNETT      | CAROLE.BARNETT@sakilacustomer.org        |        280 |      1 | 2006-02-14 22:04:37 | 2006-02-15 04:57:20 |
|         276 |        1 | BRANDY      | GRAVES       | BRANDY.GRAVES@sakilacustomer.org         |        281 |      1 | 2006-02-14 22:04:37 | 2006-02-15 04:57:20 |
|         277 |        2 | OLGA        | JIMENEZ      | OLGA.JIMENEZ@sakilacustomer.org          |        282 |      1 | 2006-02-14 22:04:37 | 2006-02-15 04:57:20 |
|         278 |        2 | BILLIE      | HORTON       | BILLIE.HORTON@sakilacustomer.org         |        283 |      1 | 2006-02-14 22:04:37 | 2006-02-15 04:57:20 |
|         279 |        2 | DIANNE      | SHELTON      | DIANNE.SHELTON@sakilacustomer.org        |        284 |      1 | 2006-02-14 22:04:37 | 2006-02-15 04:57:20 |
|         280 |        2 | TRACEY      | BARRETT      | TRACEY.BARRETT@sakilacustomer.org        |        285 |      1 | 2006-02-14 22:04:37 | 2006-02-15 04:57:20 |
|         281 |        2 | LEONA       | OBRIEN       | LEONA.OBRIEN@sakilacustomer.org          |        286 |      1 | 2006-02-14 22:04:37 | 2006-02-15 04:57:20 |
|         282 |        2 | JENNY       | CASTRO       | JENNY.CASTRO@sakilacustomer.org          |        287 |      1 | 2006-02-14 22:04:37 | 2006-02-15 04:57:20 |
|         283 |        1 | FELICIA     | SUTTON       | FELICIA.SUTTON@sakilacustomer.org        |        288 |      1 | 2006-02-14 22:04:37 | 2006-02-15 04:57:20 |
|         284 |        1 | SONIA       | GREGORY      | SONIA.GREGORY@sakilacustomer.org         |        289 |      1 | 2006-02-14 22:04:37 | 2006-02-15 04:57:20 |
|         285 |        1 | MIRIAM      | MCKINNEY     | MIRIAM.MCKINNEY@sakilacustomer.org       |        290 |      1 | 2006-02-14 22:04:37 | 2006-02-15 04:57:20 |
|         286 |        1 | VELMA       | LUCAS        | VELMA.LUCAS@sakilacustomer.org           |        291 |      1 | 2006-02-14 22:04:37 | 2006-02-15 04:57:20 |
|         287 |        2 | BECKY       | MILES        | BECKY.MILES@sakilacustomer.org           |        292 |      1 | 2006-02-14 22:04:37 | 2006-02-15 04:57:20 |
|         288 |        1 | BOBBIE      | CRAIG        | BOBBIE.CRAIG@sakilacustomer.org          |        293 |      1 | 2006-02-14 22:04:37 | 2006-02-15 04:57:20 |
|         289 |        1 | VIOLET      | RODRIQUEZ    | VIOLET.RODRIQUEZ@sakilacustomer.org      |        294 |      1 | 2006-02-14 22:04:37 | 2006-02-15 04:57:20 |
|         290 |        1 | KRISTINA    | CHAMBERS     | KRISTINA.CHAMBERS@sakilacustomer.org     |        295 |      1 | 2006-02-14 22:04:37 | 2006-02-15 04:57:20 |
|         291 |        1 | TONI        | HOLT         | TONI.HOLT@sakilacustomer.org             |        296 |      1 | 2006-02-14 22:04:37 | 2006-02-15 04:57:20 |
|         292 |        2 | MISTY       | LAMBERT      | MISTY.LAMBERT@sakilacustomer.org         |        297 |      1 | 2006-02-14 22:04:37 | 2006-02-15 04:57:20 |
|         293 |        2 | MAE         | FLETCHER     | MAE.FLETCHER@sakilacustomer.org          |        298 |      1 | 2006-02-14 22:04:37 | 2006-02-15 04:57:20 |
|         294 |        2 | SHELLY      | WATTS        | SHELLY.WATTS@sakilacustomer.org          |        299 |      1 | 2006-02-14 22:04:37 | 2006-02-15 04:57:20 |
|         295 |        1 | DAISY       | BATES        | DAISY.BATES@sakilacustomer.org           |        300 |      1 | 2006-02-14 22:04:37 | 2006-02-15 04:57:20 |
|         296 |        2 | RAMONA      | HALE         | RAMONA.HALE@sakilacustomer.org           |        301 |      1 | 2006-02-14 22:04:37 | 2006-02-15 04:57:20 |
|         297 |        1 | SHERRI      | RHODES       | SHERRI.RHODES@sakilacustomer.org         |        302 |      1 | 2006-02-14 22:04:37 | 2006-02-15 04:57:20 |
|         298 |        1 | ERIKA       | PENA         | ERIKA.PENA@sakilacustomer.org            |        303 |      1 | 2006-02-14 22:04:37 | 2006-02-15 04:57:20 |
|         299 |        2 | JAMES       | GANNON       | JAMES.GANNON@sakilacustomer.org          |        304 |      1 | 2006-02-14 22:04:37 | 2006-02-15 04:57:20 |
|         300 |        1 | JOHN        | FARNSWORTH   | JOHN.FARNSWORTH@sakilacustomer.org       |        305 |      1 | 2006-02-14 22:04:37 | 2006-02-15 04:57:20 |
|         301 |        2 | ROBERT      | BAUGHMAN     | ROBERT.BAUGHMAN@sakilacustomer.org       |        306 |      1 | 2006-02-14 22:04:37 | 2006-02-15 04:57:20 |
|         302 |        1 | MICHAEL     | SILVERMAN    | MICHAEL.SILVERMAN@sakilacustomer.org     |        307 |      1 | 2006-02-14 22:04:37 | 2006-02-15 04:57:20 |
|         303 |        2 | WILLIAM     | SATTERFIELD  | WILLIAM.SATTERFIELD@sakilacustomer.org   |        308 |      1 | 2006-02-14 22:04:37 | 2006-02-15 04:57:20 |
|         304 |        2 | DAVID       | ROYAL        | DAVID.ROYAL@sakilacustomer.org           |        309 |      1 | 2006-02-14 22:04:37 | 2006-02-15 04:57:20 |
|         305 |        1 | RICHARD     | MCCRARY      | RICHARD.MCCRARY@sakilacustomer.org       |        310 |      1 | 2006-02-14 22:04:37 | 2006-02-15 04:57:20 |
|         306 |        1 | CHARLES     | KOWALSKI     | CHARLES.KOWALSKI@sakilacustomer.org      |        311 |      1 | 2006-02-14 22:04:37 | 2006-02-15 04:57:20 |
|         307 |        2 | JOSEPH      | JOY          | JOSEPH.JOY@sakilacustomer.org            |        312 |      1 | 2006-02-14 22:04:37 | 2006-02-15 04:57:20 |
|         308 |        1 | THOMAS      | GRIGSBY      | THOMAS.GRIGSBY@sakilacustomer.org        |        313 |      1 | 2006-02-14 22:04:37 | 2006-02-15 04:57:20 |
|         309 |        1 | CHRISTOPHER | GRECO        | CHRISTOPHER.GRECO@sakilacustomer.org     |        314 |      1 | 2006-02-14 22:04:37 | 2006-02-15 04:57:20 |
|         310 |        2 | DANIEL      | CABRAL       | DANIEL.CABRAL@sakilacustomer.org         |        315 |      1 | 2006-02-14 22:04:37 | 2006-02-15 04:57:20 |
|         311 |        2 | PAUL        | TROUT        | PAUL.TROUT@sakilacustomer.org            |        316 |      1 | 2006-02-14 22:04:37 | 2006-02-15 04:57:20 |
|         312 |        2 | MARK        | RINEHART     | MARK.RINEHART@sakilacustomer.org         |        317 |      1 | 2006-02-14 22:04:37 | 2006-02-15 04:57:20 |
|         313 |        2 | DONALD      | MAHON        | DONALD.MAHON@sakilacustomer.org          |        318 |      1 | 2006-02-14 22:04:37 | 2006-02-15 04:57:20 |
|         314 |        1 | GEORGE      | LINTON       | GEORGE.LINTON@sakilacustomer.org         |        319 |      1 | 2006-02-14 22:04:37 | 2006-02-15 04:57:20 |
|         315 |        2 | KENNETH     | GOODEN       | KENNETH.GOODEN@sakilacustomer.org        |        320 |      0 | 2006-02-14 22:04:37 | 2006-02-15 04:57:20 |
|         316 |        1 | STEVEN      | CURLEY       | STEVEN.CURLEY@sakilacustomer.org         |        321 |      1 | 2006-02-14 22:04:37 | 2006-02-15 04:57:20 |
|         317 |        2 | EDWARD      | BAUGH        | EDWARD.BAUGH@sakilacustomer.org          |        322 |      1 | 2006-02-14 22:04:37 | 2006-02-15 04:57:20 |
|         318 |        1 | BRIAN       | WYMAN        | BRIAN.WYMAN@sakilacustomer.org           |        323 |      1 | 2006-02-14 22:04:37 | 2006-02-15 04:57:20 |
|         319 |        2 | RONALD      | WEINER       | RONALD.WEINER@sakilacustomer.org         |        324 |      1 | 2006-02-14 22:04:37 | 2006-02-15 04:57:20 |
|         320 |        2 | ANTHONY     | SCHWAB       | ANTHONY.SCHWAB@sakilacustomer.org        |        325 |      1 | 2006-02-14 22:04:37 | 2006-02-15 04:57:20 |
|         321 |        1 | KEVIN       | SCHULER      | KEVIN.SCHULER@sakilacustomer.org         |        326 |      1 | 2006-02-14 22:04:37 | 2006-02-15 04:57:20 |
|         322 |        1 | JASON       | MORRISSEY    | JASON.MORRISSEY@sakilacustomer.org       |        327 |      1 | 2006-02-14 22:04:37 | 2006-02-15 04:57:20 |
|         323 |        2 | MATTHEW     | MAHAN        | MATTHEW.MAHAN@sakilacustomer.org         |        328 |      1 | 2006-02-14 22:04:37 | 2006-02-15 04:57:20 |
|         324 |        2 | GARY        | COY          | GARY.COY@sakilacustomer.org              |        329 |      1 | 2006-02-14 22:04:37 | 2006-02-15 04:57:20 |
|         325 |        1 | TIMOTHY     | BUNN         | TIMOTHY.BUNN@sakilacustomer.org          |        330 |      1 | 2006-02-14 22:04:37 | 2006-02-15 04:57:20 |
|         326 |        1 | JOSE        | ANDREW       | JOSE.ANDREW@sakilacustomer.org           |        331 |      1 | 2006-02-14 22:04:37 | 2006-02-15 04:57:20 |
|         327 |        2 | LARRY       | THRASHER     | LARRY.THRASHER@sakilacustomer.org        |        332 |      1 | 2006-02-14 22:04:37 | 2006-02-15 04:57:20 |
|         328 |        2 | JEFFREY     | SPEAR        | JEFFREY.SPEAR@sakilacustomer.org         |        333 |      1 | 2006-02-14 22:04:37 | 2006-02-15 04:57:20 |
|         329 |        2 | FRANK       | WAGGONER     | FRANK.WAGGONER@sakilacustomer.org        |        334 |      1 | 2006-02-14 22:04:37 | 2006-02-15 04:57:20 |
|         330 |        1 | SCOTT       | SHELLEY      | SCOTT.SHELLEY@sakilacustomer.org         |        335 |      1 | 2006-02-14 22:04:37 | 2006-02-15 04:57:20 |
|         331 |        1 | ERIC        | ROBERT       | ERIC.ROBERT@sakilacustomer.org           |        336 |      1 | 2006-02-14 22:04:37 | 2006-02-15 04:57:20 |
|         332 |        1 | STEPHEN     | QUALLS       | STEPHEN.QUALLS@sakilacustomer.org        |        337 |      1 | 2006-02-14 22:04:37 | 2006-02-15 04:57:20 |
|         333 |        2 | ANDREW      | PURDY        | ANDREW.PURDY@sakilacustomer.org          |        338 |      1 | 2006-02-14 22:04:37 | 2006-02-15 04:57:20 |
|         334 |        2 | RAYMOND     | MCWHORTER    | RAYMOND.MCWHORTER@sakilacustomer.org     |        339 |      1 | 2006-02-14 22:04:37 | 2006-02-15 04:57:20 |
|         335 |        1 | GREGORY     | MAULDIN      | GREGORY.MAULDIN@sakilacustomer.org       |        340 |      1 | 2006-02-14 22:04:37 | 2006-02-15 04:57:20 |
|         336 |        1 | JOSHUA      | MARK         | JOSHUA.MARK@sakilacustomer.org           |        341 |      1 | 2006-02-14 22:04:37 | 2006-02-15 04:57:20 |
|         337 |        1 | JERRY       | JORDON       | JERRY.JORDON@sakilacustomer.org          |        342 |      1 | 2006-02-14 22:04:37 | 2006-02-15 04:57:20 |
|         338 |        1 | DENNIS      | GILMAN       | DENNIS.GILMAN@sakilacustomer.org         |        343 |      1 | 2006-02-14 22:04:37 | 2006-02-15 04:57:20 |
|         339 |        2 | WALTER      | PERRYMAN     | WALTER.PERRYMAN@sakilacustomer.org       |        344 |      1 | 2006-02-14 22:04:37 | 2006-02-15 04:57:20 |
|         340 |        1 | PATRICK     | NEWSOM       | PATRICK.NEWSOM@sakilacustomer.org        |        345 |      1 | 2006-02-14 22:04:37 | 2006-02-15 04:57:20 |
|         341 |        1 | PETER       | MENARD       | PETER.MENARD@sakilacustomer.org          |        346 |      1 | 2006-02-14 22:04:37 | 2006-02-15 04:57:20 |
|         342 |        1 | HAROLD      | MARTINO      | HAROLD.MARTINO@sakilacustomer.org        |        347 |      1 | 2006-02-14 22:04:37 | 2006-02-15 04:57:20 |
|         343 |        1 | DOUGLAS     | GRAF         | DOUGLAS.GRAF@sakilacustomer.org          |        348 |      1 | 2006-02-14 22:04:37 | 2006-02-15 04:57:20 |
|         344 |        1 | HENRY       | BILLINGSLEY  | HENRY.BILLINGSLEY@sakilacustomer.org     |        349 |      1 | 2006-02-14 22:04:37 | 2006-02-15 04:57:20 |
|         345 |        1 | CARL        | ARTIS        | CARL.ARTIS@sakilacustomer.org            |        350 |      1 | 2006-02-14 22:04:37 | 2006-02-15 04:57:20 |
|         346 |        1 | ARTHUR      | SIMPKINS     | ARTHUR.SIMPKINS@sakilacustomer.org       |        351 |      1 | 2006-02-14 22:04:37 | 2006-02-15 04:57:20 |
|         347 |        2 | RYAN        | SALISBURY    | RYAN.SALISBURY@sakilacustomer.org        |        352 |      1 | 2006-02-14 22:04:37 | 2006-02-15 04:57:20 |
|         348 |        2 | ROGER       | QUINTANILLA  | ROGER.QUINTANILLA@sakilacustomer.org     |        353 |      1 | 2006-02-14 22:04:37 | 2006-02-15 04:57:20 |
|         349 |        2 | JOE         | GILLILAND    | JOE.GILLILAND@sakilacustomer.org         |        354 |      1 | 2006-02-14 22:04:37 | 2006-02-15 04:57:20 |
|         350 |        1 | JUAN        | FRALEY       | JUAN.FRALEY@sakilacustomer.org           |        355 |      1 | 2006-02-14 22:04:37 | 2006-02-15 04:57:20 |
|         351 |        1 | JACK        | FOUST        | JACK.FOUST@sakilacustomer.org            |        356 |      1 | 2006-02-14 22:04:37 | 2006-02-15 04:57:20 |
|         352 |        1 | ALBERT      | CROUSE       | ALBERT.CROUSE@sakilacustomer.org         |        357 |      1 | 2006-02-14 22:04:37 | 2006-02-15 04:57:20 |
|         353 |        1 | JONATHAN    | SCARBOROUGH  | JONATHAN.SCARBOROUGH@sakilacustomer.org  |        358 |      1 | 2006-02-14 22:04:37 | 2006-02-15 04:57:20 |
|         354 |        2 | JUSTIN      | NGO          | JUSTIN.NGO@sakilacustomer.org            |        359 |      1 | 2006-02-14 22:04:37 | 2006-02-15 04:57:20 |
|         355 |        2 | TERRY       | GRISSOM      | TERRY.GRISSOM@sakilacustomer.org         |        360 |      1 | 2006-02-14 22:04:37 | 2006-02-15 04:57:20 |
|         356 |        2 | GERALD      | FULTZ        | GERALD.FULTZ@sakilacustomer.org          |        361 |      1 | 2006-02-14 22:04:37 | 2006-02-15 04:57:20 |
|         357 |        1 | KEITH       | RICO         | KEITH.RICO@sakilacustomer.org            |        362 |      1 | 2006-02-14 22:04:37 | 2006-02-15 04:57:20 |
|         358 |        2 | SAMUEL      | MARLOW       | SAMUEL.MARLOW@sakilacustomer.org         |        363 |      1 | 2006-02-14 22:04:37 | 2006-02-15 04:57:20 |
|         359 |        2 | WILLIE      | MARKHAM      | WILLIE.MARKHAM@sakilacustomer.org        |        364 |      1 | 2006-02-14 22:04:37 | 2006-02-15 04:57:20 |
|         360 |        2 | RALPH       | MADRIGAL     | RALPH.MADRIGAL@sakilacustomer.org        |        365 |      1 | 2006-02-14 22:04:37 | 2006-02-15 04:57:20 |
|         361 |        2 | LAWRENCE    | LAWTON       | LAWRENCE.LAWTON@sakilacustomer.org       |        366 |      1 | 2006-02-14 22:04:37 | 2006-02-15 04:57:20 |
|         362 |        1 | NICHOLAS    | BARFIELD     | NICHOLAS.BARFIELD@sakilacustomer.org     |        367 |      1 | 2006-02-14 22:04:37 | 2006-02-15 04:57:20 |
|         363 |        2 | ROY         | WHITING      | ROY.WHITING@sakilacustomer.org           |        368 |      1 | 2006-02-14 22:04:37 | 2006-02-15 04:57:20 |
|         364 |        1 | BENJAMIN    | VARNEY       | BENJAMIN.VARNEY@sakilacustomer.org       |        369 |      1 | 2006-02-14 22:04:37 | 2006-02-15 04:57:20 |
|         365 |        2 | BRUCE       | SCHWARZ      | BRUCE.SCHWARZ@sakilacustomer.org         |        370 |      1 | 2006-02-14 22:04:37 | 2006-02-15 04:57:20 |
|         366 |        1 | BRANDON     | HUEY         | BRANDON.HUEY@sakilacustomer.org          |        371 |      1 | 2006-02-14 22:04:37 | 2006-02-15 04:57:20 |
|         367 |        1 | ADAM        | GOOCH        | ADAM.GOOCH@sakilacustomer.org            |        372 |      1 | 2006-02-14 22:04:37 | 2006-02-15 04:57:20 |
|         368 |        1 | HARRY       | ARCE         | HARRY.ARCE@sakilacustomer.org            |        373 |      0 | 2006-02-14 22:04:37 | 2006-02-15 04:57:20 |
|         369 |        2 | FRED        | WHEAT        | FRED.WHEAT@sakilacustomer.org            |        374 |      1 | 2006-02-14 22:04:37 | 2006-02-15 04:57:20 |
|         370 |        2 | WAYNE       | TRUONG       | WAYNE.TRUONG@sakilacustomer.org          |        375 |      1 | 2006-02-14 22:04:37 | 2006-02-15 04:57:20 |
|         371 |        1 | BILLY       | POULIN       | BILLY.POULIN@sakilacustomer.org          |        376 |      1 | 2006-02-14 22:04:37 | 2006-02-15 04:57:20 |
|         372 |        2 | STEVE       | MACKENZIE    | STEVE.MACKENZIE@sakilacustomer.org       |        377 |      1 | 2006-02-14 22:04:37 | 2006-02-15 04:57:20 |
|         373 |        1 | LOUIS       | LEONE        | LOUIS.LEONE@sakilacustomer.org           |        378 |      1 | 2006-02-14 22:04:37 | 2006-02-15 04:57:20 |
|         374 |        2 | JEREMY      | HURTADO      | JEREMY.HURTADO@sakilacustomer.org        |        379 |      1 | 2006-02-14 22:04:37 | 2006-02-15 04:57:20 |
|         375 |        2 | AARON       | SELBY        | AARON.SELBY@sakilacustomer.org           |        380 |      1 | 2006-02-14 22:04:37 | 2006-02-15 04:57:20 |
|         376 |        1 | RANDY       | GAITHER      | RANDY.GAITHER@sakilacustomer.org         |        381 |      1 | 2006-02-14 22:04:37 | 2006-02-15 04:57:20 |
|         377 |        1 | HOWARD      | FORTNER      | HOWARD.FORTNER@sakilacustomer.org        |        382 |      1 | 2006-02-14 22:04:37 | 2006-02-15 04:57:20 |
|         378 |        1 | EUGENE      | CULPEPPER    | EUGENE.CULPEPPER@sakilacustomer.org      |        383 |      1 | 2006-02-14 22:04:37 | 2006-02-15 04:57:20 |
|         379 |        1 | CARLOS      | COUGHLIN     | CARLOS.COUGHLIN@sakilacustomer.org       |        384 |      1 | 2006-02-14 22:04:37 | 2006-02-15 04:57:20 |
|         380 |        1 | RUSSELL     | BRINSON      | RUSSELL.BRINSON@sakilacustomer.org       |        385 |      1 | 2006-02-14 22:04:37 | 2006-02-15 04:57:20 |
|         381 |        2 | BOBBY       | BOUDREAU     | BOBBY.BOUDREAU@sakilacustomer.org        |        386 |      1 | 2006-02-14 22:04:37 | 2006-02-15 04:57:20 |
|         382 |        2 | VICTOR      | BARKLEY      | VICTOR.BARKLEY@sakilacustomer.org        |        387 |      1 | 2006-02-14 22:04:37 | 2006-02-15 04:57:20 |
|         383 |        1 | MARTIN      | BALES        | MARTIN.BALES@sakilacustomer.org          |        388 |      1 | 2006-02-14 22:04:37 | 2006-02-15 04:57:20 |
|         384 |        2 | ERNEST      | STEPP        | ERNEST.STEPP@sakilacustomer.org          |        389 |      1 | 2006-02-14 22:04:37 | 2006-02-15 04:57:20 |
|         385 |        1 | PHILLIP     | HOLM         | PHILLIP.HOLM@sakilacustomer.org          |        390 |      1 | 2006-02-14 22:04:37 | 2006-02-15 04:57:20 |
|         386 |        1 | TODD        | TAN          | TODD.TAN@sakilacustomer.org              |        391 |      1 | 2006-02-14 22:04:37 | 2006-02-15 04:57:20 |
|         387 |        2 | JESSE       | SCHILLING    | JESSE.SCHILLING@sakilacustomer.org       |        392 |      1 | 2006-02-14 22:04:37 | 2006-02-15 04:57:20 |
|         388 |        2 | CRAIG       | MORRELL      | CRAIG.MORRELL@sakilacustomer.org         |        393 |      1 | 2006-02-14 22:04:37 | 2006-02-15 04:57:20 |
|         389 |        1 | ALAN        | KAHN         | ALAN.KAHN@sakilacustomer.org             |        394 |      1 | 2006-02-14 22:04:37 | 2006-02-15 04:57:20 |
|         390 |        1 | SHAWN       | HEATON       | SHAWN.HEATON@sakilacustomer.org          |        395 |      1 | 2006-02-14 22:04:37 | 2006-02-15 04:57:20 |
|         391 |        1 | CLARENCE    | GAMEZ        | CLARENCE.GAMEZ@sakilacustomer.org        |        396 |      1 | 2006-02-14 22:04:37 | 2006-02-15 04:57:20 |
|         392 |        2 | SEAN        | DOUGLASS     | SEAN.DOUGLASS@sakilacustomer.org         |        397 |      1 | 2006-02-14 22:04:37 | 2006-02-15 04:57:20 |
|         393 |        1 | PHILIP      | CAUSEY       | PHILIP.CAUSEY@sakilacustomer.org         |        398 |      1 | 2006-02-14 22:04:37 | 2006-02-15 04:57:20 |
|         394 |        2 | CHRIS       | BROTHERS     | CHRIS.BROTHERS@sakilacustomer.org        |        399 |      1 | 2006-02-14 22:04:37 | 2006-02-15 04:57:20 |
|         395 |        2 | JOHNNY      | TURPIN       | JOHNNY.TURPIN@sakilacustomer.org         |        400 |      1 | 2006-02-14 22:04:37 | 2006-02-15 04:57:20 |
|         396 |        1 | EARL        | SHANKS       | EARL.SHANKS@sakilacustomer.org           |        401 |      1 | 2006-02-14 22:04:37 | 2006-02-15 04:57:20 |
|         397 |        1 | JIMMY       | SCHRADER     | JIMMY.SCHRADER@sakilacustomer.org        |        402 |      1 | 2006-02-14 22:04:37 | 2006-02-15 04:57:20 |
|         398 |        1 | ANTONIO     | MEEK         | ANTONIO.MEEK@sakilacustomer.org          |        403 |      1 | 2006-02-14 22:04:37 | 2006-02-15 04:57:20 |
|         399 |        1 | DANNY       | ISOM         | DANNY.ISOM@sakilacustomer.org            |        404 |      1 | 2006-02-14 22:04:37 | 2006-02-15 04:57:20 |
|         400 |        2 | BRYAN       | HARDISON     | BRYAN.HARDISON@sakilacustomer.org        |        405 |      1 | 2006-02-14 22:04:37 | 2006-02-15 04:57:20 |
|         401 |        2 | TONY        | CARRANZA     | TONY.CARRANZA@sakilacustomer.org         |        406 |      1 | 2006-02-14 22:04:37 | 2006-02-15 04:57:20 |
|         402 |        1 | LUIS        | YANEZ        | LUIS.YANEZ@sakilacustomer.org            |        407 |      1 | 2006-02-14 22:04:37 | 2006-02-15 04:57:20 |
|         403 |        1 | MIKE        | WAY          | MIKE.WAY@sakilacustomer.org              |        408 |      1 | 2006-02-14 22:04:37 | 2006-02-15 04:57:20 |
|         404 |        2 | STANLEY     | SCROGGINS    | STANLEY.SCROGGINS@sakilacustomer.org     |        409 |      1 | 2006-02-14 22:04:37 | 2006-02-15 04:57:20 |
|         405 |        1 | LEONARD     | SCHOFIELD    | LEONARD.SCHOFIELD@sakilacustomer.org     |        410 |      1 | 2006-02-14 22:04:37 | 2006-02-15 04:57:20 |
|         406 |        1 | NATHAN      | RUNYON       | NATHAN.RUNYON@sakilacustomer.org         |        411 |      0 | 2006-02-14 22:04:37 | 2006-02-15 04:57:20 |
|         407 |        1 | DALE        | RATCLIFF     | DALE.RATCLIFF@sakilacustomer.org         |        412 |      1 | 2006-02-14 22:04:37 | 2006-02-15 04:57:20 |
|         408 |        1 | MANUEL      | MURRELL      | MANUEL.MURRELL@sakilacustomer.org        |        413 |      1 | 2006-02-14 22:04:37 | 2006-02-15 04:57:20 |
|         409 |        2 | RODNEY      | MOELLER      | RODNEY.MOELLER@sakilacustomer.org        |        414 |      1 | 2006-02-14 22:04:37 | 2006-02-15 04:57:20 |
|         410 |        2 | CURTIS      | IRBY         | CURTIS.IRBY@sakilacustomer.org           |        415 |      1 | 2006-02-14 22:04:37 | 2006-02-15 04:57:20 |
|         411 |        1 | NORMAN      | CURRIER      | NORMAN.CURRIER@sakilacustomer.org        |        416 |      1 | 2006-02-14 22:04:37 | 2006-02-15 04:57:20 |
|         412 |        2 | ALLEN       | BUTTERFIELD  | ALLEN.BUTTERFIELD@sakilacustomer.org     |        417 |      1 | 2006-02-14 22:04:37 | 2006-02-15 04:57:20 |
|         413 |        2 | MARVIN      | YEE          | MARVIN.YEE@sakilacustomer.org            |        418 |      1 | 2006-02-14 22:04:37 | 2006-02-15 04:57:20 |
|         414 |        1 | VINCENT     | RALSTON      | VINCENT.RALSTON@sakilacustomer.org       |        419 |      1 | 2006-02-14 22:04:37 | 2006-02-15 04:57:20 |
|         415 |        1 | GLENN       | PULLEN       | GLENN.PULLEN@sakilacustomer.org          |        420 |      1 | 2006-02-14 22:04:37 | 2006-02-15 04:57:20 |
|         416 |        2 | JEFFERY     | PINSON       | JEFFERY.PINSON@sakilacustomer.org        |        421 |      1 | 2006-02-14 22:04:37 | 2006-02-15 04:57:20 |
|         417 |        1 | TRAVIS      | ESTEP        | TRAVIS.ESTEP@sakilacustomer.org          |        422 |      1 | 2006-02-14 22:04:37 | 2006-02-15 04:57:20 |
|         418 |        2 | JEFF        | EAST         | JEFF.EAST@sakilacustomer.org             |        423 |      1 | 2006-02-14 22:04:37 | 2006-02-15 04:57:20 |
|         419 |        1 | CHAD        | CARBONE      | CHAD.CARBONE@sakilacustomer.org          |        424 |      1 | 2006-02-14 22:04:37 | 2006-02-15 04:57:20 |
|         420 |        1 | JACOB       | LANCE        | JACOB.LANCE@sakilacustomer.org           |        425 |      1 | 2006-02-14 22:04:37 | 2006-02-15 04:57:20 |
|         421 |        1 | LEE         | HAWKS        | LEE.HAWKS@sakilacustomer.org             |        426 |      1 | 2006-02-14 22:04:37 | 2006-02-15 04:57:20 |
|         422 |        1 | MELVIN      | ELLINGTON    | MELVIN.ELLINGTON@sakilacustomer.org      |        427 |      1 | 2006-02-14 22:04:37 | 2006-02-15 04:57:20 |
|         423 |        2 | ALFRED      | CASILLAS     | ALFRED.CASILLAS@sakilacustomer.org       |        428 |      1 | 2006-02-14 22:04:37 | 2006-02-15 04:57:20 |
|         424 |        2 | KYLE        | SPURLOCK     | KYLE.SPURLOCK@sakilacustomer.org         |        429 |      1 | 2006-02-14 22:04:37 | 2006-02-15 04:57:20 |
|         425 |        2 | FRANCIS     | SIKES        | FRANCIS.SIKES@sakilacustomer.org         |        430 |      1 | 2006-02-14 22:04:37 | 2006-02-15 04:57:20 |
|         426 |        1 | BRADLEY     | MOTLEY       | BRADLEY.MOTLEY@sakilacustomer.org        |        431 |      1 | 2006-02-14 22:04:37 | 2006-02-15 04:57:20 |
|         427 |        2 | JESUS       | MCCARTNEY    | JESUS.MCCARTNEY@sakilacustomer.org       |        432 |      1 | 2006-02-14 22:04:37 | 2006-02-15 04:57:20 |
|         428 |        2 | HERBERT     | KRUGER       | HERBERT.KRUGER@sakilacustomer.org        |        433 |      1 | 2006-02-14 22:04:37 | 2006-02-15 04:57:20 |
|         429 |        2 | FREDERICK   | ISBELL       | FREDERICK.ISBELL@sakilacustomer.org      |        434 |      1 | 2006-02-14 22:04:37 | 2006-02-15 04:57:20 |
|         430 |        1 | RAY         | HOULE        | RAY.HOULE@sakilacustomer.org             |        435 |      1 | 2006-02-14 22:04:37 | 2006-02-15 04:57:20 |
|         431 |        2 | JOEL        | FRANCISCO    | JOEL.FRANCISCO@sakilacustomer.org        |        436 |      1 | 2006-02-14 22:04:37 | 2006-02-15 04:57:20 |
|         432 |        1 | EDWIN       | BURK         | EDWIN.BURK@sakilacustomer.org            |        437 |      1 | 2006-02-14 22:04:37 | 2006-02-15 04:57:20 |
|         433 |        1 | DON         | BONE         | DON.BONE@sakilacustomer.org              |        438 |      1 | 2006-02-14 22:04:37 | 2006-02-15 04:57:20 |
|         434 |        1 | EDDIE       | TOMLIN       | EDDIE.TOMLIN@sakilacustomer.org          |        439 |      1 | 2006-02-14 22:04:37 | 2006-02-15 04:57:20 |
|         435 |        2 | RICKY       | SHELBY       | RICKY.SHELBY@sakilacustomer.org          |        440 |      1 | 2006-02-14 22:04:37 | 2006-02-15 04:57:20 |
|         436 |        1 | TROY        | QUIGLEY      | TROY.QUIGLEY@sakilacustomer.org          |        441 |      1 | 2006-02-14 22:04:37 | 2006-02-15 04:57:20 |
|         437 |        2 | RANDALL     | NEUMANN      | RANDALL.NEUMANN@sakilacustomer.org       |        442 |      1 | 2006-02-14 22:04:37 | 2006-02-15 04:57:20 |
|         438 |        1 | BARRY       | LOVELACE     | BARRY.LOVELACE@sakilacustomer.org        |        443 |      1 | 2006-02-14 22:04:37 | 2006-02-15 04:57:20 |
|         439 |        2 | ALEXANDER   | FENNELL      | ALEXANDER.FENNELL@sakilacustomer.org     |        444 |      1 | 2006-02-14 22:04:37 | 2006-02-15 04:57:20 |
|         440 |        1 | BERNARD     | COLBY        | BERNARD.COLBY@sakilacustomer.org         |        445 |      1 | 2006-02-14 22:04:37 | 2006-02-15 04:57:20 |
|         441 |        1 | MARIO       | CHEATHAM     | MARIO.CHEATHAM@sakilacustomer.org        |        446 |      1 | 2006-02-14 22:04:37 | 2006-02-15 04:57:20 |
|         442 |        1 | LEROY       | BUSTAMANTE   | LEROY.BUSTAMANTE@sakilacustomer.org      |        447 |      1 | 2006-02-14 22:04:37 | 2006-02-15 04:57:20 |
|         443 |        2 | FRANCISCO   | SKIDMORE     | FRANCISCO.SKIDMORE@sakilacustomer.org    |        448 |      1 | 2006-02-14 22:04:37 | 2006-02-15 04:57:20 |
|         444 |        2 | MARCUS      | HIDALGO      | MARCUS.HIDALGO@sakilacustomer.org        |        449 |      1 | 2006-02-14 22:04:37 | 2006-02-15 04:57:20 |
|         445 |        1 | MICHEAL     | FORMAN       | MICHEAL.FORMAN@sakilacustomer.org        |        450 |      1 | 2006-02-14 22:04:37 | 2006-02-15 04:57:20 |
|         446 |        2 | THEODORE    | CULP         | THEODORE.CULP@sakilacustomer.org         |        451 |      0 | 2006-02-14 22:04:37 | 2006-02-15 04:57:20 |
|         447 |        1 | CLIFFORD    | BOWENS       | CLIFFORD.BOWENS@sakilacustomer.org       |        452 |      1 | 2006-02-14 22:04:37 | 2006-02-15 04:57:20 |
|         448 |        1 | MIGUEL      | BETANCOURT   | MIGUEL.BETANCOURT@sakilacustomer.org     |        453 |      1 | 2006-02-14 22:04:37 | 2006-02-15 04:57:20 |
|         449 |        2 | OSCAR       | AQUINO       | OSCAR.AQUINO@sakilacustomer.org          |        454 |      1 | 2006-02-14 22:04:37 | 2006-02-15 04:57:20 |
|         450 |        1 | JAY         | ROBB         | JAY.ROBB@sakilacustomer.org              |        455 |      1 | 2006-02-14 22:04:37 | 2006-02-15 04:57:20 |
|         451 |        1 | JIM         | REA          | JIM.REA@sakilacustomer.org               |        456 |      1 | 2006-02-14 22:04:37 | 2006-02-15 04:57:20 |
|         452 |        1 | TOM         | MILNER       | TOM.MILNER@sakilacustomer.org            |        457 |      1 | 2006-02-14 22:04:37 | 2006-02-15 04:57:20 |
|         453 |        1 | CALVIN      | MARTEL       | CALVIN.MARTEL@sakilacustomer.org         |        458 |      1 | 2006-02-14 22:04:37 | 2006-02-15 04:57:20 |
|         454 |        2 | ALEX        | GRESHAM      | ALEX.GRESHAM@sakilacustomer.org          |        459 |      1 | 2006-02-14 22:04:37 | 2006-02-15 04:57:20 |
|         455 |        2 | JON         | WILES        | JON.WILES@sakilacustomer.org             |        460 |      1 | 2006-02-14 22:04:37 | 2006-02-15 04:57:20 |
|         456 |        2 | RONNIE      | RICKETTS     | RONNIE.RICKETTS@sakilacustomer.org       |        461 |      1 | 2006-02-14 22:04:37 | 2006-02-15 04:57:20 |
|         457 |        2 | BILL        | GAVIN        | BILL.GAVIN@sakilacustomer.org            |        462 |      1 | 2006-02-14 22:04:37 | 2006-02-15 04:57:20 |
|         458 |        1 | LLOYD       | DOWD         | LLOYD.DOWD@sakilacustomer.org            |        463 |      1 | 2006-02-14 22:04:37 | 2006-02-15 04:57:20 |
|         459 |        1 | TOMMY       | COLLAZO      | TOMMY.COLLAZO@sakilacustomer.org         |        464 |      1 | 2006-02-14 22:04:37 | 2006-02-15 04:57:20 |
|         460 |        1 | LEON        | BOSTIC       | LEON.BOSTIC@sakilacustomer.org           |        465 |      1 | 2006-02-14 22:04:37 | 2006-02-15 04:57:20 |
|         461 |        1 | DEREK       | BLAKELY      | DEREK.BLAKELY@sakilacustomer.org         |        466 |      1 | 2006-02-14 22:04:37 | 2006-02-15 04:57:20 |
|         462 |        2 | WARREN      | SHERROD      | WARREN.SHERROD@sakilacustomer.org        |        467 |      1 | 2006-02-14 22:04:37 | 2006-02-15 04:57:20 |
|         463 |        2 | DARRELL     | POWER        | DARRELL.POWER@sakilacustomer.org         |        468 |      1 | 2006-02-14 22:04:37 | 2006-02-15 04:57:20 |
|         464 |        1 | JEROME      | KENYON       | JEROME.KENYON@sakilacustomer.org         |        469 |      1 | 2006-02-14 22:04:37 | 2006-02-15 04:57:20 |
|         465 |        1 | FLOYD       | GANDY        | FLOYD.GANDY@sakilacustomer.org           |        470 |      1 | 2006-02-14 22:04:37 | 2006-02-15 04:57:20 |
|         466 |        1 | LEO         | EBERT        | LEO.EBERT@sakilacustomer.org             |        471 |      1 | 2006-02-14 22:04:37 | 2006-02-15 04:57:20 |
|         467 |        2 | ALVIN       | DELOACH      | ALVIN.DELOACH@sakilacustomer.org         |        472 |      1 | 2006-02-14 22:04:37 | 2006-02-15 04:57:20 |
|         468 |        1 | TIM         | CARY         | TIM.CARY@sakilacustomer.org              |        473 |      1 | 2006-02-14 22:04:37 | 2006-02-15 04:57:20 |
|         469 |        2 | WESLEY      | BULL         | WESLEY.BULL@sakilacustomer.org           |        474 |      1 | 2006-02-14 22:04:37 | 2006-02-15 04:57:20 |
|         470 |        1 | GORDON      | ALLARD       | GORDON.ALLARD@sakilacustomer.org         |        475 |      1 | 2006-02-14 22:04:37 | 2006-02-15 04:57:20 |
|         471 |        1 | DEAN        | SAUER        | DEAN.SAUER@sakilacustomer.org            |        476 |      1 | 2006-02-14 22:04:37 | 2006-02-15 04:57:20 |
|         472 |        1 | GREG        | ROBINS       | GREG.ROBINS@sakilacustomer.org           |        477 |      1 | 2006-02-14 22:04:37 | 2006-02-15 04:57:20 |
|         473 |        2 | JORGE       | OLIVARES     | JORGE.OLIVARES@sakilacustomer.org        |        478 |      1 | 2006-02-14 22:04:37 | 2006-02-15 04:57:20 |
|         474 |        2 | DUSTIN      | GILLETTE     | DUSTIN.GILLETTE@sakilacustomer.org       |        479 |      1 | 2006-02-14 22:04:37 | 2006-02-15 04:57:20 |
|         475 |        2 | PEDRO       | CHESTNUT     | PEDRO.CHESTNUT@sakilacustomer.org        |        480 |      1 | 2006-02-14 22:04:37 | 2006-02-15 04:57:20 |
|         476 |        1 | DERRICK     | BOURQUE      | DERRICK.BOURQUE@sakilacustomer.org       |        481 |      1 | 2006-02-14 22:04:37 | 2006-02-15 04:57:20 |
|         477 |        1 | DAN         | PAINE        | DAN.PAINE@sakilacustomer.org             |        482 |      1 | 2006-02-14 22:04:37 | 2006-02-15 04:57:20 |
|         478 |        1 | LEWIS       | LYMAN        | LEWIS.LYMAN@sakilacustomer.org           |        483 |      1 | 2006-02-14 22:04:37 | 2006-02-15 04:57:20 |
|         479 |        1 | ZACHARY     | HITE         | ZACHARY.HITE@sakilacustomer.org          |        484 |      1 | 2006-02-14 22:04:37 | 2006-02-15 04:57:20 |
|         480 |        1 | COREY       | HAUSER       | COREY.HAUSER@sakilacustomer.org          |        485 |      1 | 2006-02-14 22:04:37 | 2006-02-15 04:57:20 |
|         481 |        1 | HERMAN      | DEVORE       | HERMAN.DEVORE@sakilacustomer.org         |        486 |      1 | 2006-02-14 22:04:37 | 2006-02-15 04:57:20 |
|         482 |        1 | MAURICE     | CRAWLEY      | MAURICE.CRAWLEY@sakilacustomer.org       |        487 |      0 | 2006-02-14 22:04:37 | 2006-02-15 04:57:20 |
|         483 |        2 | VERNON      | CHAPA        | VERNON.CHAPA@sakilacustomer.org          |        488 |      1 | 2006-02-14 22:04:37 | 2006-02-15 04:57:20 |
|         484 |        1 | ROBERTO     | VU           | ROBERTO.VU@sakilacustomer.org            |        489 |      1 | 2006-02-14 22:04:37 | 2006-02-15 04:57:20 |
|         485 |        1 | CLYDE       | TOBIAS       | CLYDE.TOBIAS@sakilacustomer.org          |        490 |      1 | 2006-02-14 22:04:37 | 2006-02-15 04:57:20 |
|         486 |        1 | GLEN        | TALBERT      | GLEN.TALBERT@sakilacustomer.org          |        491 |      1 | 2006-02-14 22:04:37 | 2006-02-15 04:57:20 |
|         487 |        2 | HECTOR      | POINDEXTER   | HECTOR.POINDEXTER@sakilacustomer.org     |        492 |      1 | 2006-02-14 22:04:37 | 2006-02-15 04:57:20 |
|         488 |        2 | SHANE       | MILLARD      | SHANE.MILLARD@sakilacustomer.org         |        493 |      1 | 2006-02-14 22:04:37 | 2006-02-15 04:57:20 |
|         489 |        1 | RICARDO     | MEADOR       | RICARDO.MEADOR@sakilacustomer.org        |        494 |      1 | 2006-02-14 22:04:37 | 2006-02-15 04:57:20 |
|         490 |        1 | SAM         | MCDUFFIE     | SAM.MCDUFFIE@sakilacustomer.org          |        495 |      1 | 2006-02-14 22:04:37 | 2006-02-15 04:57:20 |
|         491 |        2 | RICK        | MATTOX       | RICK.MATTOX@sakilacustomer.org           |        496 |      1 | 2006-02-14 22:04:37 | 2006-02-15 04:57:20 |
|         492 |        2 | LESTER      | KRAUS        | LESTER.KRAUS@sakilacustomer.org          |        497 |      1 | 2006-02-14 22:04:37 | 2006-02-15 04:57:20 |
|         493 |        1 | BRENT       | HARKINS      | BRENT.HARKINS@sakilacustomer.org         |        498 |      1 | 2006-02-14 22:04:37 | 2006-02-15 04:57:20 |
|         494 |        2 | RAMON       | CHOATE       | RAMON.CHOATE@sakilacustomer.org          |        499 |      1 | 2006-02-14 22:04:37 | 2006-02-15 04:57:20 |
|         495 |        2 | CHARLIE     | BESS         | CHARLIE.BESS@sakilacustomer.org          |        500 |      1 | 2006-02-14 22:04:37 | 2006-02-15 04:57:20 |
|         496 |        2 | TYLER       | WREN         | TYLER.WREN@sakilacustomer.org            |        501 |      1 | 2006-02-14 22:04:37 | 2006-02-15 04:57:20 |
|         497 |        2 | GILBERT     | SLEDGE       | GILBERT.SLEDGE@sakilacustomer.org        |        502 |      1 | 2006-02-14 22:04:37 | 2006-02-15 04:57:20 |
|         498 |        1 | GENE        | SANBORN      | GENE.SANBORN@sakilacustomer.org          |        503 |      1 | 2006-02-14 22:04:37 | 2006-02-15 04:57:20 |
|         499 |        2 | MARC        | OUTLAW       | MARC.OUTLAW@sakilacustomer.org           |        504 |      1 | 2006-02-14 22:04:37 | 2006-02-15 04:57:20 |
|         500 |        1 | REGINALD    | KINDER       | REGINALD.KINDER@sakilacustomer.org       |        505 |      1 | 2006-02-14 22:04:37 | 2006-02-15 04:57:20 |
|         501 |        1 | RUBEN       | GEARY        | RUBEN.GEARY@sakilacustomer.org           |        506 |      1 | 2006-02-14 22:04:37 | 2006-02-15 04:57:20 |
|         502 |        1 | BRETT       | CORNWELL     | BRETT.CORNWELL@sakilacustomer.org        |        507 |      1 | 2006-02-14 22:04:37 | 2006-02-15 04:57:20 |
|         503 |        1 | ANGEL       | BARCLAY      | ANGEL.BARCLAY@sakilacustomer.org         |        508 |      1 | 2006-02-14 22:04:37 | 2006-02-15 04:57:20 |
|         504 |        1 | NATHANIEL   | ADAM         | NATHANIEL.ADAM@sakilacustomer.org        |        509 |      1 | 2006-02-14 22:04:37 | 2006-02-15 04:57:20 |
|         505 |        1 | RAFAEL      | ABNEY        | RAFAEL.ABNEY@sakilacustomer.org          |        510 |      1 | 2006-02-14 22:04:37 | 2006-02-15 04:57:20 |
|         506 |        2 | LESLIE      | SEWARD       | LESLIE.SEWARD@sakilacustomer.org         |        511 |      1 | 2006-02-14 22:04:37 | 2006-02-15 04:57:20 |
|         507 |        2 | EDGAR       | RHOADS       | EDGAR.RHOADS@sakilacustomer.org          |        512 |      1 | 2006-02-14 22:04:37 | 2006-02-15 04:57:20 |
|         508 |        2 | MILTON      | HOWLAND      | MILTON.HOWLAND@sakilacustomer.org        |        513 |      1 | 2006-02-14 22:04:37 | 2006-02-15 04:57:20 |
|         509 |        1 | RAUL        | FORTIER      | RAUL.FORTIER@sakilacustomer.org          |        514 |      1 | 2006-02-14 22:04:37 | 2006-02-15 04:57:20 |
|         510 |        2 | BEN         | EASTER       | BEN.EASTER@sakilacustomer.org            |        515 |      0 | 2006-02-14 22:04:37 | 2006-02-15 04:57:20 |
|         511 |        1 | CHESTER     | BENNER       | CHESTER.BENNER@sakilacustomer.org        |        516 |      1 | 2006-02-14 22:04:37 | 2006-02-15 04:57:20 |
|         512 |        1 | CECIL       | VINES        | CECIL.VINES@sakilacustomer.org           |        517 |      1 | 2006-02-14 22:04:37 | 2006-02-15 04:57:20 |
|         513 |        2 | DUANE       | TUBBS        | DUANE.TUBBS@sakilacustomer.org           |        519 |      1 | 2006-02-14 22:04:37 | 2006-02-15 04:57:20 |
|         514 |        2 | FRANKLIN    | TROUTMAN     | FRANKLIN.TROUTMAN@sakilacustomer.org     |        520 |      1 | 2006-02-14 22:04:37 | 2006-02-15 04:57:20 |
|         515 |        1 | ANDRE       | RAPP         | ANDRE.RAPP@sakilacustomer.org            |        521 |      1 | 2006-02-14 22:04:37 | 2006-02-15 04:57:20 |
|         516 |        2 | ELMER       | NOE          | ELMER.NOE@sakilacustomer.org             |        522 |      1 | 2006-02-14 22:04:37 | 2006-02-15 04:57:20 |
|         517 |        2 | BRAD        | MCCURDY      | BRAD.MCCURDY@sakilacustomer.org          |        523 |      1 | 2006-02-14 22:04:37 | 2006-02-15 04:57:20 |
|         518 |        1 | GABRIEL     | HARDER       | GABRIEL.HARDER@sakilacustomer.org        |        524 |      1 | 2006-02-14 22:04:37 | 2006-02-15 04:57:20 |
|         519 |        2 | RON         | DELUCA       | RON.DELUCA@sakilacustomer.org            |        525 |      1 | 2006-02-14 22:04:37 | 2006-02-15 04:57:20 |
|         520 |        2 | MITCHELL    | WESTMORELAND | MITCHELL.WESTMORELAND@sakilacustomer.org |        526 |      1 | 2006-02-14 22:04:37 | 2006-02-15 04:57:20 |
|         521 |        2 | ROLAND      | SOUTH        | ROLAND.SOUTH@sakilacustomer.org          |        527 |      1 | 2006-02-14 22:04:37 | 2006-02-15 04:57:20 |
|         522 |        2 | ARNOLD      | HAVENS       | ARNOLD.HAVENS@sakilacustomer.org         |        528 |      1 | 2006-02-14 22:04:37 | 2006-02-15 04:57:20 |
|         523 |        1 | HARVEY      | GUAJARDO     | HARVEY.GUAJARDO@sakilacustomer.org       |        529 |      1 | 2006-02-14 22:04:37 | 2006-02-15 04:57:20 |
|         524 |        1 | JARED       | ELY          | JARED.ELY@sakilacustomer.org             |        530 |      1 | 2006-02-14 22:04:37 | 2006-02-15 04:57:20 |
|         525 |        2 | ADRIAN      | CLARY        | ADRIAN.CLARY@sakilacustomer.org          |        531 |      1 | 2006-02-14 22:04:37 | 2006-02-15 04:57:20 |
|         526 |        2 | KARL        | SEAL         | KARL.SEAL@sakilacustomer.org             |        532 |      1 | 2006-02-14 22:04:37 | 2006-02-15 04:57:20 |
|         527 |        1 | CORY        | MEEHAN       | CORY.MEEHAN@sakilacustomer.org           |        533 |      1 | 2006-02-14 22:04:37 | 2006-02-15 04:57:20 |
|         528 |        1 | CLAUDE      | HERZOG       | CLAUDE.HERZOG@sakilacustomer.org         |        534 |      1 | 2006-02-14 22:04:37 | 2006-02-15 04:57:20 |
|         529 |        2 | ERIK        | GUILLEN      | ERIK.GUILLEN@sakilacustomer.org          |        535 |      1 | 2006-02-14 22:04:37 | 2006-02-15 04:57:20 |
|         530 |        2 | DARRYL      | ASHCRAFT     | DARRYL.ASHCRAFT@sakilacustomer.org       |        536 |      1 | 2006-02-14 22:04:37 | 2006-02-15 04:57:20 |
|         531 |        2 | JAMIE       | WAUGH        | JAMIE.WAUGH@sakilacustomer.org           |        537 |      1 | 2006-02-14 22:04:37 | 2006-02-15 04:57:20 |
|         532 |        2 | NEIL        | RENNER       | NEIL.RENNER@sakilacustomer.org           |        538 |      1 | 2006-02-14 22:04:37 | 2006-02-15 04:57:20 |
|         533 |        1 | JESSIE      | MILAM        | JESSIE.MILAM@sakilacustomer.org          |        539 |      1 | 2006-02-14 22:04:37 | 2006-02-15 04:57:20 |
|         534 |        1 | CHRISTIAN   | JUNG         | CHRISTIAN.JUNG@sakilacustomer.org        |        540 |      0 | 2006-02-14 22:04:37 | 2006-02-15 04:57:20 |
|         535 |        1 | JAVIER      | ELROD        | JAVIER.ELROD@sakilacustomer.org          |        541 |      1 | 2006-02-14 22:04:37 | 2006-02-15 04:57:20 |
|         536 |        2 | FERNANDO    | CHURCHILL    | FERNANDO.CHURCHILL@sakilacustomer.org    |        542 |      1 | 2006-02-14 22:04:37 | 2006-02-15 04:57:20 |
|         537 |        2 | CLINTON     | BUFORD       | CLINTON.BUFORD@sakilacustomer.org        |        543 |      1 | 2006-02-14 22:04:37 | 2006-02-15 04:57:20 |
|         538 |        2 | TED         | BREAUX       | TED.BREAUX@sakilacustomer.org            |        544 |      1 | 2006-02-14 22:04:37 | 2006-02-15 04:57:20 |
|         539 |        1 | MATHEW      | BOLIN        | MATHEW.BOLIN@sakilacustomer.org          |        545 |      1 | 2006-02-14 22:04:37 | 2006-02-15 04:57:20 |
|         540 |        1 | TYRONE      | ASHER        | TYRONE.ASHER@sakilacustomer.org          |        546 |      1 | 2006-02-14 22:04:37 | 2006-02-15 04:57:20 |
|         541 |        2 | DARREN      | WINDHAM      | DARREN.WINDHAM@sakilacustomer.org        |        547 |      1 | 2006-02-14 22:04:37 | 2006-02-15 04:57:20 |
|         542 |        2 | LONNIE      | TIRADO       | LONNIE.TIRADO@sakilacustomer.org         |        548 |      1 | 2006-02-14 22:04:37 | 2006-02-15 04:57:20 |
|         543 |        1 | LANCE       | PEMBERTON    | LANCE.PEMBERTON@sakilacustomer.org       |        549 |      1 | 2006-02-14 22:04:37 | 2006-02-15 04:57:20 |
|         544 |        2 | CODY        | NOLEN        | CODY.NOLEN@sakilacustomer.org            |        550 |      1 | 2006-02-14 22:04:37 | 2006-02-15 04:57:20 |
|         545 |        2 | JULIO       | NOLAND       | JULIO.NOLAND@sakilacustomer.org          |        551 |      1 | 2006-02-14 22:04:37 | 2006-02-15 04:57:20 |
|         546 |        1 | KELLY       | KNOTT        | KELLY.KNOTT@sakilacustomer.org           |        552 |      1 | 2006-02-14 22:04:37 | 2006-02-15 04:57:20 |
|         547 |        1 | KURT        | EMMONS       | KURT.EMMONS@sakilacustomer.org           |        553 |      1 | 2006-02-14 22:04:37 | 2006-02-15 04:57:20 |
|         548 |        1 | ALLAN       | CORNISH      | ALLAN.CORNISH@sakilacustomer.org         |        554 |      1 | 2006-02-14 22:04:37 | 2006-02-15 04:57:20 |
|         549 |        1 | NELSON      | CHRISTENSON  | NELSON.CHRISTENSON@sakilacustomer.org    |        555 |      1 | 2006-02-14 22:04:37 | 2006-02-15 04:57:20 |
|         550 |        2 | GUY         | BROWNLEE     | GUY.BROWNLEE@sakilacustomer.org          |        556 |      1 | 2006-02-14 22:04:37 | 2006-02-15 04:57:20 |
|         551 |        2 | CLAYTON     | BARBEE       | CLAYTON.BARBEE@sakilacustomer.org        |        557 |      1 | 2006-02-14 22:04:37 | 2006-02-15 04:57:20 |
|         552 |        2 | HUGH        | WALDROP      | HUGH.WALDROP@sakilacustomer.org          |        558 |      1 | 2006-02-14 22:04:37 | 2006-02-15 04:57:20 |
|         553 |        1 | MAX         | PITT         | MAX.PITT@sakilacustomer.org              |        559 |      1 | 2006-02-14 22:04:37 | 2006-02-15 04:57:20 |
|         554 |        1 | DWAYNE      | OLVERA       | DWAYNE.OLVERA@sakilacustomer.org         |        560 |      1 | 2006-02-14 22:04:37 | 2006-02-15 04:57:20 |
|         555 |        1 | DWIGHT      | LOMBARDI     | DWIGHT.LOMBARDI@sakilacustomer.org       |        561 |      1 | 2006-02-14 22:04:37 | 2006-02-15 04:57:20 |
|         556 |        2 | ARMANDO     | GRUBER       | ARMANDO.GRUBER@sakilacustomer.org        |        562 |      1 | 2006-02-14 22:04:37 | 2006-02-15 04:57:20 |
|         557 |        1 | FELIX       | GAFFNEY      | FELIX.GAFFNEY@sakilacustomer.org         |        563 |      1 | 2006-02-14 22:04:37 | 2006-02-15 04:57:20 |
|         558 |        1 | JIMMIE      | EGGLESTON    | JIMMIE.EGGLESTON@sakilacustomer.org      |        564 |      0 | 2006-02-14 22:04:37 | 2006-02-15 04:57:20 |
|         559 |        2 | EVERETT     | BANDA        | EVERETT.BANDA@sakilacustomer.org         |        565 |      1 | 2006-02-14 22:04:37 | 2006-02-15 04:57:20 |
|         560 |        1 | JORDAN      | ARCHULETA    | JORDAN.ARCHULETA@sakilacustomer.org      |        566 |      1 | 2006-02-14 22:04:37 | 2006-02-15 04:57:20 |
|         561 |        2 | IAN         | STILL        | IAN.STILL@sakilacustomer.org             |        567 |      1 | 2006-02-14 22:04:37 | 2006-02-15 04:57:20 |
|         562 |        1 | WALLACE     | SLONE        | WALLACE.SLONE@sakilacustomer.org         |        568 |      1 | 2006-02-14 22:04:37 | 2006-02-15 04:57:20 |
|         563 |        2 | KEN         | PREWITT      | KEN.PREWITT@sakilacustomer.org           |        569 |      1 | 2006-02-14 22:04:37 | 2006-02-15 04:57:20 |
|         564 |        2 | BOB         | PFEIFFER     | BOB.PFEIFFER@sakilacustomer.org          |        570 |      1 | 2006-02-14 22:04:37 | 2006-02-15 04:57:20 |
|         565 |        2 | JAIME       | NETTLES      | JAIME.NETTLES@sakilacustomer.org         |        571 |      1 | 2006-02-14 22:04:37 | 2006-02-15 04:57:20 |
|         566 |        1 | CASEY       | MENA         | CASEY.MENA@sakilacustomer.org            |        572 |      1 | 2006-02-14 22:04:37 | 2006-02-15 04:57:20 |
|         567 |        2 | ALFREDO     | MCADAMS      | ALFREDO.MCADAMS@sakilacustomer.org       |        573 |      1 | 2006-02-14 22:04:37 | 2006-02-15 04:57:20 |
|         568 |        2 | ALBERTO     | HENNING      | ALBERTO.HENNING@sakilacustomer.org       |        574 |      1 | 2006-02-14 22:04:37 | 2006-02-15 04:57:20 |
|         569 |        2 | DAVE        | GARDINER     | DAVE.GARDINER@sakilacustomer.org         |        575 |      1 | 2006-02-14 22:04:37 | 2006-02-15 04:57:20 |
|         570 |        2 | IVAN        | CROMWELL     | IVAN.CROMWELL@sakilacustomer.org         |        576 |      1 | 2006-02-14 22:04:37 | 2006-02-15 04:57:20 |
|         571 |        2 | JOHNNIE     | CHISHOLM     | JOHNNIE.CHISHOLM@sakilacustomer.org      |        577 |      1 | 2006-02-14 22:04:37 | 2006-02-15 04:57:20 |
|         572 |        1 | SIDNEY      | BURLESON     | SIDNEY.BURLESON@sakilacustomer.org       |        578 |      1 | 2006-02-14 22:04:37 | 2006-02-15 04:57:20 |
|         573 |        1 | BYRON       | BOX          | BYRON.BOX@sakilacustomer.org             |        579 |      1 | 2006-02-14 22:04:37 | 2006-02-15 04:57:20 |
|         574 |        2 | JULIAN      | VEST         | JULIAN.VEST@sakilacustomer.org           |        580 |      1 | 2006-02-14 22:04:37 | 2006-02-15 04:57:20 |
|         575 |        2 | ISAAC       | OGLESBY      | ISAAC.OGLESBY@sakilacustomer.org         |        581 |      1 | 2006-02-14 22:04:37 | 2006-02-15 04:57:20 |
|         576 |        2 | MORRIS      | MCCARTER     | MORRIS.MCCARTER@sakilacustomer.org       |        582 |      1 | 2006-02-14 22:04:37 | 2006-02-15 04:57:20 |
|         577 |        2 | CLIFTON     | MALCOLM      | CLIFTON.MALCOLM@sakilacustomer.org       |        583 |      1 | 2006-02-14 22:04:37 | 2006-02-15 04:57:20 |
|         578 |        2 | WILLARD     | LUMPKIN      | WILLARD.LUMPKIN@sakilacustomer.org       |        584 |      1 | 2006-02-14 22:04:37 | 2006-02-15 04:57:20 |
|         579 |        2 | DARYL       | LARUE        | DARYL.LARUE@sakilacustomer.org           |        585 |      1 | 2006-02-14 22:04:37 | 2006-02-15 04:57:20 |
|         580 |        1 | ROSS        | GREY         | ROSS.GREY@sakilacustomer.org             |        586 |      1 | 2006-02-14 22:04:37 | 2006-02-15 04:57:20 |
|         581 |        1 | VIRGIL      | WOFFORD      | VIRGIL.WOFFORD@sakilacustomer.org        |        587 |      1 | 2006-02-14 22:04:37 | 2006-02-15 04:57:20 |
|         582 |        2 | ANDY        | VANHORN      | ANDY.VANHORN@sakilacustomer.org          |        588 |      1 | 2006-02-14 22:04:37 | 2006-02-15 04:57:20 |
|         583 |        1 | MARSHALL    | THORN        | MARSHALL.THORN@sakilacustomer.org        |        589 |      1 | 2006-02-14 22:04:37 | 2006-02-15 04:57:20 |
|         584 |        2 | SALVADOR    | TEEL         | SALVADOR.TEEL@sakilacustomer.org         |        590 |      1 | 2006-02-14 22:04:37 | 2006-02-15 04:57:20 |
|         585 |        1 | PERRY       | SWAFFORD     | PERRY.SWAFFORD@sakilacustomer.org        |        591 |      1 | 2006-02-14 22:04:37 | 2006-02-15 04:57:20 |
|         586 |        1 | KIRK        | STCLAIR      | KIRK.STCLAIR@sakilacustomer.org          |        592 |      1 | 2006-02-14 22:04:37 | 2006-02-15 04:57:20 |
|         587 |        1 | SERGIO      | STANFIELD    | SERGIO.STANFIELD@sakilacustomer.org      |        593 |      1 | 2006-02-14 22:04:37 | 2006-02-15 04:57:20 |
|         588 |        1 | MARION      | OCAMPO       | MARION.OCAMPO@sakilacustomer.org         |        594 |      1 | 2006-02-14 22:04:37 | 2006-02-15 04:57:20 |
|         589 |        1 | TRACY       | HERRMANN     | TRACY.HERRMANN@sakilacustomer.org        |        595 |      1 | 2006-02-14 22:04:37 | 2006-02-15 04:57:20 |
|         590 |        2 | SETH        | HANNON       | SETH.HANNON@sakilacustomer.org           |        596 |      1 | 2006-02-14 22:04:37 | 2006-02-15 04:57:20 |
|         591 |        1 | KENT        | ARSENAULT    | KENT.ARSENAULT@sakilacustomer.org        |        597 |      1 | 2006-02-14 22:04:37 | 2006-02-15 04:57:20 |
|         592 |        1 | TERRANCE    | ROUSH        | TERRANCE.ROUSH@sakilacustomer.org        |        598 |      0 | 2006-02-14 22:04:37 | 2006-02-15 04:57:20 |
|         593 |        2 | RENE        | MCALISTER    | RENE.MCALISTER@sakilacustomer.org        |        599 |      1 | 2006-02-14 22:04:37 | 2006-02-15 04:57:20 |
|         594 |        1 | EDUARDO     | HIATT        | EDUARDO.HIATT@sakilacustomer.org         |        600 |      1 | 2006-02-14 22:04:37 | 2006-02-15 04:57:20 |
|         595 |        1 | TERRENCE    | GUNDERSON    | TERRENCE.GUNDERSON@sakilacustomer.org    |        601 |      1 | 2006-02-14 22:04:37 | 2006-02-15 04:57:20 |
|         596 |        1 | ENRIQUE     | FORSYTHE     | ENRIQUE.FORSYTHE@sakilacustomer.org      |        602 |      1 | 2006-02-14 22:04:37 | 2006-02-15 04:57:20 |
|         597 |        1 | FREDDIE     | DUGGAN       | FREDDIE.DUGGAN@sakilacustomer.org        |        603 |      1 | 2006-02-14 22:04:37 | 2006-02-15 04:57:20 |
|         598 |        1 | WADE        | DELVALLE     | WADE.DELVALLE@sakilacustomer.org         |        604 |      1 | 2006-02-14 22:04:37 | 2006-02-15 04:57:20 |
|         599 |        2 | AUSTIN      | CINTRON      | AUSTIN.CINTRON@sakilacustomer.org        |        605 |      1 | 2006-02-14 22:04:37 | 2006-02-15 04:57:20 |
+-------------+----------+-------------+--------------+------------------------------------------+------------+--------+---------------------+---------------------+
599 rows in set (0.0539 sec)
 MySQL  localhost:33060+ ssl  sakila  SQL > select count * from customer;
ERROR: 1064: You have an error in your SQL syntax; check the manual that corresponds to your MySQL server version for the right syntax to use near 'from customer' at line 1
 MySQL  localhost:33060+ ssl  sakila  SQL > select count (*) from customer;
ERROR: 1064: You have an error in your SQL syntax; check the manual that corresponds to your MySQL server version for the right syntax to use near '*) from customer' at line 1
 MySQL  localhost:33060+ ssl  sakila  SQL > select count(*) from customer;
+----------+
| count(*) |
+----------+
|      599 |
+----------+
1 row in set (0.0076 sec)
 MySQL  localhost:33060+ ssl  sakila  SQL > desc customer;
+-------------+-------------------+------+-----+-------------------+-----------------------------------------------+
| Field       | Type              | Null | Key | Default           | Extra                                         |
+-------------+-------------------+------+-----+-------------------+-----------------------------------------------+
| customer_id | smallint unsigned | NO   | PRI | NULL              | auto_increment                                |
| store_id    | tinyint unsigned  | NO   | MUL | NULL              |                                               |
| first_name  | varchar(45)       | NO   |     | NULL              |                                               |
| last_name   | varchar(45)       | NO   | MUL | NULL              |                                               |
| email       | varchar(50)       | YES  |     | NULL              |                                               |
| address_id  | smallint unsigned | NO   | MUL | NULL              |                                               |
| active      | tinyint(1)        | NO   |     | 1                 |                                               |
| create_date | datetime          | NO   |     | NULL              |                                               |
| last_update | timestamp         | YES  |     | CURRENT_TIMESTAMP | DEFAULT_GENERATED on update CURRENT_TIMESTAMP |
+-------------+-------------------+------+-----+-------------------+-----------------------------------------------+
9 rows in set (0.0023 sec)
 MySQL  localhost:33060+ ssl  sakila  SQL > select count(*) from customer where id=2;
ERROR: 1054: Unknown column 'id' in 'where clause'
 MySQL  localhost:33060+ ssl  sakila  SQL > select count(*) from customer where customer_id=2;
+----------+
| count(*) |
+----------+
|        1 |
+----------+
1 row in set (0.0007 sec)
 MySQL  localhost:33060+ ssl  sakila  SQL > select count(*) from customer where customer_id<100;
+----------+
| count(*) |
+----------+
|       99 |
+----------+
1 row in set (0.0053 sec)
 MySQL  localhost:33060+ ssl  sakila  SQL > select first_name, last_name, email from customer where customer_id<100 order by last_name, first_name;
+------------+------------+---------------------------------------+
| first_name | last_name  | email                                 |
+------------+------------+---------------------------------------+
| KATHLEEN   | ADAMS      | KATHLEEN.ADAMS@sakilacustomer.org     |
| DIANA      | ALEXANDER  | DIANA.ALEXANDER@sakilacustomer.org    |
| SHIRLEY    | ALLEN      | SHIRLEY.ALLEN@sakilacustomer.org      |
| LISA       | ANDERSON   | LISA.ANDERSON@sakilacustomer.org      |
| MILDRED    | BAILEY     | MILDRED.BAILEY@sakilacustomer.org     |
| PAMELA     | BAKER      | PAMELA.BAKER@sakilacustomer.org       |
| RACHEL     | BARNES     | RACHEL.BARNES@sakilacustomer.org      |
| JEAN       | BELL       | JEAN.BELL@sakilacustomer.org          |
| JANE       | BENNETT    | JANE.BENNETT@sakilacustomer.org       |
| BEVERLY    | BROOKS     | BEVERLY.BROOKS@sakilacustomer.org     |
| ELIZABETH  | BROWN      | ELIZABETH.BROWN@sakilacustomer.org    |
| PAULA      | BRYANT     | PAULA.BRYANT@sakilacustomer.org       |
| LOIS       | BUTLER     | LOIS.BUTLER@sakilacustomer.org        |
| CATHERINE  | CAMPBELL   | CATHERINE.CAMPBELL@sakilacustomer.org |
| AMANDA     | CARTER     | AMANDA.CARTER@sakilacustomer.org      |
| MICHELLE   | CLARK      | MICHELLE.CLARK@sakilacustomer.org     |
| KATHRYN    | COLEMAN    | KATHRYN.COLEMAN@sakilacustomer.org    |
| DIANE      | COLLINS    | DIANE.COLLINS@sakilacustomer.org      |
| GLORIA     | COOK       | GLORIA.COOK@sakilacustomer.org        |
| JOAN       | COOPER     | JOAN.COOPER@sakilacustomer.org        |
| JUDITH     | COX        | JUDITH.COX@sakilacustomer.org         |
| JENNIFER   | DAVIS      | JENNIFER.DAVIS@sakilacustomer.org     |
| EMILY      | DIAZ       | EMILY.DIAZ@sakilacustomer.org         |
| JOYCE      | EDWARDS    | JOYCE.EDWARDS@sakilacustomer.org      |
| ANN        | EVANS      | ANN.EVANS@sakilacustomer.org          |
| JULIA      | FLORES     | JULIA.FLORES@sakilacustomer.org       |
| PHYLLIS    | FOSTER     | PHYLLIS.FOSTER@sakilacustomer.org     |
| CAROL      | GARCIA     | CAROL.GARCIA@sakilacustomer.org       |
| NORMA      | GONZALES   | NORMA.GONZALES@sakilacustomer.org     |
| MARTHA     | GONZALEZ   | MARTHA.GONZALEZ@sakilacustomer.org    |
| JUDY       | GRAY       | JUDY.GRAY@sakilacustomer.org          |
| VIRGINIA   | GREEN      | VIRGINIA.GREEN@sakilacustomer.org     |
| LILLIAN    | GRIFFIN    | LILLIAN.GRIFFIN@sakilacustomer.org    |
| JESSICA    | HALL       | JESSICA.HALL@sakilacustomer.org       |
| HELEN      | HARRIS     | HELEN.HARRIS@sakilacustomer.org       |
| ANDREA     | HENDERSON  | ANDREA.HENDERSON@sakilacustomer.org   |
| ANGELA     | HERNANDEZ  | ANGELA.HERNANDEZ@sakilacustomer.org   |
| ANNA       | HILL       | ANNA.HILL@sakilacustomer.org          |
| ROSE       | HOWARD     | ROSE.HOWARD@sakilacustomer.org        |
| BONNIE     | HUGHES     | BONNIE.HUGHES@sakilacustomer.org      |
| KAREN      | JACKSON    | KAREN.JACKSON@sakilacustomer.org      |
| KATHY      | JAMES      | KATHY.JAMES@sakilacustomer.org        |
| LOUISE     | JENKINS    | LOUISE.JENKINS@sakilacustomer.org     |
| PATRICIA   | JOHNSON    | PATRICIA.JOHNSON@sakilacustomer.org   |
| BARBARA    | JONES      | BARBARA.JONES@sakilacustomer.org      |
| DENISE     | KELLY      | DENISE.KELLY@sakilacustomer.org       |
| MELISSA    | KING       | MELISSA.KING@sakilacustomer.org       |
| KIMBERLY   | LEE        | KIMBERLY.LEE@sakilacustomer.org       |
| SARAH      | LEWIS      | SARAH.LEWIS@sakilacustomer.org        |
| JACQUELINE | LONG       | JACQUELINE.LONG@sakilacustomer.org    |
| AMY        | LOPEZ      | AMY.LOPEZ@sakilacustomer.org          |
| SANDRA     | MARTIN     | SANDRA.MARTIN@sakilacustomer.org      |
| RUTH       | MARTINEZ   | RUTH.MARTINEZ@sakilacustomer.org      |
| MARIA      | MILLER     | MARIA.MILLER@sakilacustomer.org       |
| STEPHANIE  | MITCHELL   | STEPHANIE.MITCHELL@sakilacustomer.org |
| MARGARET   | MOORE      | MARGARET.MOORE@sakilacustomer.org     |
| EVELYN     | MORGAN     | EVELYN.MORGAN@sakilacustomer.org      |
| HEATHER    | MORRIS     | HEATHER.MORRIS@sakilacustomer.org     |
| CHERYL     | MURPHY     | CHERYL.MURPHY@sakilacustomer.org      |
| DEBRA      | NELSON     | DEBRA.NELSON@sakilacustomer.org       |
| FRANCES    | PARKER     | FRANCES.PARKER@sakilacustomer.org     |
| WANDA      | PATTERSON  | WANDA.PATTERSON@sakilacustomer.org    |
| CAROLYN    | PEREZ      | CAROLYN.PEREZ@sakilacustomer.org      |
| SARA       | PERRY      | SARA.PERRY@sakilacustomer.org         |
| NICOLE     | PETERSON   | NICOLE.PETERSON@sakilacustomer.org    |
| JANET      | PHILLIPS   | JANET.PHILLIPS@sakilacustomer.org     |
| ANNE       | POWELL     | ANNE.POWELL@sakilacustomer.org        |
| IRENE      | PRICE      | IRENE.PRICE@sakilacustomer.org        |
| CHRISTINA  | RAMIREZ    | CHRISTINA.RAMIREZ@sakilacustomer.org  |
| DORIS      | REED       | DORIS.REED@sakilacustomer.org         |
| ASHLEY     | RICHARDSON | ASHLEY.RICHARDSON@sakilacustomer.org  |
| KATHERINE  | RIVERA     | KATHERINE.RIVERA@sakilacustomer.org   |
| CHRISTINE  | ROBERTS    | CHRISTINE.ROBERTS@sakilacustomer.org  |
| SHARON     | ROBINSON   | SHARON.ROBINSON@sakilacustomer.org    |
| LAURA      | RODRIGUEZ  | LAURA.RODRIGUEZ@sakilacustomer.org    |
| TERESA     | ROGERS     | TERESA.ROGERS@sakilacustomer.org      |
| MARILYN    | ROSS       | MARILYN.ROSS@sakilacustomer.org       |
| ANNIE      | RUSSELL    | ANNIE.RUSSELL@sakilacustomer.org      |
| JULIE      | SANCHEZ    | JULIE.SANCHEZ@sakilacustomer.org      |
| TAMMY      | SANDERS    | TAMMY.SANDERS@sakilacustomer.org      |
| REBECCA    | SCOTT      | REBECCA.SCOTT@sakilacustomer.org      |
| TINA       | SIMMONS    | TINA.SIMMONS@sakilacustomer.org       |
| MARY       | SMITH      | MARY.SMITH@sakilacustomer.org         |
| ALICE      | STEWART    | ALICE.STEWART@sakilacustomer.org      |
| DOROTHY    | TAYLOR     | DOROTHY.TAYLOR@sakilacustomer.org     |
| NANCY      | THOMAS     | NANCY.THOMAS@sakilacustomer.org       |
| DONNA      | THOMPSON   | DONNA.THOMPSON@sakilacustomer.org     |
| KELLY      | TORRES     | KELLY.TORRES@sakilacustomer.org       |
| MARIE      | TURNER     | MARIE.TURNER@sakilacustomer.org       |
| DEBORAH    | WALKER     | DEBORAH.WALKER@sakilacustomer.org     |
| JANICE     | WARD       | JANICE.WARD@sakilacustomer.org        |
| RUBY       | WASHINGTON | RUBY.WASHINGTON@sakilacustomer.org    |
| THERESA    | WATSON     | THERESA.WATSON@sakilacustomer.org     |
| BETTY      | WHITE      | BETTY.WHITE@sakilacustomer.org        |
| LINDA      | WILLIAMS   | LINDA.WILLIAMS@sakilacustomer.org     |
| SUSAN      | WILSON     | SUSAN.WILSON@sakilacustomer.org       |
| LORI       | WOOD       | LORI.WOOD@sakilacustomer.org          |
| BRENDA     | WRIGHT     | BRENDA.WRIGHT@sakilacustomer.org      |
| CYNTHIA    | YOUNG      | CYNTHIA.YOUNG@sakilacustomer.org      |
+------------+------------+---------------------------------------+
99 rows in set (0.0017 sec)
 MySQL  localhost:33060+ ssl  sakila  SQL > select first_name, last_name, email from customer;
+-------------+--------------+------------------------------------------+
| first_name  | last_name    | email                                    |
+-------------+--------------+------------------------------------------+
| MARY        | SMITH        | MARY.SMITH@sakilacustomer.org            |
| PATRICIA    | JOHNSON      | PATRICIA.JOHNSON@sakilacustomer.org      |
| LINDA       | WILLIAMS     | LINDA.WILLIAMS@sakilacustomer.org        |
| BARBARA     | JONES        | BARBARA.JONES@sakilacustomer.org         |
| ELIZABETH   | BROWN        | ELIZABETH.BROWN@sakilacustomer.org       |
| JENNIFER    | DAVIS        | JENNIFER.DAVIS@sakilacustomer.org        |
| MARIA       | MILLER       | MARIA.MILLER@sakilacustomer.org          |
| SUSAN       | WILSON       | SUSAN.WILSON@sakilacustomer.org          |
| MARGARET    | MOORE        | MARGARET.MOORE@sakilacustomer.org        |
| DOROTHY     | TAYLOR       | DOROTHY.TAYLOR@sakilacustomer.org        |
| LISA        | ANDERSON     | LISA.ANDERSON@sakilacustomer.org         |
| NANCY       | THOMAS       | NANCY.THOMAS@sakilacustomer.org          |
| KAREN       | JACKSON      | KAREN.JACKSON@sakilacustomer.org         |
| BETTY       | WHITE        | BETTY.WHITE@sakilacustomer.org           |
| HELEN       | HARRIS       | HELEN.HARRIS@sakilacustomer.org          |
| SANDRA      | MARTIN       | SANDRA.MARTIN@sakilacustomer.org         |
| DONNA       | THOMPSON     | DONNA.THOMPSON@sakilacustomer.org        |
| CAROL       | GARCIA       | CAROL.GARCIA@sakilacustomer.org          |
| RUTH        | MARTINEZ     | RUTH.MARTINEZ@sakilacustomer.org         |
| SHARON      | ROBINSON     | SHARON.ROBINSON@sakilacustomer.org       |
| MICHELLE    | CLARK        | MICHELLE.CLARK@sakilacustomer.org        |
| LAURA       | RODRIGUEZ    | LAURA.RODRIGUEZ@sakilacustomer.org       |
| SARAH       | LEWIS        | SARAH.LEWIS@sakilacustomer.org           |
| KIMBERLY    | LEE          | KIMBERLY.LEE@sakilacustomer.org          |
| DEBORAH     | WALKER       | DEBORAH.WALKER@sakilacustomer.org        |
| JESSICA     | HALL         | JESSICA.HALL@sakilacustomer.org          |
| SHIRLEY     | ALLEN        | SHIRLEY.ALLEN@sakilacustomer.org         |
| CYNTHIA     | YOUNG        | CYNTHIA.YOUNG@sakilacustomer.org         |
| ANGELA      | HERNANDEZ    | ANGELA.HERNANDEZ@sakilacustomer.org      |
| MELISSA     | KING         | MELISSA.KING@sakilacustomer.org          |
| BRENDA      | WRIGHT       | BRENDA.WRIGHT@sakilacustomer.org         |
| AMY         | LOPEZ        | AMY.LOPEZ@sakilacustomer.org             |
| ANNA        | HILL         | ANNA.HILL@sakilacustomer.org             |
| REBECCA     | SCOTT        | REBECCA.SCOTT@sakilacustomer.org         |
| VIRGINIA    | GREEN        | VIRGINIA.GREEN@sakilacustomer.org        |
| KATHLEEN    | ADAMS        | KATHLEEN.ADAMS@sakilacustomer.org        |
| PAMELA      | BAKER        | PAMELA.BAKER@sakilacustomer.org          |
| MARTHA      | GONZALEZ     | MARTHA.GONZALEZ@sakilacustomer.org       |
| DEBRA       | NELSON       | DEBRA.NELSON@sakilacustomer.org          |
| AMANDA      | CARTER       | AMANDA.CARTER@sakilacustomer.org         |
| STEPHANIE   | MITCHELL     | STEPHANIE.MITCHELL@sakilacustomer.org    |
| CAROLYN     | PEREZ        | CAROLYN.PEREZ@sakilacustomer.org         |
| CHRISTINE   | ROBERTS      | CHRISTINE.ROBERTS@sakilacustomer.org     |
| MARIE       | TURNER       | MARIE.TURNER@sakilacustomer.org          |
| JANET       | PHILLIPS     | JANET.PHILLIPS@sakilacustomer.org        |
| CATHERINE   | CAMPBELL     | CATHERINE.CAMPBELL@sakilacustomer.org    |
| FRANCES     | PARKER       | FRANCES.PARKER@sakilacustomer.org        |
| ANN         | EVANS        | ANN.EVANS@sakilacustomer.org             |
| JOYCE       | EDWARDS      | JOYCE.EDWARDS@sakilacustomer.org         |
| DIANE       | COLLINS      | DIANE.COLLINS@sakilacustomer.org         |
| ALICE       | STEWART      | ALICE.STEWART@sakilacustomer.org         |
| JULIE       | SANCHEZ      | JULIE.SANCHEZ@sakilacustomer.org         |
| HEATHER     | MORRIS       | HEATHER.MORRIS@sakilacustomer.org        |
| TERESA      | ROGERS       | TERESA.ROGERS@sakilacustomer.org         |
| DORIS       | REED         | DORIS.REED@sakilacustomer.org            |
| GLORIA      | COOK         | GLORIA.COOK@sakilacustomer.org           |
| EVELYN      | MORGAN       | EVELYN.MORGAN@sakilacustomer.org         |
| JEAN        | BELL         | JEAN.BELL@sakilacustomer.org             |
| CHERYL      | MURPHY       | CHERYL.MURPHY@sakilacustomer.org         |
| MILDRED     | BAILEY       | MILDRED.BAILEY@sakilacustomer.org        |
| KATHERINE   | RIVERA       | KATHERINE.RIVERA@sakilacustomer.org      |
| JOAN        | COOPER       | JOAN.COOPER@sakilacustomer.org           |
| ASHLEY      | RICHARDSON   | ASHLEY.RICHARDSON@sakilacustomer.org     |
| JUDITH      | COX          | JUDITH.COX@sakilacustomer.org            |
| ROSE        | HOWARD       | ROSE.HOWARD@sakilacustomer.org           |
| JANICE      | WARD         | JANICE.WARD@sakilacustomer.org           |
| KELLY       | TORRES       | KELLY.TORRES@sakilacustomer.org          |
| NICOLE      | PETERSON     | NICOLE.PETERSON@sakilacustomer.org       |
| JUDY        | GRAY         | JUDY.GRAY@sakilacustomer.org             |
| CHRISTINA   | RAMIREZ      | CHRISTINA.RAMIREZ@sakilacustomer.org     |
| KATHY       | JAMES        | KATHY.JAMES@sakilacustomer.org           |
| THERESA     | WATSON       | THERESA.WATSON@sakilacustomer.org        |
| BEVERLY     | BROOKS       | BEVERLY.BROOKS@sakilacustomer.org        |
| DENISE      | KELLY        | DENISE.KELLY@sakilacustomer.org          |
| TAMMY       | SANDERS      | TAMMY.SANDERS@sakilacustomer.org         |
| IRENE       | PRICE        | IRENE.PRICE@sakilacustomer.org           |
| JANE        | BENNETT      | JANE.BENNETT@sakilacustomer.org          |
| LORI        | WOOD         | LORI.WOOD@sakilacustomer.org             |
| RACHEL      | BARNES       | RACHEL.BARNES@sakilacustomer.org         |
| MARILYN     | ROSS         | MARILYN.ROSS@sakilacustomer.org          |
| ANDREA      | HENDERSON    | ANDREA.HENDERSON@sakilacustomer.org      |
| KATHRYN     | COLEMAN      | KATHRYN.COLEMAN@sakilacustomer.org       |
| LOUISE      | JENKINS      | LOUISE.JENKINS@sakilacustomer.org        |
| SARA        | PERRY        | SARA.PERRY@sakilacustomer.org            |
| ANNE        | POWELL       | ANNE.POWELL@sakilacustomer.org           |
| JACQUELINE  | LONG         | JACQUELINE.LONG@sakilacustomer.org       |
| WANDA       | PATTERSON    | WANDA.PATTERSON@sakilacustomer.org       |
| BONNIE      | HUGHES       | BONNIE.HUGHES@sakilacustomer.org         |
| JULIA       | FLORES       | JULIA.FLORES@sakilacustomer.org          |
| RUBY        | WASHINGTON   | RUBY.WASHINGTON@sakilacustomer.org       |
| LOIS        | BUTLER       | LOIS.BUTLER@sakilacustomer.org           |
| TINA        | SIMMONS      | TINA.SIMMONS@sakilacustomer.org          |
| PHYLLIS     | FOSTER       | PHYLLIS.FOSTER@sakilacustomer.org        |
| NORMA       | GONZALES     | NORMA.GONZALES@sakilacustomer.org        |
| PAULA       | BRYANT       | PAULA.BRYANT@sakilacustomer.org          |
| DIANA       | ALEXANDER    | DIANA.ALEXANDER@sakilacustomer.org       |
| ANNIE       | RUSSELL      | ANNIE.RUSSELL@sakilacustomer.org         |
| LILLIAN     | GRIFFIN      | LILLIAN.GRIFFIN@sakilacustomer.org       |
| EMILY       | DIAZ         | EMILY.DIAZ@sakilacustomer.org            |
| ROBIN       | HAYES        | ROBIN.HAYES@sakilacustomer.org           |
| PEGGY       | MYERS        | PEGGY.MYERS@sakilacustomer.org           |
| CRYSTAL     | FORD         | CRYSTAL.FORD@sakilacustomer.org          |
| GLADYS      | HAMILTON     | GLADYS.HAMILTON@sakilacustomer.org       |
| RITA        | GRAHAM       | RITA.GRAHAM@sakilacustomer.org           |
| DAWN        | SULLIVAN     | DAWN.SULLIVAN@sakilacustomer.org         |
| CONNIE      | WALLACE      | CONNIE.WALLACE@sakilacustomer.org        |
| FLORENCE    | WOODS        | FLORENCE.WOODS@sakilacustomer.org        |
| TRACY       | COLE         | TRACY.COLE@sakilacustomer.org            |
| EDNA        | WEST         | EDNA.WEST@sakilacustomer.org             |
| TIFFANY     | JORDAN       | TIFFANY.JORDAN@sakilacustomer.org        |
| CARMEN      | OWENS        | CARMEN.OWENS@sakilacustomer.org          |
| ROSA        | REYNOLDS     | ROSA.REYNOLDS@sakilacustomer.org         |
| CINDY       | FISHER       | CINDY.FISHER@sakilacustomer.org          |
| GRACE       | ELLIS        | GRACE.ELLIS@sakilacustomer.org           |
| WENDY       | HARRISON     | WENDY.HARRISON@sakilacustomer.org        |
| VICTORIA    | GIBSON       | VICTORIA.GIBSON@sakilacustomer.org       |
| EDITH       | MCDONALD     | EDITH.MCDONALD@sakilacustomer.org        |
| KIM         | CRUZ         | KIM.CRUZ@sakilacustomer.org              |
| SHERRY      | MARSHALL     | SHERRY.MARSHALL@sakilacustomer.org       |
| SYLVIA      | ORTIZ        | SYLVIA.ORTIZ@sakilacustomer.org          |
| JOSEPHINE   | GOMEZ        | JOSEPHINE.GOMEZ@sakilacustomer.org       |
| THELMA      | MURRAY       | THELMA.MURRAY@sakilacustomer.org         |
| SHANNON     | FREEMAN      | SHANNON.FREEMAN@sakilacustomer.org       |
| SHEILA      | WELLS        | SHEILA.WELLS@sakilacustomer.org          |
| ETHEL       | WEBB         | ETHEL.WEBB@sakilacustomer.org            |
| ELLEN       | SIMPSON      | ELLEN.SIMPSON@sakilacustomer.org         |
| ELAINE      | STEVENS      | ELAINE.STEVENS@sakilacustomer.org        |
| MARJORIE    | TUCKER       | MARJORIE.TUCKER@sakilacustomer.org       |
| CARRIE      | PORTER       | CARRIE.PORTER@sakilacustomer.org         |
| CHARLOTTE   | HUNTER       | CHARLOTTE.HUNTER@sakilacustomer.org      |
| MONICA      | HICKS        | MONICA.HICKS@sakilacustomer.org          |
| ESTHER      | CRAWFORD     | ESTHER.CRAWFORD@sakilacustomer.org       |
| PAULINE     | HENRY        | PAULINE.HENRY@sakilacustomer.org         |
| EMMA        | BOYD         | EMMA.BOYD@sakilacustomer.org             |
| JUANITA     | MASON        | JUANITA.MASON@sakilacustomer.org         |
| ANITA       | MORALES      | ANITA.MORALES@sakilacustomer.org         |
| RHONDA      | KENNEDY      | RHONDA.KENNEDY@sakilacustomer.org        |
| HAZEL       | WARREN       | HAZEL.WARREN@sakilacustomer.org          |
| AMBER       | DIXON        | AMBER.DIXON@sakilacustomer.org           |
| EVA         | RAMOS        | EVA.RAMOS@sakilacustomer.org             |
| DEBBIE      | REYES        | DEBBIE.REYES@sakilacustomer.org          |
| APRIL       | BURNS        | APRIL.BURNS@sakilacustomer.org           |
| LESLIE      | GORDON       | LESLIE.GORDON@sakilacustomer.org         |
| CLARA       | SHAW         | CLARA.SHAW@sakilacustomer.org            |
| LUCILLE     | HOLMES       | LUCILLE.HOLMES@sakilacustomer.org        |
| JAMIE       | RICE         | JAMIE.RICE@sakilacustomer.org            |
| JOANNE      | ROBERTSON    | JOANNE.ROBERTSON@sakilacustomer.org      |
| ELEANOR     | HUNT         | ELEANOR.HUNT@sakilacustomer.org          |
| VALERIE     | BLACK        | VALERIE.BLACK@sakilacustomer.org         |
| DANIELLE    | DANIELS      | DANIELLE.DANIELS@sakilacustomer.org      |
| MEGAN       | PALMER       | MEGAN.PALMER@sakilacustomer.org          |
| ALICIA      | MILLS        | ALICIA.MILLS@sakilacustomer.org          |
| SUZANNE     | NICHOLS      | SUZANNE.NICHOLS@sakilacustomer.org       |
| MICHELE     | GRANT        | MICHELE.GRANT@sakilacustomer.org         |
| GAIL        | KNIGHT       | GAIL.KNIGHT@sakilacustomer.org           |
| BERTHA      | FERGUSON     | BERTHA.FERGUSON@sakilacustomer.org       |
| DARLENE     | ROSE         | DARLENE.ROSE@sakilacustomer.org          |
| VERONICA    | STONE        | VERONICA.STONE@sakilacustomer.org        |
| JILL        | HAWKINS      | JILL.HAWKINS@sakilacustomer.org          |
| ERIN        | DUNN         | ERIN.DUNN@sakilacustomer.org             |
| GERALDINE   | PERKINS      | GERALDINE.PERKINS@sakilacustomer.org     |
| LAUREN      | HUDSON       | LAUREN.HUDSON@sakilacustomer.org         |
| CATHY       | SPENCER      | CATHY.SPENCER@sakilacustomer.org         |
| JOANN       | GARDNER      | JOANN.GARDNER@sakilacustomer.org         |
| LORRAINE    | STEPHENS     | LORRAINE.STEPHENS@sakilacustomer.org     |
| LYNN        | PAYNE        | LYNN.PAYNE@sakilacustomer.org            |
| SALLY       | PIERCE       | SALLY.PIERCE@sakilacustomer.org          |
| REGINA      | BERRY        | REGINA.BERRY@sakilacustomer.org          |
| ERICA       | MATTHEWS     | ERICA.MATTHEWS@sakilacustomer.org        |
| BEATRICE    | ARNOLD       | BEATRICE.ARNOLD@sakilacustomer.org       |
| DOLORES     | WAGNER       | DOLORES.WAGNER@sakilacustomer.org        |
| BERNICE     | WILLIS       | BERNICE.WILLIS@sakilacustomer.org        |
| AUDREY      | RAY          | AUDREY.RAY@sakilacustomer.org            |
| YVONNE      | WATKINS      | YVONNE.WATKINS@sakilacustomer.org        |
| ANNETTE     | OLSON        | ANNETTE.OLSON@sakilacustomer.org         |
| JUNE        | CARROLL      | JUNE.CARROLL@sakilacustomer.org          |
| SAMANTHA    | DUNCAN       | SAMANTHA.DUNCAN@sakilacustomer.org       |
| MARION      | SNYDER       | MARION.SNYDER@sakilacustomer.org         |
| DANA        | HART         | DANA.HART@sakilacustomer.org             |
| STACY       | CUNNINGHAM   | STACY.CUNNINGHAM@sakilacustomer.org      |
| ANA         | BRADLEY      | ANA.BRADLEY@sakilacustomer.org           |
| RENEE       | LANE         | RENEE.LANE@sakilacustomer.org            |
| IDA         | ANDREWS      | IDA.ANDREWS@sakilacustomer.org           |
| VIVIAN      | RUIZ         | VIVIAN.RUIZ@sakilacustomer.org           |
| ROBERTA     | HARPER       | ROBERTA.HARPER@sakilacustomer.org        |
| HOLLY       | FOX          | HOLLY.FOX@sakilacustomer.org             |
| BRITTANY    | RILEY        | BRITTANY.RILEY@sakilacustomer.org        |
| MELANIE     | ARMSTRONG    | MELANIE.ARMSTRONG@sakilacustomer.org     |
| LORETTA     | CARPENTER    | LORETTA.CARPENTER@sakilacustomer.org     |
| YOLANDA     | WEAVER       | YOLANDA.WEAVER@sakilacustomer.org        |
| JEANETTE    | GREENE       | JEANETTE.GREENE@sakilacustomer.org       |
| LAURIE      | LAWRENCE     | LAURIE.LAWRENCE@sakilacustomer.org       |
| KATIE       | ELLIOTT      | KATIE.ELLIOTT@sakilacustomer.org         |
| KRISTEN     | CHAVEZ       | KRISTEN.CHAVEZ@sakilacustomer.org        |
| VANESSA     | SIMS         | VANESSA.SIMS@sakilacustomer.org          |
| ALMA        | AUSTIN       | ALMA.AUSTIN@sakilacustomer.org           |
| SUE         | PETERS       | SUE.PETERS@sakilacustomer.org            |
| ELSIE       | KELLEY       | ELSIE.KELLEY@sakilacustomer.org          |
| BETH        | FRANKLIN     | BETH.FRANKLIN@sakilacustomer.org         |
| JEANNE      | LAWSON       | JEANNE.LAWSON@sakilacustomer.org         |
| VICKI       | FIELDS       | VICKI.FIELDS@sakilacustomer.org          |
| CARLA       | GUTIERREZ    | CARLA.GUTIERREZ@sakilacustomer.org       |
| TARA        | RYAN         | TARA.RYAN@sakilacustomer.org             |
| ROSEMARY    | SCHMIDT      | ROSEMARY.SCHMIDT@sakilacustomer.org      |
| EILEEN      | CARR         | EILEEN.CARR@sakilacustomer.org           |
| TERRI       | VASQUEZ      | TERRI.VASQUEZ@sakilacustomer.org         |
| GERTRUDE    | CASTILLO     | GERTRUDE.CASTILLO@sakilacustomer.org     |
| LUCY        | WHEELER      | LUCY.WHEELER@sakilacustomer.org          |
| TONYA       | CHAPMAN      | TONYA.CHAPMAN@sakilacustomer.org         |
| ELLA        | OLIVER       | ELLA.OLIVER@sakilacustomer.org           |
| STACEY      | MONTGOMERY   | STACEY.MONTGOMERY@sakilacustomer.org     |
| WILMA       | RICHARDS     | WILMA.RICHARDS@sakilacustomer.org        |
| GINA        | WILLIAMSON   | GINA.WILLIAMSON@sakilacustomer.org       |
| KRISTIN     | JOHNSTON     | KRISTIN.JOHNSTON@sakilacustomer.org      |
| JESSIE      | BANKS        | JESSIE.BANKS@sakilacustomer.org          |
| NATALIE     | MEYER        | NATALIE.MEYER@sakilacustomer.org         |
| AGNES       | BISHOP       | AGNES.BISHOP@sakilacustomer.org          |
| VERA        | MCCOY        | VERA.MCCOY@sakilacustomer.org            |
| WILLIE      | HOWELL       | WILLIE.HOWELL@sakilacustomer.org         |
| CHARLENE    | ALVAREZ      | CHARLENE.ALVAREZ@sakilacustomer.org      |
| BESSIE      | MORRISON     | BESSIE.MORRISON@sakilacustomer.org       |
| DELORES     | HANSEN       | DELORES.HANSEN@sakilacustomer.org        |
| MELINDA     | FERNANDEZ    | MELINDA.FERNANDEZ@sakilacustomer.org     |
| PEARL       | GARZA        | PEARL.GARZA@sakilacustomer.org           |
| ARLENE      | HARVEY       | ARLENE.HARVEY@sakilacustomer.org         |
| MAUREEN     | LITTLE       | MAUREEN.LITTLE@sakilacustomer.org        |
| COLLEEN     | BURTON       | COLLEEN.BURTON@sakilacustomer.org        |
| ALLISON     | STANLEY      | ALLISON.STANLEY@sakilacustomer.org       |
| TAMARA      | NGUYEN       | TAMARA.NGUYEN@sakilacustomer.org         |
| JOY         | GEORGE       | JOY.GEORGE@sakilacustomer.org            |
| GEORGIA     | JACOBS       | GEORGIA.JACOBS@sakilacustomer.org        |
| CONSTANCE   | REID         | CONSTANCE.REID@sakilacustomer.org        |
| LILLIE      | KIM          | LILLIE.KIM@sakilacustomer.org            |
| CLAUDIA     | FULLER       | CLAUDIA.FULLER@sakilacustomer.org        |
| JACKIE      | LYNCH        | JACKIE.LYNCH@sakilacustomer.org          |
| MARCIA      | DEAN         | MARCIA.DEAN@sakilacustomer.org           |
| TANYA       | GILBERT      | TANYA.GILBERT@sakilacustomer.org         |
| NELLIE      | GARRETT      | NELLIE.GARRETT@sakilacustomer.org        |
| MINNIE      | ROMERO       | MINNIE.ROMERO@sakilacustomer.org         |
| MARLENE     | WELCH        | MARLENE.WELCH@sakilacustomer.org         |
| HEIDI       | LARSON       | HEIDI.LARSON@sakilacustomer.org          |
| GLENDA      | FRAZIER      | GLENDA.FRAZIER@sakilacustomer.org        |
| LYDIA       | BURKE        | LYDIA.BURKE@sakilacustomer.org           |
| VIOLA       | HANSON       | VIOLA.HANSON@sakilacustomer.org          |
| COURTNEY    | DAY          | COURTNEY.DAY@sakilacustomer.org          |
| MARIAN      | MENDOZA      | MARIAN.MENDOZA@sakilacustomer.org        |
| STELLA      | MORENO       | STELLA.MORENO@sakilacustomer.org         |
| CAROLINE    | BOWMAN       | CAROLINE.BOWMAN@sakilacustomer.org       |
| DORA        | MEDINA       | DORA.MEDINA@sakilacustomer.org           |
| JO          | FOWLER       | JO.FOWLER@sakilacustomer.org             |
| VICKIE      | BREWER       | VICKIE.BREWER@sakilacustomer.org         |
| MATTIE      | HOFFMAN      | MATTIE.HOFFMAN@sakilacustomer.org        |
| TERRY       | CARLSON      | TERRY.CARLSON@sakilacustomer.org         |
| MAXINE      | SILVA        | MAXINE.SILVA@sakilacustomer.org          |
| IRMA        | PEARSON      | IRMA.PEARSON@sakilacustomer.org          |
| MABEL       | HOLLAND      | MABEL.HOLLAND@sakilacustomer.org         |
| MARSHA      | DOUGLAS      | MARSHA.DOUGLAS@sakilacustomer.org        |
| MYRTLE      | FLEMING      | MYRTLE.FLEMING@sakilacustomer.org        |
| LENA        | JENSEN       | LENA.JENSEN@sakilacustomer.org           |
| CHRISTY     | VARGAS       | CHRISTY.VARGAS@sakilacustomer.org        |
| DEANNA      | BYRD         | DEANNA.BYRD@sakilacustomer.org           |
| PATSY       | DAVIDSON     | PATSY.DAVIDSON@sakilacustomer.org        |
| HILDA       | HOPKINS      | HILDA.HOPKINS@sakilacustomer.org         |
| GWENDOLYN   | MAY          | GWENDOLYN.MAY@sakilacustomer.org         |
| JENNIE      | TERRY        | JENNIE.TERRY@sakilacustomer.org          |
| NORA        | HERRERA      | NORA.HERRERA@sakilacustomer.org          |
| MARGIE      | WADE         | MARGIE.WADE@sakilacustomer.org           |
| NINA        | SOTO         | NINA.SOTO@sakilacustomer.org             |
| CASSANDRA   | WALTERS      | CASSANDRA.WALTERS@sakilacustomer.org     |
| LEAH        | CURTIS       | LEAH.CURTIS@sakilacustomer.org           |
| PENNY       | NEAL         | PENNY.NEAL@sakilacustomer.org            |
| KAY         | CALDWELL     | KAY.CALDWELL@sakilacustomer.org          |
| PRISCILLA   | LOWE         | PRISCILLA.LOWE@sakilacustomer.org        |
| NAOMI       | JENNINGS     | NAOMI.JENNINGS@sakilacustomer.org        |
| CAROLE      | BARNETT      | CAROLE.BARNETT@sakilacustomer.org        |
| BRANDY      | GRAVES       | BRANDY.GRAVES@sakilacustomer.org         |
| OLGA        | JIMENEZ      | OLGA.JIMENEZ@sakilacustomer.org          |
| BILLIE      | HORTON       | BILLIE.HORTON@sakilacustomer.org         |
| DIANNE      | SHELTON      | DIANNE.SHELTON@sakilacustomer.org        |
| TRACEY      | BARRETT      | TRACEY.BARRETT@sakilacustomer.org        |
| LEONA       | OBRIEN       | LEONA.OBRIEN@sakilacustomer.org          |
| JENNY       | CASTRO       | JENNY.CASTRO@sakilacustomer.org          |
| FELICIA     | SUTTON       | FELICIA.SUTTON@sakilacustomer.org        |
| SONIA       | GREGORY      | SONIA.GREGORY@sakilacustomer.org         |
| MIRIAM      | MCKINNEY     | MIRIAM.MCKINNEY@sakilacustomer.org       |
| VELMA       | LUCAS        | VELMA.LUCAS@sakilacustomer.org           |
| BECKY       | MILES        | BECKY.MILES@sakilacustomer.org           |
| BOBBIE      | CRAIG        | BOBBIE.CRAIG@sakilacustomer.org          |
| VIOLET      | RODRIQUEZ    | VIOLET.RODRIQUEZ@sakilacustomer.org      |
| KRISTINA    | CHAMBERS     | KRISTINA.CHAMBERS@sakilacustomer.org     |
| TONI        | HOLT         | TONI.HOLT@sakilacustomer.org             |
| MISTY       | LAMBERT      | MISTY.LAMBERT@sakilacustomer.org         |
| MAE         | FLETCHER     | MAE.FLETCHER@sakilacustomer.org          |
| SHELLY      | WATTS        | SHELLY.WATTS@sakilacustomer.org          |
| DAISY       | BATES        | DAISY.BATES@sakilacustomer.org           |
| RAMONA      | HALE         | RAMONA.HALE@sakilacustomer.org           |
| SHERRI      | RHODES       | SHERRI.RHODES@sakilacustomer.org         |
| ERIKA       | PENA         | ERIKA.PENA@sakilacustomer.org            |
| JAMES       | GANNON       | JAMES.GANNON@sakilacustomer.org          |
| JOHN        | FARNSWORTH   | JOHN.FARNSWORTH@sakilacustomer.org       |
| ROBERT      | BAUGHMAN     | ROBERT.BAUGHMAN@sakilacustomer.org       |
| MICHAEL     | SILVERMAN    | MICHAEL.SILVERMAN@sakilacustomer.org     |
| WILLIAM     | SATTERFIELD  | WILLIAM.SATTERFIELD@sakilacustomer.org   |
| DAVID       | ROYAL        | DAVID.ROYAL@sakilacustomer.org           |
| RICHARD     | MCCRARY      | RICHARD.MCCRARY@sakilacustomer.org       |
| CHARLES     | KOWALSKI     | CHARLES.KOWALSKI@sakilacustomer.org      |
| JOSEPH      | JOY          | JOSEPH.JOY@sakilacustomer.org            |
| THOMAS      | GRIGSBY      | THOMAS.GRIGSBY@sakilacustomer.org        |
| CHRISTOPHER | GRECO        | CHRISTOPHER.GRECO@sakilacustomer.org     |
| DANIEL      | CABRAL       | DANIEL.CABRAL@sakilacustomer.org         |
| PAUL        | TROUT        | PAUL.TROUT@sakilacustomer.org            |
| MARK        | RINEHART     | MARK.RINEHART@sakilacustomer.org         |
| DONALD      | MAHON        | DONALD.MAHON@sakilacustomer.org          |
| GEORGE      | LINTON       | GEORGE.LINTON@sakilacustomer.org         |
| KENNETH     | GOODEN       | KENNETH.GOODEN@sakilacustomer.org        |
| STEVEN      | CURLEY       | STEVEN.CURLEY@sakilacustomer.org         |
| EDWARD      | BAUGH        | EDWARD.BAUGH@sakilacustomer.org          |
| BRIAN       | WYMAN        | BRIAN.WYMAN@sakilacustomer.org           |
| RONALD      | WEINER       | RONALD.WEINER@sakilacustomer.org         |
| ANTHONY     | SCHWAB       | ANTHONY.SCHWAB@sakilacustomer.org        |
| KEVIN       | SCHULER      | KEVIN.SCHULER@sakilacustomer.org         |
| JASON       | MORRISSEY    | JASON.MORRISSEY@sakilacustomer.org       |
| MATTHEW     | MAHAN        | MATTHEW.MAHAN@sakilacustomer.org         |
| GARY        | COY          | GARY.COY@sakilacustomer.org              |
| TIMOTHY     | BUNN         | TIMOTHY.BUNN@sakilacustomer.org          |
| JOSE        | ANDREW       | JOSE.ANDREW@sakilacustomer.org           |
| LARRY       | THRASHER     | LARRY.THRASHER@sakilacustomer.org        |
| JEFFREY     | SPEAR        | JEFFREY.SPEAR@sakilacustomer.org         |
| FRANK       | WAGGONER     | FRANK.WAGGONER@sakilacustomer.org        |
| SCOTT       | SHELLEY      | SCOTT.SHELLEY@sakilacustomer.org         |
| ERIC        | ROBERT       | ERIC.ROBERT@sakilacustomer.org           |
| STEPHEN     | QUALLS       | STEPHEN.QUALLS@sakilacustomer.org        |
| ANDREW      | PURDY        | ANDREW.PURDY@sakilacustomer.org          |
| RAYMOND     | MCWHORTER    | RAYMOND.MCWHORTER@sakilacustomer.org     |
| GREGORY     | MAULDIN      | GREGORY.MAULDIN@sakilacustomer.org       |
| JOSHUA      | MARK         | JOSHUA.MARK@sakilacustomer.org           |
| JERRY       | JORDON       | JERRY.JORDON@sakilacustomer.org          |
| DENNIS      | GILMAN       | DENNIS.GILMAN@sakilacustomer.org         |
| WALTER      | PERRYMAN     | WALTER.PERRYMAN@sakilacustomer.org       |
| PATRICK     | NEWSOM       | PATRICK.NEWSOM@sakilacustomer.org        |
| PETER       | MENARD       | PETER.MENARD@sakilacustomer.org          |
| HAROLD      | MARTINO      | HAROLD.MARTINO@sakilacustomer.org        |
| DOUGLAS     | GRAF         | DOUGLAS.GRAF@sakilacustomer.org          |
| HENRY       | BILLINGSLEY  | HENRY.BILLINGSLEY@sakilacustomer.org     |
| CARL        | ARTIS        | CARL.ARTIS@sakilacustomer.org            |
| ARTHUR      | SIMPKINS     | ARTHUR.SIMPKINS@sakilacustomer.org       |
| RYAN        | SALISBURY    | RYAN.SALISBURY@sakilacustomer.org        |
| ROGER       | QUINTANILLA  | ROGER.QUINTANILLA@sakilacustomer.org     |
| JOE         | GILLILAND    | JOE.GILLILAND@sakilacustomer.org         |
| JUAN        | FRALEY       | JUAN.FRALEY@sakilacustomer.org           |
| JACK        | FOUST        | JACK.FOUST@sakilacustomer.org            |
| ALBERT      | CROUSE       | ALBERT.CROUSE@sakilacustomer.org         |
| JONATHAN    | SCARBOROUGH  | JONATHAN.SCARBOROUGH@sakilacustomer.org  |
| JUSTIN      | NGO          | JUSTIN.NGO@sakilacustomer.org            |
| TERRY       | GRISSOM      | TERRY.GRISSOM@sakilacustomer.org         |
| GERALD      | FULTZ        | GERALD.FULTZ@sakilacustomer.org          |
| KEITH       | RICO         | KEITH.RICO@sakilacustomer.org            |
| SAMUEL      | MARLOW       | SAMUEL.MARLOW@sakilacustomer.org         |
| WILLIE      | MARKHAM      | WILLIE.MARKHAM@sakilacustomer.org        |
| RALPH       | MADRIGAL     | RALPH.MADRIGAL@sakilacustomer.org        |
| LAWRENCE    | LAWTON       | LAWRENCE.LAWTON@sakilacustomer.org       |
| NICHOLAS    | BARFIELD     | NICHOLAS.BARFIELD@sakilacustomer.org     |
| ROY         | WHITING      | ROY.WHITING@sakilacustomer.org           |
| BENJAMIN    | VARNEY       | BENJAMIN.VARNEY@sakilacustomer.org       |
| BRUCE       | SCHWARZ      | BRUCE.SCHWARZ@sakilacustomer.org         |
| BRANDON     | HUEY         | BRANDON.HUEY@sakilacustomer.org          |
| ADAM        | GOOCH        | ADAM.GOOCH@sakilacustomer.org            |
| HARRY       | ARCE         | HARRY.ARCE@sakilacustomer.org            |
| FRED        | WHEAT        | FRED.WHEAT@sakilacustomer.org            |
| WAYNE       | TRUONG       | WAYNE.TRUONG@sakilacustomer.org          |
| BILLY       | POULIN       | BILLY.POULIN@sakilacustomer.org          |
| STEVE       | MACKENZIE    | STEVE.MACKENZIE@sakilacustomer.org       |
| LOUIS       | LEONE        | LOUIS.LEONE@sakilacustomer.org           |
| JEREMY      | HURTADO      | JEREMY.HURTADO@sakilacustomer.org        |
| AARON       | SELBY        | AARON.SELBY@sakilacustomer.org           |
| RANDY       | GAITHER      | RANDY.GAITHER@sakilacustomer.org         |
| HOWARD      | FORTNER      | HOWARD.FORTNER@sakilacustomer.org        |
| EUGENE      | CULPEPPER    | EUGENE.CULPEPPER@sakilacustomer.org      |
| CARLOS      | COUGHLIN     | CARLOS.COUGHLIN@sakilacustomer.org       |
| RUSSELL     | BRINSON      | RUSSELL.BRINSON@sakilacustomer.org       |
| BOBBY       | BOUDREAU     | BOBBY.BOUDREAU@sakilacustomer.org        |
| VICTOR      | BARKLEY      | VICTOR.BARKLEY@sakilacustomer.org        |
| MARTIN      | BALES        | MARTIN.BALES@sakilacustomer.org          |
| ERNEST      | STEPP        | ERNEST.STEPP@sakilacustomer.org          |
| PHILLIP     | HOLM         | PHILLIP.HOLM@sakilacustomer.org          |
| TODD        | TAN          | TODD.TAN@sakilacustomer.org              |
| JESSE       | SCHILLING    | JESSE.SCHILLING@sakilacustomer.org       |
| CRAIG       | MORRELL      | CRAIG.MORRELL@sakilacustomer.org         |
| ALAN        | KAHN         | ALAN.KAHN@sakilacustomer.org             |
| SHAWN       | HEATON       | SHAWN.HEATON@sakilacustomer.org          |
| CLARENCE    | GAMEZ        | CLARENCE.GAMEZ@sakilacustomer.org        |
| SEAN        | DOUGLASS     | SEAN.DOUGLASS@sakilacustomer.org         |
| PHILIP      | CAUSEY       | PHILIP.CAUSEY@sakilacustomer.org         |
| CHRIS       | BROTHERS     | CHRIS.BROTHERS@sakilacustomer.org        |
| JOHNNY      | TURPIN       | JOHNNY.TURPIN@sakilacustomer.org         |
| EARL        | SHANKS       | EARL.SHANKS@sakilacustomer.org           |
| JIMMY       | SCHRADER     | JIMMY.SCHRADER@sakilacustomer.org        |
| ANTONIO     | MEEK         | ANTONIO.MEEK@sakilacustomer.org          |
| DANNY       | ISOM         | DANNY.ISOM@sakilacustomer.org            |
| BRYAN       | HARDISON     | BRYAN.HARDISON@sakilacustomer.org        |
| TONY        | CARRANZA     | TONY.CARRANZA@sakilacustomer.org         |
| LUIS        | YANEZ        | LUIS.YANEZ@sakilacustomer.org            |
| MIKE        | WAY          | MIKE.WAY@sakilacustomer.org              |
| STANLEY     | SCROGGINS    | STANLEY.SCROGGINS@sakilacustomer.org     |
| LEONARD     | SCHOFIELD    | LEONARD.SCHOFIELD@sakilacustomer.org     |
| NATHAN      | RUNYON       | NATHAN.RUNYON@sakilacustomer.org         |
| DALE        | RATCLIFF     | DALE.RATCLIFF@sakilacustomer.org         |
| MANUEL      | MURRELL      | MANUEL.MURRELL@sakilacustomer.org        |
| RODNEY      | MOELLER      | RODNEY.MOELLER@sakilacustomer.org        |
| CURTIS      | IRBY         | CURTIS.IRBY@sakilacustomer.org           |
| NORMAN      | CURRIER      | NORMAN.CURRIER@sakilacustomer.org        |
| ALLEN       | BUTTERFIELD  | ALLEN.BUTTERFIELD@sakilacustomer.org     |
| MARVIN      | YEE          | MARVIN.YEE@sakilacustomer.org            |
| VINCENT     | RALSTON      | VINCENT.RALSTON@sakilacustomer.org       |
| GLENN       | PULLEN       | GLENN.PULLEN@sakilacustomer.org          |
| JEFFERY     | PINSON       | JEFFERY.PINSON@sakilacustomer.org        |
| TRAVIS      | ESTEP        | TRAVIS.ESTEP@sakilacustomer.org          |
| JEFF        | EAST         | JEFF.EAST@sakilacustomer.org             |
| CHAD        | CARBONE      | CHAD.CARBONE@sakilacustomer.org          |
| JACOB       | LANCE        | JACOB.LANCE@sakilacustomer.org           |
| LEE         | HAWKS        | LEE.HAWKS@sakilacustomer.org             |
| MELVIN      | ELLINGTON    | MELVIN.ELLINGTON@sakilacustomer.org      |
| ALFRED      | CASILLAS     | ALFRED.CASILLAS@sakilacustomer.org       |
| KYLE        | SPURLOCK     | KYLE.SPURLOCK@sakilacustomer.org         |
| FRANCIS     | SIKES        | FRANCIS.SIKES@sakilacustomer.org         |
| BRADLEY     | MOTLEY       | BRADLEY.MOTLEY@sakilacustomer.org        |
| JESUS       | MCCARTNEY    | JESUS.MCCARTNEY@sakilacustomer.org       |
| HERBERT     | KRUGER       | HERBERT.KRUGER@sakilacustomer.org        |
| FREDERICK   | ISBELL       | FREDERICK.ISBELL@sakilacustomer.org      |
| RAY         | HOULE        | RAY.HOULE@sakilacustomer.org             |
| JOEL        | FRANCISCO    | JOEL.FRANCISCO@sakilacustomer.org        |
| EDWIN       | BURK         | EDWIN.BURK@sakilacustomer.org            |
| DON         | BONE         | DON.BONE@sakilacustomer.org              |
| EDDIE       | TOMLIN       | EDDIE.TOMLIN@sakilacustomer.org          |
| RICKY       | SHELBY       | RICKY.SHELBY@sakilacustomer.org          |
| TROY        | QUIGLEY      | TROY.QUIGLEY@sakilacustomer.org          |
| RANDALL     | NEUMANN      | RANDALL.NEUMANN@sakilacustomer.org       |
| BARRY       | LOVELACE     | BARRY.LOVELACE@sakilacustomer.org        |
| ALEXANDER   | FENNELL      | ALEXANDER.FENNELL@sakilacustomer.org     |
| BERNARD     | COLBY        | BERNARD.COLBY@sakilacustomer.org         |
| MARIO       | CHEATHAM     | MARIO.CHEATHAM@sakilacustomer.org        |
| LEROY       | BUSTAMANTE   | LEROY.BUSTAMANTE@sakilacustomer.org      |
| FRANCISCO   | SKIDMORE     | FRANCISCO.SKIDMORE@sakilacustomer.org    |
| MARCUS      | HIDALGO      | MARCUS.HIDALGO@sakilacustomer.org        |
| MICHEAL     | FORMAN       | MICHEAL.FORMAN@sakilacustomer.org        |
| THEODORE    | CULP         | THEODORE.CULP@sakilacustomer.org         |
| CLIFFORD    | BOWENS       | CLIFFORD.BOWENS@sakilacustomer.org       |
| MIGUEL      | BETANCOURT   | MIGUEL.BETANCOURT@sakilacustomer.org     |
| OSCAR       | AQUINO       | OSCAR.AQUINO@sakilacustomer.org          |
| JAY         | ROBB         | JAY.ROBB@sakilacustomer.org              |
| JIM         | REA          | JIM.REA@sakilacustomer.org               |
| TOM         | MILNER       | TOM.MILNER@sakilacustomer.org            |
| CALVIN      | MARTEL       | CALVIN.MARTEL@sakilacustomer.org         |
| ALEX        | GRESHAM      | ALEX.GRESHAM@sakilacustomer.org          |
| JON         | WILES        | JON.WILES@sakilacustomer.org             |
| RONNIE      | RICKETTS     | RONNIE.RICKETTS@sakilacustomer.org       |
| BILL        | GAVIN        | BILL.GAVIN@sakilacustomer.org            |
| LLOYD       | DOWD         | LLOYD.DOWD@sakilacustomer.org            |
| TOMMY       | COLLAZO      | TOMMY.COLLAZO@sakilacustomer.org         |
| LEON        | BOSTIC       | LEON.BOSTIC@sakilacustomer.org           |
| DEREK       | BLAKELY      | DEREK.BLAKELY@sakilacustomer.org         |
| WARREN      | SHERROD      | WARREN.SHERROD@sakilacustomer.org        |
| DARRELL     | POWER        | DARRELL.POWER@sakilacustomer.org         |
| JEROME      | KENYON       | JEROME.KENYON@sakilacustomer.org         |
| FLOYD       | GANDY        | FLOYD.GANDY@sakilacustomer.org           |
| LEO         | EBERT        | LEO.EBERT@sakilacustomer.org             |
| ALVIN       | DELOACH      | ALVIN.DELOACH@sakilacustomer.org         |
| TIM         | CARY         | TIM.CARY@sakilacustomer.org              |
| WESLEY      | BULL         | WESLEY.BULL@sakilacustomer.org           |
| GORDON      | ALLARD       | GORDON.ALLARD@sakilacustomer.org         |
| DEAN        | SAUER        | DEAN.SAUER@sakilacustomer.org            |
| GREG        | ROBINS       | GREG.ROBINS@sakilacustomer.org           |
| JORGE       | OLIVARES     | JORGE.OLIVARES@sakilacustomer.org        |
| DUSTIN      | GILLETTE     | DUSTIN.GILLETTE@sakilacustomer.org       |
| PEDRO       | CHESTNUT     | PEDRO.CHESTNUT@sakilacustomer.org        |
| DERRICK     | BOURQUE      | DERRICK.BOURQUE@sakilacustomer.org       |
| DAN         | PAINE        | DAN.PAINE@sakilacustomer.org             |
| LEWIS       | LYMAN        | LEWIS.LYMAN@sakilacustomer.org           |
| ZACHARY     | HITE         | ZACHARY.HITE@sakilacustomer.org          |
| COREY       | HAUSER       | COREY.HAUSER@sakilacustomer.org          |
| HERMAN      | DEVORE       | HERMAN.DEVORE@sakilacustomer.org         |
| MAURICE     | CRAWLEY      | MAURICE.CRAWLEY@sakilacustomer.org       |
| VERNON      | CHAPA        | VERNON.CHAPA@sakilacustomer.org          |
| ROBERTO     | VU           | ROBERTO.VU@sakilacustomer.org            |
| CLYDE       | TOBIAS       | CLYDE.TOBIAS@sakilacustomer.org          |
| GLEN        | TALBERT      | GLEN.TALBERT@sakilacustomer.org          |
| HECTOR      | POINDEXTER   | HECTOR.POINDEXTER@sakilacustomer.org     |
| SHANE       | MILLARD      | SHANE.MILLARD@sakilacustomer.org         |
| RICARDO     | MEADOR       | RICARDO.MEADOR@sakilacustomer.org        |
| SAM         | MCDUFFIE     | SAM.MCDUFFIE@sakilacustomer.org          |
| RICK        | MATTOX       | RICK.MATTOX@sakilacustomer.org           |
| LESTER      | KRAUS        | LESTER.KRAUS@sakilacustomer.org          |
| BRENT       | HARKINS      | BRENT.HARKINS@sakilacustomer.org         |
| RAMON       | CHOATE       | RAMON.CHOATE@sakilacustomer.org          |
| CHARLIE     | BESS         | CHARLIE.BESS@sakilacustomer.org          |
| TYLER       | WREN         | TYLER.WREN@sakilacustomer.org            |
| GILBERT     | SLEDGE       | GILBERT.SLEDGE@sakilacustomer.org        |
| GENE        | SANBORN      | GENE.SANBORN@sakilacustomer.org          |
| MARC        | OUTLAW       | MARC.OUTLAW@sakilacustomer.org           |
| REGINALD    | KINDER       | REGINALD.KINDER@sakilacustomer.org       |
| RUBEN       | GEARY        | RUBEN.GEARY@sakilacustomer.org           |
| BRETT       | CORNWELL     | BRETT.CORNWELL@sakilacustomer.org        |
| ANGEL       | BARCLAY      | ANGEL.BARCLAY@sakilacustomer.org         |
| NATHANIEL   | ADAM         | NATHANIEL.ADAM@sakilacustomer.org        |
| RAFAEL      | ABNEY        | RAFAEL.ABNEY@sakilacustomer.org          |
| LESLIE      | SEWARD       | LESLIE.SEWARD@sakilacustomer.org         |
| EDGAR       | RHOADS       | EDGAR.RHOADS@sakilacustomer.org          |
| MILTON      | HOWLAND      | MILTON.HOWLAND@sakilacustomer.org        |
| RAUL        | FORTIER      | RAUL.FORTIER@sakilacustomer.org          |
| BEN         | EASTER       | BEN.EASTER@sakilacustomer.org            |
| CHESTER     | BENNER       | CHESTER.BENNER@sakilacustomer.org        |
| CECIL       | VINES        | CECIL.VINES@sakilacustomer.org           |
| DUANE       | TUBBS        | DUANE.TUBBS@sakilacustomer.org           |
| FRANKLIN    | TROUTMAN     | FRANKLIN.TROUTMAN@sakilacustomer.org     |
| ANDRE       | RAPP         | ANDRE.RAPP@sakilacustomer.org            |
| ELMER       | NOE          | ELMER.NOE@sakilacustomer.org             |
| BRAD        | MCCURDY      | BRAD.MCCURDY@sakilacustomer.org          |
| GABRIEL     | HARDER       | GABRIEL.HARDER@sakilacustomer.org        |
| RON         | DELUCA       | RON.DELUCA@sakilacustomer.org            |
| MITCHELL    | WESTMORELAND | MITCHELL.WESTMORELAND@sakilacustomer.org |
| ROLAND      | SOUTH        | ROLAND.SOUTH@sakilacustomer.org          |
| ARNOLD      | HAVENS       | ARNOLD.HAVENS@sakilacustomer.org         |
| HARVEY      | GUAJARDO     | HARVEY.GUAJARDO@sakilacustomer.org       |
| JARED       | ELY          | JARED.ELY@sakilacustomer.org             |
| ADRIAN      | CLARY        | ADRIAN.CLARY@sakilacustomer.org          |
| KARL        | SEAL         | KARL.SEAL@sakilacustomer.org             |
| CORY        | MEEHAN       | CORY.MEEHAN@sakilacustomer.org           |
| CLAUDE      | HERZOG       | CLAUDE.HERZOG@sakilacustomer.org         |
| ERIK        | GUILLEN      | ERIK.GUILLEN@sakilacustomer.org          |
| DARRYL      | ASHCRAFT     | DARRYL.ASHCRAFT@sakilacustomer.org       |
| JAMIE       | WAUGH        | JAMIE.WAUGH@sakilacustomer.org           |
| NEIL        | RENNER       | NEIL.RENNER@sakilacustomer.org           |
| JESSIE      | MILAM        | JESSIE.MILAM@sakilacustomer.org          |
| CHRISTIAN   | JUNG         | CHRISTIAN.JUNG@sakilacustomer.org        |
| JAVIER      | ELROD        | JAVIER.ELROD@sakilacustomer.org          |
| FERNANDO    | CHURCHILL    | FERNANDO.CHURCHILL@sakilacustomer.org    |
| CLINTON     | BUFORD       | CLINTON.BUFORD@sakilacustomer.org        |
| TED         | BREAUX       | TED.BREAUX@sakilacustomer.org            |
| MATHEW      | BOLIN        | MATHEW.BOLIN@sakilacustomer.org          |
| TYRONE      | ASHER        | TYRONE.ASHER@sakilacustomer.org          |
| DARREN      | WINDHAM      | DARREN.WINDHAM@sakilacustomer.org        |
| LONNIE      | TIRADO       | LONNIE.TIRADO@sakilacustomer.org         |
| LANCE       | PEMBERTON    | LANCE.PEMBERTON@sakilacustomer.org       |
| CODY        | NOLEN        | CODY.NOLEN@sakilacustomer.org            |
| JULIO       | NOLAND       | JULIO.NOLAND@sakilacustomer.org          |
| KELLY       | KNOTT        | KELLY.KNOTT@sakilacustomer.org           |
| KURT        | EMMONS       | KURT.EMMONS@sakilacustomer.org           |
| ALLAN       | CORNISH      | ALLAN.CORNISH@sakilacustomer.org         |
| NELSON      | CHRISTENSON  | NELSON.CHRISTENSON@sakilacustomer.org    |
| GUY         | BROWNLEE     | GUY.BROWNLEE@sakilacustomer.org          |
| CLAYTON     | BARBEE       | CLAYTON.BARBEE@sakilacustomer.org        |
| HUGH        | WALDROP      | HUGH.WALDROP@sakilacustomer.org          |
| MAX         | PITT         | MAX.PITT@sakilacustomer.org              |
| DWAYNE      | OLVERA       | DWAYNE.OLVERA@sakilacustomer.org         |
| DWIGHT      | LOMBARDI     | DWIGHT.LOMBARDI@sakilacustomer.org       |
| ARMANDO     | GRUBER       | ARMANDO.GRUBER@sakilacustomer.org        |
| FELIX       | GAFFNEY      | FELIX.GAFFNEY@sakilacustomer.org         |
| JIMMIE      | EGGLESTON    | JIMMIE.EGGLESTON@sakilacustomer.org      |
| EVERETT     | BANDA        | EVERETT.BANDA@sakilacustomer.org         |
| JORDAN      | ARCHULETA    | JORDAN.ARCHULETA@sakilacustomer.org      |
| IAN         | STILL        | IAN.STILL@sakilacustomer.org             |
| WALLACE     | SLONE        | WALLACE.SLONE@sakilacustomer.org         |
| KEN         | PREWITT      | KEN.PREWITT@sakilacustomer.org           |
| BOB         | PFEIFFER     | BOB.PFEIFFER@sakilacustomer.org          |
| JAIME       | NETTLES      | JAIME.NETTLES@sakilacustomer.org         |
| CASEY       | MENA         | CASEY.MENA@sakilacustomer.org            |
| ALFREDO     | MCADAMS      | ALFREDO.MCADAMS@sakilacustomer.org       |
| ALBERTO     | HENNING      | ALBERTO.HENNING@sakilacustomer.org       |
| DAVE        | GARDINER     | DAVE.GARDINER@sakilacustomer.org         |
| IVAN        | CROMWELL     | IVAN.CROMWELL@sakilacustomer.org         |
| JOHNNIE     | CHISHOLM     | JOHNNIE.CHISHOLM@sakilacustomer.org      |
| SIDNEY      | BURLESON     | SIDNEY.BURLESON@sakilacustomer.org       |
| BYRON       | BOX          | BYRON.BOX@sakilacustomer.org             |
| JULIAN      | VEST         | JULIAN.VEST@sakilacustomer.org           |
| ISAAC       | OGLESBY      | ISAAC.OGLESBY@sakilacustomer.org         |
| MORRIS      | MCCARTER     | MORRIS.MCCARTER@sakilacustomer.org       |
| CLIFTON     | MALCOLM      | CLIFTON.MALCOLM@sakilacustomer.org       |
| WILLARD     | LUMPKIN      | WILLARD.LUMPKIN@sakilacustomer.org       |
| DARYL       | LARUE        | DARYL.LARUE@sakilacustomer.org           |
| ROSS        | GREY         | ROSS.GREY@sakilacustomer.org             |
| VIRGIL      | WOFFORD      | VIRGIL.WOFFORD@sakilacustomer.org        |
| ANDY        | VANHORN      | ANDY.VANHORN@sakilacustomer.org          |
| MARSHALL    | THORN        | MARSHALL.THORN@sakilacustomer.org        |
| SALVADOR    | TEEL         | SALVADOR.TEEL@sakilacustomer.org         |
| PERRY       | SWAFFORD     | PERRY.SWAFFORD@sakilacustomer.org        |
| KIRK        | STCLAIR      | KIRK.STCLAIR@sakilacustomer.org          |
| SERGIO      | STANFIELD    | SERGIO.STANFIELD@sakilacustomer.org      |
| MARION      | OCAMPO       | MARION.OCAMPO@sakilacustomer.org         |
| TRACY       | HERRMANN     | TRACY.HERRMANN@sakilacustomer.org        |
| SETH        | HANNON       | SETH.HANNON@sakilacustomer.org           |
| KENT        | ARSENAULT    | KENT.ARSENAULT@sakilacustomer.org        |
| TERRANCE    | ROUSH        | TERRANCE.ROUSH@sakilacustomer.org        |
| RENE        | MCALISTER    | RENE.MCALISTER@sakilacustomer.org        |
| EDUARDO     | HIATT        | EDUARDO.HIATT@sakilacustomer.org         |
| TERRENCE    | GUNDERSON    | TERRENCE.GUNDERSON@sakilacustomer.org    |
| ENRIQUE     | FORSYTHE     | ENRIQUE.FORSYTHE@sakilacustomer.org      |
| FREDDIE     | DUGGAN       | FREDDIE.DUGGAN@sakilacustomer.org        |
| WADE        | DELVALLE     | WADE.DELVALLE@sakilacustomer.org         |
| AUSTIN      | CINTRON      | AUSTIN.CINTRON@sakilacustomer.org        |
+-------------+--------------+------------------------------------------+
599 rows in set (0.0017 sec)
 MySQL  localhost:33060+ ssl  sakila  SQL > select count(*) from customer;
+----------+
| count(*) |
+----------+
|      599 |
+----------+
1 row in set (0.0019 sec)
 MySQL  localhost:33060+ ssl  sakila  SQL > select count(*) as conteo_cl from customer;
+-----------+
| conteo_cl |
+-----------+
|       599 |
+-----------+
1 row in set (0.0020 sec)
 MySQL  localhost:33060+ ssl  sakila  SQL > select first_name, last_name from customer;
+-------------+--------------+
| first_name  | last_name    |
+-------------+--------------+
| MARY        | SMITH        |
| PATRICIA    | JOHNSON      |
| LINDA       | WILLIAMS     |
| BARBARA     | JONES        |
| ELIZABETH   | BROWN        |
| JENNIFER    | DAVIS        |
| MARIA       | MILLER       |
| SUSAN       | WILSON       |
| MARGARET    | MOORE        |
| DOROTHY     | TAYLOR       |
| LISA        | ANDERSON     |
| NANCY       | THOMAS       |
| KAREN       | JACKSON      |
| BETTY       | WHITE        |
| HELEN       | HARRIS       |
| SANDRA      | MARTIN       |
| DONNA       | THOMPSON     |
| CAROL       | GARCIA       |
| RUTH        | MARTINEZ     |
| SHARON      | ROBINSON     |
| MICHELLE    | CLARK        |
| LAURA       | RODRIGUEZ    |
| SARAH       | LEWIS        |
| KIMBERLY    | LEE          |
| DEBORAH     | WALKER       |
| JESSICA     | HALL         |
| SHIRLEY     | ALLEN        |
| CYNTHIA     | YOUNG        |
| ANGELA      | HERNANDEZ    |
| MELISSA     | KING         |
| BRENDA      | WRIGHT       |
| AMY         | LOPEZ        |
| ANNA        | HILL         |
| REBECCA     | SCOTT        |
| VIRGINIA    | GREEN        |
| KATHLEEN    | ADAMS        |
| PAMELA      | BAKER        |
| MARTHA      | GONZALEZ     |
| DEBRA       | NELSON       |
| AMANDA      | CARTER       |
| STEPHANIE   | MITCHELL     |
| CAROLYN     | PEREZ        |
| CHRISTINE   | ROBERTS      |
| MARIE       | TURNER       |
| JANET       | PHILLIPS     |
| CATHERINE   | CAMPBELL     |
| FRANCES     | PARKER       |
| ANN         | EVANS        |
| JOYCE       | EDWARDS      |
| DIANE       | COLLINS      |
| ALICE       | STEWART      |
| JULIE       | SANCHEZ      |
| HEATHER     | MORRIS       |
| TERESA      | ROGERS       |
| DORIS       | REED         |
| GLORIA      | COOK         |
| EVELYN      | MORGAN       |
| JEAN        | BELL         |
| CHERYL      | MURPHY       |
| MILDRED     | BAILEY       |
| KATHERINE   | RIVERA       |
| JOAN        | COOPER       |
| ASHLEY      | RICHARDSON   |
| JUDITH      | COX          |
| ROSE        | HOWARD       |
| JANICE      | WARD         |
| KELLY       | TORRES       |
| NICOLE      | PETERSON     |
| JUDY        | GRAY         |
| CHRISTINA   | RAMIREZ      |
| KATHY       | JAMES        |
| THERESA     | WATSON       |
| BEVERLY     | BROOKS       |
| DENISE      | KELLY        |
| TAMMY       | SANDERS      |
| IRENE       | PRICE        |
| JANE        | BENNETT      |
| LORI        | WOOD         |
| RACHEL      | BARNES       |
| MARILYN     | ROSS         |
| ANDREA      | HENDERSON    |
| KATHRYN     | COLEMAN      |
| LOUISE      | JENKINS      |
| SARA        | PERRY        |
| ANNE        | POWELL       |
| JACQUELINE  | LONG         |
| WANDA       | PATTERSON    |
| BONNIE      | HUGHES       |
| JULIA       | FLORES       |
| RUBY        | WASHINGTON   |
| LOIS        | BUTLER       |
| TINA        | SIMMONS      |
| PHYLLIS     | FOSTER       |
| NORMA       | GONZALES     |
| PAULA       | BRYANT       |
| DIANA       | ALEXANDER    |
| ANNIE       | RUSSELL      |
| LILLIAN     | GRIFFIN      |
| EMILY       | DIAZ         |
| ROBIN       | HAYES        |
| PEGGY       | MYERS        |
| CRYSTAL     | FORD         |
| GLADYS      | HAMILTON     |
| RITA        | GRAHAM       |
| DAWN        | SULLIVAN     |
| CONNIE      | WALLACE      |
| FLORENCE    | WOODS        |
| TRACY       | COLE         |
| EDNA        | WEST         |
| TIFFANY     | JORDAN       |
| CARMEN      | OWENS        |
| ROSA        | REYNOLDS     |
| CINDY       | FISHER       |
| GRACE       | ELLIS        |
| WENDY       | HARRISON     |
| VICTORIA    | GIBSON       |
| EDITH       | MCDONALD     |
| KIM         | CRUZ         |
| SHERRY      | MARSHALL     |
| SYLVIA      | ORTIZ        |
| JOSEPHINE   | GOMEZ        |
| THELMA      | MURRAY       |
| SHANNON     | FREEMAN      |
| SHEILA      | WELLS        |
| ETHEL       | WEBB         |
| ELLEN       | SIMPSON      |
| ELAINE      | STEVENS      |
| MARJORIE    | TUCKER       |
| CARRIE      | PORTER       |
| CHARLOTTE   | HUNTER       |
| MONICA      | HICKS        |
| ESTHER      | CRAWFORD     |
| PAULINE     | HENRY        |
| EMMA        | BOYD         |
| JUANITA     | MASON        |
| ANITA       | MORALES      |
| RHONDA      | KENNEDY      |
| HAZEL       | WARREN       |
| AMBER       | DIXON        |
| EVA         | RAMOS        |
| DEBBIE      | REYES        |
| APRIL       | BURNS        |
| LESLIE      | GORDON       |
| CLARA       | SHAW         |
| LUCILLE     | HOLMES       |
| JAMIE       | RICE         |
| JOANNE      | ROBERTSON    |
| ELEANOR     | HUNT         |
| VALERIE     | BLACK        |
| DANIELLE    | DANIELS      |
| MEGAN       | PALMER       |
| ALICIA      | MILLS        |
| SUZANNE     | NICHOLS      |
| MICHELE     | GRANT        |
| GAIL        | KNIGHT       |
| BERTHA      | FERGUSON     |
| DARLENE     | ROSE         |
| VERONICA    | STONE        |
| JILL        | HAWKINS      |
| ERIN        | DUNN         |
| GERALDINE   | PERKINS      |
| LAUREN      | HUDSON       |
| CATHY       | SPENCER      |
| JOANN       | GARDNER      |
| LORRAINE    | STEPHENS     |
| LYNN        | PAYNE        |
| SALLY       | PIERCE       |
| REGINA      | BERRY        |
| ERICA       | MATTHEWS     |
| BEATRICE    | ARNOLD       |
| DOLORES     | WAGNER       |
| BERNICE     | WILLIS       |
| AUDREY      | RAY          |
| YVONNE      | WATKINS      |
| ANNETTE     | OLSON        |
| JUNE        | CARROLL      |
| SAMANTHA    | DUNCAN       |
| MARION      | SNYDER       |
| DANA        | HART         |
| STACY       | CUNNINGHAM   |
| ANA         | BRADLEY      |
| RENEE       | LANE         |
| IDA         | ANDREWS      |
| VIVIAN      | RUIZ         |
| ROBERTA     | HARPER       |
| HOLLY       | FOX          |
| BRITTANY    | RILEY        |
| MELANIE     | ARMSTRONG    |
| LORETTA     | CARPENTER    |
| YOLANDA     | WEAVER       |
| JEANETTE    | GREENE       |
| LAURIE      | LAWRENCE     |
| KATIE       | ELLIOTT      |
| KRISTEN     | CHAVEZ       |
| VANESSA     | SIMS         |
| ALMA        | AUSTIN       |
| SUE         | PETERS       |
| ELSIE       | KELLEY       |
| BETH        | FRANKLIN     |
| JEANNE      | LAWSON       |
| VICKI       | FIELDS       |
| CARLA       | GUTIERREZ    |
| TARA        | RYAN         |
| ROSEMARY    | SCHMIDT      |
| EILEEN      | CARR         |
| TERRI       | VASQUEZ      |
| GERTRUDE    | CASTILLO     |
| LUCY        | WHEELER      |
| TONYA       | CHAPMAN      |
| ELLA        | OLIVER       |
| STACEY      | MONTGOMERY   |
| WILMA       | RICHARDS     |
| GINA        | WILLIAMSON   |
| KRISTIN     | JOHNSTON     |
| JESSIE      | BANKS        |
| NATALIE     | MEYER        |
| AGNES       | BISHOP       |
| VERA        | MCCOY        |
| WILLIE      | HOWELL       |
| CHARLENE    | ALVAREZ      |
| BESSIE      | MORRISON     |
| DELORES     | HANSEN       |
| MELINDA     | FERNANDEZ    |
| PEARL       | GARZA        |
| ARLENE      | HARVEY       |
| MAUREEN     | LITTLE       |
| COLLEEN     | BURTON       |
| ALLISON     | STANLEY      |
| TAMARA      | NGUYEN       |
| JOY         | GEORGE       |
| GEORGIA     | JACOBS       |
| CONSTANCE   | REID         |
| LILLIE      | KIM          |
| CLAUDIA     | FULLER       |
| JACKIE      | LYNCH        |
| MARCIA      | DEAN         |
| TANYA       | GILBERT      |
| NELLIE      | GARRETT      |
| MINNIE      | ROMERO       |
| MARLENE     | WELCH        |
| HEIDI       | LARSON       |
| GLENDA      | FRAZIER      |
| LYDIA       | BURKE        |
| VIOLA       | HANSON       |
| COURTNEY    | DAY          |
| MARIAN      | MENDOZA      |
| STELLA      | MORENO       |
| CAROLINE    | BOWMAN       |
| DORA        | MEDINA       |
| JO          | FOWLER       |
| VICKIE      | BREWER       |
| MATTIE      | HOFFMAN      |
| TERRY       | CARLSON      |
| MAXINE      | SILVA        |
| IRMA        | PEARSON      |
| MABEL       | HOLLAND      |
| MARSHA      | DOUGLAS      |
| MYRTLE      | FLEMING      |
| LENA        | JENSEN       |
| CHRISTY     | VARGAS       |
| DEANNA      | BYRD         |
| PATSY       | DAVIDSON     |
| HILDA       | HOPKINS      |
| GWENDOLYN   | MAY          |
| JENNIE      | TERRY        |
| NORA        | HERRERA      |
| MARGIE      | WADE         |
| NINA        | SOTO         |
| CASSANDRA   | WALTERS      |
| LEAH        | CURTIS       |
| PENNY       | NEAL         |
| KAY         | CALDWELL     |
| PRISCILLA   | LOWE         |
| NAOMI       | JENNINGS     |
| CAROLE      | BARNETT      |
| BRANDY      | GRAVES       |
| OLGA        | JIMENEZ      |
| BILLIE      | HORTON       |
| DIANNE      | SHELTON      |
| TRACEY      | BARRETT      |
| LEONA       | OBRIEN       |
| JENNY       | CASTRO       |
| FELICIA     | SUTTON       |
| SONIA       | GREGORY      |
| MIRIAM      | MCKINNEY     |
| VELMA       | LUCAS        |
| BECKY       | MILES        |
| BOBBIE      | CRAIG        |
| VIOLET      | RODRIQUEZ    |
| KRISTINA    | CHAMBERS     |
| TONI        | HOLT         |
| MISTY       | LAMBERT      |
| MAE         | FLETCHER     |
| SHELLY      | WATTS        |
| DAISY       | BATES        |
| RAMONA      | HALE         |
| SHERRI      | RHODES       |
| ERIKA       | PENA         |
| JAMES       | GANNON       |
| JOHN        | FARNSWORTH   |
| ROBERT      | BAUGHMAN     |
| MICHAEL     | SILVERMAN    |
| WILLIAM     | SATTERFIELD  |
| DAVID       | ROYAL        |
| RICHARD     | MCCRARY      |
| CHARLES     | KOWALSKI     |
| JOSEPH      | JOY          |
| THOMAS      | GRIGSBY      |
| CHRISTOPHER | GRECO        |
| DANIEL      | CABRAL       |
| PAUL        | TROUT        |
| MARK        | RINEHART     |
| DONALD      | MAHON        |
| GEORGE      | LINTON       |
| KENNETH     | GOODEN       |
| STEVEN      | CURLEY       |
| EDWARD      | BAUGH        |
| BRIAN       | WYMAN        |
| RONALD      | WEINER       |
| ANTHONY     | SCHWAB       |
| KEVIN       | SCHULER      |
| JASON       | MORRISSEY    |
| MATTHEW     | MAHAN        |
| GARY        | COY          |
| TIMOTHY     | BUNN         |
| JOSE        | ANDREW       |
| LARRY       | THRASHER     |
| JEFFREY     | SPEAR        |
| FRANK       | WAGGONER     |
| SCOTT       | SHELLEY      |
| ERIC        | ROBERT       |
| STEPHEN     | QUALLS       |
| ANDREW      | PURDY        |
| RAYMOND     | MCWHORTER    |
| GREGORY     | MAULDIN      |
| JOSHUA      | MARK         |
| JERRY       | JORDON       |
| DENNIS      | GILMAN       |
| WALTER      | PERRYMAN     |
| PATRICK     | NEWSOM       |
| PETER       | MENARD       |
| HAROLD      | MARTINO      |
| DOUGLAS     | GRAF         |
| HENRY       | BILLINGSLEY  |
| CARL        | ARTIS        |
| ARTHUR      | SIMPKINS     |
| RYAN        | SALISBURY    |
| ROGER       | QUINTANILLA  |
| JOE         | GILLILAND    |
| JUAN        | FRALEY       |
| JACK        | FOUST        |
| ALBERT      | CROUSE       |
| JONATHAN    | SCARBOROUGH  |
| JUSTIN      | NGO          |
| TERRY       | GRISSOM      |
| GERALD      | FULTZ        |
| KEITH       | RICO         |
| SAMUEL      | MARLOW       |
| WILLIE      | MARKHAM      |
| RALPH       | MADRIGAL     |
| LAWRENCE    | LAWTON       |
| NICHOLAS    | BARFIELD     |
| ROY         | WHITING      |
| BENJAMIN    | VARNEY       |
| BRUCE       | SCHWARZ      |
| BRANDON     | HUEY         |
| ADAM        | GOOCH        |
| HARRY       | ARCE         |
| FRED        | WHEAT        |
| WAYNE       | TRUONG       |
| BILLY       | POULIN       |
| STEVE       | MACKENZIE    |
| LOUIS       | LEONE        |
| JEREMY      | HURTADO      |
| AARON       | SELBY        |
| RANDY       | GAITHER      |
| HOWARD      | FORTNER      |
| EUGENE      | CULPEPPER    |
| CARLOS      | COUGHLIN     |
| RUSSELL     | BRINSON      |
| BOBBY       | BOUDREAU     |
| VICTOR      | BARKLEY      |
| MARTIN      | BALES        |
| ERNEST      | STEPP        |
| PHILLIP     | HOLM         |
| TODD        | TAN          |
| JESSE       | SCHILLING    |
| CRAIG       | MORRELL      |
| ALAN        | KAHN         |
| SHAWN       | HEATON       |
| CLARENCE    | GAMEZ        |
| SEAN        | DOUGLASS     |
| PHILIP      | CAUSEY       |
| CHRIS       | BROTHERS     |
| JOHNNY      | TURPIN       |
| EARL        | SHANKS       |
| JIMMY       | SCHRADER     |
| ANTONIO     | MEEK         |
| DANNY       | ISOM         |
| BRYAN       | HARDISON     |
| TONY        | CARRANZA     |
| LUIS        | YANEZ        |
| MIKE        | WAY          |
| STANLEY     | SCROGGINS    |
| LEONARD     | SCHOFIELD    |
| NATHAN      | RUNYON       |
| DALE        | RATCLIFF     |
| MANUEL      | MURRELL      |
| RODNEY      | MOELLER      |
| CURTIS      | IRBY         |
| NORMAN      | CURRIER      |
| ALLEN       | BUTTERFIELD  |
| MARVIN      | YEE          |
| VINCENT     | RALSTON      |
| GLENN       | PULLEN       |
| JEFFERY     | PINSON       |
| TRAVIS      | ESTEP        |
| JEFF        | EAST         |
| CHAD        | CARBONE      |
| JACOB       | LANCE        |
| LEE         | HAWKS        |
| MELVIN      | ELLINGTON    |
| ALFRED      | CASILLAS     |
| KYLE        | SPURLOCK     |
| FRANCIS     | SIKES        |
| BRADLEY     | MOTLEY       |
| JESUS       | MCCARTNEY    |
| HERBERT     | KRUGER       |
| FREDERICK   | ISBELL       |
| RAY         | HOULE        |
| JOEL        | FRANCISCO    |
| EDWIN       | BURK         |
| DON         | BONE         |
| EDDIE       | TOMLIN       |
| RICKY       | SHELBY       |
| TROY        | QUIGLEY      |
| RANDALL     | NEUMANN      |
| BARRY       | LOVELACE     |
| ALEXANDER   | FENNELL      |
| BERNARD     | COLBY        |
| MARIO       | CHEATHAM     |
| LEROY       | BUSTAMANTE   |
| FRANCISCO   | SKIDMORE     |
| MARCUS      | HIDALGO      |
| MICHEAL     | FORMAN       |
| THEODORE    | CULP         |
| CLIFFORD    | BOWENS       |
| MIGUEL      | BETANCOURT   |
| OSCAR       | AQUINO       |
| JAY         | ROBB         |
| JIM         | REA          |
| TOM         | MILNER       |
| CALVIN      | MARTEL       |
| ALEX        | GRESHAM      |
| JON         | WILES        |
| RONNIE      | RICKETTS     |
| BILL        | GAVIN        |
| LLOYD       | DOWD         |
| TOMMY       | COLLAZO      |
| LEON        | BOSTIC       |
| DEREK       | BLAKELY      |
| WARREN      | SHERROD      |
| DARRELL     | POWER        |
| JEROME      | KENYON       |
| FLOYD       | GANDY        |
| LEO         | EBERT        |
| ALVIN       | DELOACH      |
| TIM         | CARY         |
| WESLEY      | BULL         |
| GORDON      | ALLARD       |
| DEAN        | SAUER        |
| GREG        | ROBINS       |
| JORGE       | OLIVARES     |
| DUSTIN      | GILLETTE     |
| PEDRO       | CHESTNUT     |
| DERRICK     | BOURQUE      |
| DAN         | PAINE        |
| LEWIS       | LYMAN        |
| ZACHARY     | HITE         |
| COREY       | HAUSER       |
| HERMAN      | DEVORE       |
| MAURICE     | CRAWLEY      |
| VERNON      | CHAPA        |
| ROBERTO     | VU           |
| CLYDE       | TOBIAS       |
| GLEN        | TALBERT      |
| HECTOR      | POINDEXTER   |
| SHANE       | MILLARD      |
| RICARDO     | MEADOR       |
| SAM         | MCDUFFIE     |
| RICK        | MATTOX       |
| LESTER      | KRAUS        |
| BRENT       | HARKINS      |
| RAMON       | CHOATE       |
| CHARLIE     | BESS         |
| TYLER       | WREN         |
| GILBERT     | SLEDGE       |
| GENE        | SANBORN      |
| MARC        | OUTLAW       |
| REGINALD    | KINDER       |
| RUBEN       | GEARY        |
| BRETT       | CORNWELL     |
| ANGEL       | BARCLAY      |
| NATHANIEL   | ADAM         |
| RAFAEL      | ABNEY        |
| LESLIE      | SEWARD       |
| EDGAR       | RHOADS       |
| MILTON      | HOWLAND      |
| RAUL        | FORTIER      |
| BEN         | EASTER       |
| CHESTER     | BENNER       |
| CECIL       | VINES        |
| DUANE       | TUBBS        |
| FRANKLIN    | TROUTMAN     |
| ANDRE       | RAPP         |
| ELMER       | NOE          |
| BRAD        | MCCURDY      |
| GABRIEL     | HARDER       |
| RON         | DELUCA       |
| MITCHELL    | WESTMORELAND |
| ROLAND      | SOUTH        |
| ARNOLD      | HAVENS       |
| HARVEY      | GUAJARDO     |
| JARED       | ELY          |
| ADRIAN      | CLARY        |
| KARL        | SEAL         |
| CORY        | MEEHAN       |
| CLAUDE      | HERZOG       |
| ERIK        | GUILLEN      |
| DARRYL      | ASHCRAFT     |
| JAMIE       | WAUGH        |
| NEIL        | RENNER       |
| JESSIE      | MILAM        |
| CHRISTIAN   | JUNG         |
| JAVIER      | ELROD        |
| FERNANDO    | CHURCHILL    |
| CLINTON     | BUFORD       |
| TED         | BREAUX       |
| MATHEW      | BOLIN        |
| TYRONE      | ASHER        |
| DARREN      | WINDHAM      |
| LONNIE      | TIRADO       |
| LANCE       | PEMBERTON    |
| CODY        | NOLEN        |
| JULIO       | NOLAND       |
| KELLY       | KNOTT        |
| KURT        | EMMONS       |
| ALLAN       | CORNISH      |
| NELSON      | CHRISTENSON  |
| GUY         | BROWNLEE     |
| CLAYTON     | BARBEE       |
| HUGH        | WALDROP      |
| MAX         | PITT         |
| DWAYNE      | OLVERA       |
| DWIGHT      | LOMBARDI     |
| ARMANDO     | GRUBER       |
| FELIX       | GAFFNEY      |
| JIMMIE      | EGGLESTON    |
| EVERETT     | BANDA        |
| JORDAN      | ARCHULETA    |
| IAN         | STILL        |
| WALLACE     | SLONE        |
| KEN         | PREWITT      |
| BOB         | PFEIFFER     |
| JAIME       | NETTLES      |
| CASEY       | MENA         |
| ALFREDO     | MCADAMS      |
| ALBERTO     | HENNING      |
| DAVE        | GARDINER     |
| IVAN        | CROMWELL     |
| JOHNNIE     | CHISHOLM     |
| SIDNEY      | BURLESON     |
| BYRON       | BOX          |
| JULIAN      | VEST         |
| ISAAC       | OGLESBY      |
| MORRIS      | MCCARTER     |
| CLIFTON     | MALCOLM      |
| WILLARD     | LUMPKIN      |
| DARYL       | LARUE        |
| ROSS        | GREY         |
| VIRGIL      | WOFFORD      |
| ANDY        | VANHORN      |
| MARSHALL    | THORN        |
| SALVADOR    | TEEL         |
| PERRY       | SWAFFORD     |
| KIRK        | STCLAIR      |
| SERGIO      | STANFIELD    |
| MARION      | OCAMPO       |
| TRACY       | HERRMANN     |
| SETH        | HANNON       |
| KENT        | ARSENAULT    |
| TERRANCE    | ROUSH        |
| RENE        | MCALISTER    |
| EDUARDO     | HIATT        |
| TERRENCE    | GUNDERSON    |
| ENRIQUE     | FORSYTHE     |
| FREDDIE     | DUGGAN       |
| WADE        | DELVALLE     |
| AUSTIN      | CINTRON      |
+-------------+--------------+
599 rows in set (0.0020 sec)
 MySQL  localhost:33060+ ssl  sakila  SQL > select first_name, last_name from customer where last_name="gonzalez";
+------------+-----------+
| first_name | last_name |
+------------+-----------+
| MARTHA     | GONZALEZ  |
+------------+-----------+
1 row in set (0.0007 sec)
 MySQL  localhost:33060+ ssl  sakila  SQL > select first_name, last_name from customer where last_name="gonz";
Empty set (0.0008 sec)
 MySQL  localhost:33060+ ssl  sakila  SQL > select first_name, last_name from customer where last_name like "gon";
Empty set (0.0007 sec)
 MySQL  localhost:33060+ ssl  sakila  SQL > select first_name, last_name from customer where last_name like "g";
Empty set (0.0007 sec)
 MySQL  localhost:33060+ ssl  sakila  SQL > select first_name, last_name from customer where last_name like "gon%";
+------------+-----------+
| first_name | last_name |
+------------+-----------+
| NORMA      | GONZALES  |
| MARTHA     | GONZALEZ  |
+------------+-----------+
2 rows in set (0.0012 sec)
 MySQL  localhost:33060+ ssl  sakila  SQL > select first_name, last_name from customer where last_name like "g%";
+-------------+-----------+
| first_name  | last_name |
+-------------+-----------+
| FELIX       | GAFFNEY   |
| RANDY       | GAITHER   |
| CLARENCE    | GAMEZ     |
| FLOYD       | GANDY     |
| JAMES       | GANNON    |
| CAROL       | GARCIA    |
| DAVE        | GARDINER  |
| JOANN       | GARDNER   |
| NELLIE      | GARRETT   |
| PEARL       | GARZA     |
| BILL        | GAVIN     |
| RUBEN       | GEARY     |
| JOY         | GEORGE    |
| VICTORIA    | GIBSON    |
| TANYA       | GILBERT   |
| DUSTIN      | GILLETTE  |
| JOE         | GILLILAND |
| DENNIS      | GILMAN    |
| JOSEPHINE   | GOMEZ     |
| NORMA       | GONZALES  |
| MARTHA      | GONZALEZ  |
| ADAM        | GOOCH     |
| KENNETH     | GOODEN    |
| LESLIE      | GORDON    |
| DOUGLAS     | GRAF      |
| RITA        | GRAHAM    |
| MICHELE     | GRANT     |
| BRANDY      | GRAVES    |
| JUDY        | GRAY      |
| CHRISTOPHER | GRECO     |
| VIRGINIA    | GREEN     |
| JEANETTE    | GREENE    |
| SONIA       | GREGORY   |
| ALEX        | GRESHAM   |
| ROSS        | GREY      |
| LILLIAN     | GRIFFIN   |
| THOMAS      | GRIGSBY   |
| TERRY       | GRISSOM   |
| ARMANDO     | GRUBER    |
| HARVEY      | GUAJARDO  |
| ERIK        | GUILLEN   |
| TERRENCE    | GUNDERSON |
| CARLA       | GUTIERREZ |
+-------------+-----------+
43 rows in set (0.0010 sec)
 MySQL  localhost:33060+ ssl  sakila  SQL > select first_name, last_name from customer where last_name like "a%";
+------------+-----------+
| first_name | last_name |
+------------+-----------+
| RAFAEL     | ABNEY     |
| NATHANIEL  | ADAM      |
| KATHLEEN   | ADAMS     |
| DIANA      | ALEXANDER |
| GORDON     | ALLARD    |
| SHIRLEY    | ALLEN     |
| CHARLENE   | ALVAREZ   |
| LISA       | ANDERSON  |
| JOSE       | ANDREW    |
| IDA        | ANDREWS   |
| OSCAR      | AQUINO    |
| HARRY      | ARCE      |
| JORDAN     | ARCHULETA |
| MELANIE    | ARMSTRONG |
| BEATRICE   | ARNOLD    |
| KENT       | ARSENAULT |
| CARL       | ARTIS     |
| DARRYL     | ASHCRAFT  |
| TYRONE     | ASHER     |
| ALMA       | AUSTIN    |
+------------+-----------+
20 rows in set (0.0009 sec)
 MySQL  localhost:33060+ ssl  sakila  SQL > select first_name, last_name from customer where last_name like "%a";
+------------+-------------+
| first_name | last_name   |
+------------+-------------+
| CAROL      | GARCIA      |
| KATHERINE  | RIVERA      |
| PEARL      | GARZA       |
| MARIAN     | MENDOZA     |
| DORA       | MEDINA      |
| MAXINE     | SILVA       |
| NORA       | HERRERA     |
| ERIKA      | PENA        |
| ROGER      | QUINTANILLA |
| TONY       | CARRANZA    |
| JIM        | REA         |
| VERNON     | CHAPA       |
| RON        | DELUCA      |
| DWAYNE     | OLVERA      |
| EVERETT    | BANDA       |
| JORDAN     | ARCHULETA   |
| CASEY      | MENA        |
+------------+-------------+
17 rows in set (0.0011 sec)
 MySQL  localhost:33060+ ssl  sakila  SQL > select first_name, last_name from customer where last_name like "%a" and firs-name like "%s";
ERROR: 1054: Unknown column 'firs' in 'where clause'
 MySQL  localhost:33060+ ssl  sakila  SQL > select first_name, last_name from customer where last_name like "%a" and first-name like "%s";
ERROR: 1054: Unknown column 'first' in 'where clause'
 MySQL  localhost:33060+ ssl  sakila  SQL > select first_name, last_name from customer where last_name like "%a" and first_name like "%s";
Empty set (0.0008 sec)
 MySQL  localhost:33060+ ssl  sakila  SQL > select first_name, last_name from customer where last_name like "%a" and first_name like "%a";
+------------+-----------+
| first_name | last_name |
+------------+-----------+
| DORA       | MEDINA    |
| NORA       | HERRERA   |
| ERIKA      | PENA      |
+------------+-----------+
3 rows in set (0.0012 sec)
 MySQL  localhost:33060+ ssl  sakila  SQL > show tables:
                                         -> ;
ERROR: 1064: You have an error in your SQL syntax; check the manual that corresponds to your MySQL server version for the right syntax to use near ':' at line 1
 MySQL  localhost:33060+ ssl  sakila  SQL > show tables;
+----------------------------+
| Tables_in_sakila           |
+----------------------------+
| actor                      |
| actor_info                 |
| address                    |
| category                   |
| city                       |
| country                    |
| customer                   |
| customer_list              |
| film                       |
| film_actor                 |
| film_category              |
| film_list                  |
| film_text                  |
| inventory                  |
| language                   |
| nicer_but_slower_film_list |
| payment                    |
| rental                     |
| sales_by_film_category     |
| sales_by_store             |
| staff                      |
| staff_list                 |
| store                      |
+----------------------------+
23 rows in set (0.0024 sec)
 MySQL  localhost:33060+ ssl  sakila  SQL > desc payment;
+--------------+-------------------+------+-----+-------------------+-----------------------------------------------+
| Field        | Type              | Null | Key | Default           | Extra                                         |
+--------------+-------------------+------+-----+-------------------+-----------------------------------------------+
| payment_id   | smallint unsigned | NO   | PRI | NULL              | auto_increment                                |
| customer_id  | smallint unsigned | NO   | MUL | NULL              |                                               |
| staff_id     | tinyint unsigned  | NO   | MUL | NULL              |                                               |
| rental_id    | int               | YES  | MUL | NULL              |                                               |
| amount       | decimal(5,2)      | NO   |     | NULL              |                                               |
| payment_date | datetime          | NO   |     | NULL              |                                               |
| last_update  | timestamp         | YES  |     | CURRENT_TIMESTAMP | DEFAULT_GENERATED on update CURRENT_TIMESTAMP |
+--------------+-------------------+------+-----+-------------------+-----------------------------------------------+
7 rows in set (0.0023 sec)
 MySQL  localhost:33060+ ssl  sakila  SQL > select count(*) from payment;
+----------+
| count(*) |
+----------+
|    16044 |
+----------+
1 row in set (0.0303 sec)
 MySQL  localhost:33060+ ssl  sakila  SQL > select sum (amount) from payment;
ERROR: 1630: FUNCTION sakila.sum does not exist. Check the 'Function Name Parsing and Resolution' section in the Reference Manual
 MySQL  localhost:33060+ ssl  sakila  SQL > select sum(amount) from payment;
+-------------+
| sum(amount) |
+-------------+
|    67406.56 |
+-------------+
1 row in set (0.0336 sec)
 MySQL  localhost:33060+ ssl  sakila  SQL > select sum(amount) from payment where customer_id = 599;
+-------------+
| sum(amount) |
+-------------+
|       83.81 |
+-------------+
1 row in set (0.0287 sec)
 MySQL  localhost:33060+ ssl  sakila  SQL > select customer_id, sum(amount) from payment group by customer_id;
+-------------+-------------+
| customer_id | sum(amount) |
+-------------+-------------+
|           1 |      118.68 |
|           2 |      128.73 |
|           3 |      135.74 |
|           4 |       81.78 |
|           5 |      144.62 |
|           6 |       93.72 |
|           7 |      151.67 |
|           8 |       92.76 |
|           9 |       89.77 |
|          10 |       99.75 |
|          11 |      106.76 |
|          12 |      103.72 |
|          13 |      131.73 |
|          14 |      117.72 |
|          15 |      134.68 |
|          16 |      118.72 |
|          17 |       98.79 |
|          18 |       91.78 |
|          19 |      125.76 |
|          20 |      115.70 |
|          21 |      155.65 |
|          22 |      113.78 |
|          23 |      119.70 |
|          24 |       95.75 |
|          25 |      115.71 |
|          26 |      152.66 |
|          27 |      126.69 |
|          28 |      111.68 |
|          29 |      140.64 |
|          30 |      123.66 |
|          31 |      104.74 |
|          32 |      127.71 |
|          33 |       91.79 |
|          34 |       89.76 |
|          35 |      129.68 |
|          36 |       92.73 |
|          37 |       95.77 |
|          38 |      127.66 |
|          39 |      141.71 |
|          40 |      110.73 |
|          41 |      118.75 |
|          42 |      117.70 |
|          43 |       99.76 |
|          44 |      114.74 |
|          45 |      127.73 |
|          46 |      142.66 |
|          47 |      108.78 |
|          48 |       76.83 |
|          49 |      130.72 |
|          50 |      169.65 |
|          51 |      138.67 |
|          52 |      107.71 |
|          53 |      115.70 |
|          54 |      128.71 |
|          55 |      100.78 |
|          56 |      135.70 |
|          57 |      114.72 |
|          58 |      115.73 |
|          59 |      133.73 |
|          60 |       98.75 |
|          61 |       58.86 |
|          62 |       84.77 |
|          63 |      112.75 |
|          64 |      100.67 |
|          65 |      103.78 |
|          66 |      144.66 |
|          67 |       99.78 |
|          68 |       94.78 |
|          69 |       96.75 |
|          70 |       80.82 |
|          71 |      129.70 |
|          72 |       99.70 |
|          73 |       97.76 |
|          74 |      103.73 |
|          75 |      155.59 |
|          76 |       77.77 |
|          77 |      100.72 |
|          78 |      141.69 |
|          79 |       84.78 |
|          80 |      137.70 |
|          81 |       93.78 |
|          82 |      130.74 |
|          83 |      101.75 |
|          84 |      141.67 |
|          85 |       87.77 |
|          86 |      148.67 |
|          87 |      145.70 |
|          88 |       87.79 |
|          89 |      134.68 |
|          90 |      110.72 |
|          91 |      113.65 |
|          92 |      133.72 |
|          93 |       91.77 |
|          94 |       79.79 |
|          95 |       77.82 |
|          96 |      105.73 |
|          97 |       58.82 |
|          98 |      106.75 |
|          99 |       91.76 |
|         100 |      102.76 |
|         101 |       96.76 |
|         102 |      137.67 |
|         103 |      146.69 |
|         104 |       92.76 |
|         105 |      120.74 |
|         106 |      100.77 |
|         107 |      126.70 |
|         108 |      132.70 |
|         109 |      107.74 |
|         110 |       59.86 |
|         111 |       97.74 |
|         112 |      133.70 |
|         113 |      113.71 |
|         114 |      139.67 |
|         115 |       91.70 |
|         116 |      111.73 |
|         117 |       71.81 |
|         118 |       82.79 |
|         119 |      153.66 |
|         120 |      143.68 |
|         121 |      109.74 |
|         122 |      126.68 |
|         123 |      100.76 |
|         124 |       73.82 |
|         125 |      135.68 |
|         126 |      117.72 |
|         127 |      107.76 |
|         128 |      127.68 |
|         129 |      124.66 |
|         130 |       93.76 |
|         131 |      128.70 |
|         132 |       95.72 |
|         133 |       98.73 |
|         134 |       94.77 |
|         135 |      110.70 |
|         136 |       62.85 |
|         137 |      194.61 |
|         138 |      110.66 |
|         139 |      113.73 |
|         140 |       83.82 |
|         141 |      130.68 |
|         142 |       94.74 |
|         143 |       89.78 |
|         144 |      195.58 |
|         145 |      108.72 |
|         146 |      139.71 |
|         147 |      127.66 |
|         148 |      216.54 |
|         149 |      121.74 |
|         150 |      105.75 |
|         151 |       92.73 |
|         152 |       83.79 |
|         153 |       94.76 |
|         154 |      130.70 |
|         155 |      109.75 |
|         156 |      101.75 |
|         157 |      113.69 |
|         158 |      126.68 |
|         159 |       68.79 |
|         160 |      106.73 |
|         161 |      112.70 |
|         162 |       71.80 |
|         163 |      122.71 |
|         164 |       66.84 |
|         165 |       86.79 |
|         166 |      123.72 |
|         167 |      119.68 |
|         168 |      135.66 |
|         169 |       95.78 |
|         170 |      119.74 |
|         171 |      114.74 |
|         172 |      145.67 |
|         173 |      119.71 |
|         174 |       92.79 |
|         175 |       98.76 |
|         176 |      173.63 |
|         177 |       71.77 |
|         178 |      194.61 |
|         179 |      133.71 |
|         180 |       98.77 |
|         181 |      174.66 |
|         182 |       97.74 |
|         183 |       76.77 |
|         184 |       90.77 |
|         185 |       84.77 |
|         186 |      114.69 |
|         187 |      159.72 |
|         188 |       92.75 |
|         189 |       93.78 |
|         190 |      110.73 |
|         191 |       74.80 |
|         192 |       99.77 |
|         193 |      109.75 |
|         194 |       87.82 |
|         195 |       86.81 |
|         196 |      151.65 |
|         197 |      154.60 |
|         198 |      141.63 |
|         199 |      103.75 |
|         200 |      136.73 |
|         201 |      108.75 |
|         202 |      103.74 |
|         203 |       88.80 |
|         204 |      147.65 |
|         205 |       80.82 |
|         206 |      126.73 |
|         207 |      137.66 |
|         208 |       91.74 |
|         209 |      161.68 |
|         210 |      137.69 |
|         211 |      151.66 |
|         212 |       91.80 |
|         213 |      111.72 |
|         214 |      116.69 |
|         215 |       91.74 |
|         216 |       95.77 |
|         217 |       98.77 |
|         218 |       67.82 |
|         219 |      101.74 |
|         220 |      114.73 |
|         221 |      132.72 |
|         222 |       91.79 |
|         223 |       80.83 |
|         224 |       76.78 |
|         225 |      120.74 |
|         226 |       87.79 |
|         227 |       87.76 |
|         228 |       92.73 |
|         229 |       93.75 |
|         230 |      124.67 |
|         231 |      110.74 |
|         232 |       95.75 |
|         233 |       89.77 |
|         234 |      111.74 |
|         235 |       93.75 |
|         236 |      175.58 |
|         237 |      144.67 |
|         238 |       94.79 |
|         239 |      142.66 |
|         240 |      117.74 |
|         241 |      122.66 |
|         242 |      140.68 |
|         243 |       82.76 |
|         244 |      129.68 |
|         245 |      132.68 |
|         246 |      107.77 |
|         247 |      104.78 |
|         248 |       50.85 |
|         249 |      107.77 |
|         250 |       73.80 |
|         251 |      120.69 |
|         252 |       64.78 |
|         253 |      127.71 |
|         254 |      116.68 |
|         255 |       70.82 |
|         256 |      112.70 |
|         257 |      151.63 |
|         258 |      110.76 |
|         259 |      168.68 |
|         260 |      122.69 |
|         261 |      107.74 |
|         262 |      119.72 |
|         263 |      122.71 |
|         264 |       98.75 |
|         265 |      133.71 |
|         266 |      118.72 |
|         267 |      159.64 |
|         268 |      123.71 |
|         269 |      129.70 |
|         270 |      104.75 |
|         271 |       68.82 |
|         272 |       98.80 |
|         273 |      157.65 |
|         274 |      152.65 |
|         275 |      108.70 |
|         276 |      122.72 |
|         277 |      144.68 |
|         278 |       88.74 |
|         279 |      135.69 |
|         280 |      118.73 |
|         281 |       50.86 |
|         282 |      103.73 |
|         283 |       86.72 |
|         284 |      126.72 |
|         285 |      135.74 |
|         286 |      117.73 |
|         287 |      115.71 |
|         288 |       80.76 |
|         289 |      142.70 |
|         290 |      109.72 |
|         291 |       95.77 |
|         292 |      118.73 |
|         293 |      158.69 |
|         294 |      113.74 |
|         295 |      162.62 |
|         296 |      129.70 |
|         297 |      128.67 |
|         298 |      101.74 |
|         299 |      131.70 |
|         300 |      137.69 |
|         301 |       92.79 |
|         302 |      127.71 |
|         303 |      100.74 |
|         304 |      115.74 |
|         305 |      109.75 |
|         306 |      138.68 |
|         307 |      134.70 |
|         308 |      105.75 |
|         309 |      147.69 |
|         310 |       97.80 |
|         311 |      120.77 |
|         312 |      104.74 |
|         313 |       89.77 |
|         314 |      131.67 |
|         315 |       84.83 |
|         316 |      132.71 |
|         317 |      114.72 |
|         318 |       52.88 |
|         319 |      132.70 |
|         320 |       71.80 |
|         321 |      116.78 |
|         322 |      128.72 |
|         323 |      114.69 |
|         324 |      103.75 |
|         325 |       91.78 |
|         326 |       96.75 |
|         327 |      112.74 |
|         328 |       90.77 |
|         329 |      127.68 |
|         330 |       94.75 |
|         331 |      122.73 |
|         332 |      118.72 |
|         333 |      109.73 |
|         334 |      135.70 |
|         335 |       78.77 |
|         336 |      119.70 |
|         337 |      143.71 |
|         338 |      114.72 |
|         339 |      127.70 |
|         340 |      119.69 |
|         341 |      106.77 |
|         342 |      130.68 |
|         343 |      114.75 |
|         344 |       73.82 |
|         345 |      106.77 |
|         346 |      155.68 |
|         347 |      142.70 |
|         348 |      146.64 |
|         349 |      138.71 |
|         350 |       73.77 |
|         351 |       89.76 |
|         352 |       99.77 |
|         353 |       72.82 |
|         354 |      129.64 |
|         355 |       72.80 |
|         356 |      121.70 |
|         357 |       89.74 |
|         358 |       80.79 |
|         359 |      101.75 |
|         360 |      150.66 |
|         361 |      100.69 |
|         362 |      145.68 |
|         363 |      143.71 |
|         364 |       95.77 |
|         365 |      103.77 |
|         366 |      152.63 |
|         367 |      101.78 |
|         368 |      157.65 |
|         369 |       88.75 |
|         370 |       70.81 |
|         371 |      149.65 |
|         372 |      158.66 |
|         373 |      161.65 |
|         374 |      103.72 |
|         375 |      110.76 |
|         376 |      110.72 |
|         377 |       93.74 |
|         378 |       71.81 |
|         379 |      106.77 |
|         380 |      136.64 |
|         381 |      106.65 |
|         382 |       91.76 |
|         383 |      103.73 |
|         384 |       89.75 |
|         385 |      101.74 |
|         386 |      117.71 |
|         387 |      101.74 |
|         388 |      124.70 |
|         389 |      124.74 |
|         390 |      152.67 |
|         391 |      104.70 |
|         392 |       91.77 |
|         393 |      121.69 |
|         394 |       84.78 |
|         395 |       57.81 |
|         396 |      111.73 |
|         397 |      105.71 |
|         398 |       78.84 |
|         399 |       91.79 |
|         400 |      124.72 |
|         401 |       73.79 |
|         402 |       79.80 |
|         403 |      166.65 |
|         404 |      139.70 |
|         405 |      109.68 |
|         406 |      122.68 |
|         407 |      112.73 |
|         408 |      116.70 |
|         409 |      104.77 |
|         410 |      167.62 |
|         411 |       80.74 |
|         412 |       85.79 |
|         413 |       75.79 |
|         414 |      105.75 |
|         415 |       93.77 |
|         416 |      121.69 |
|         417 |      110.75 |
|         418 |      107.70 |
|         419 |       89.75 |
|         420 |       79.79 |
|         421 |      119.73 |
|         422 |       97.74 |
|         423 |      120.74 |
|         424 |      110.70 |
|         425 |      104.74 |
|         426 |      126.73 |
|         427 |      114.76 |
|         428 |       78.80 |
|         429 |      105.79 |
|         430 |       79.78 |
|         431 |       95.77 |
|         432 |      116.77 |
|         433 |      133.75 |
|         434 |      128.73 |
|         435 |       91.75 |
|         436 |      144.70 |
|         437 |       99.77 |
|         438 |      134.67 |
|         439 |      151.64 |
|         440 |       88.78 |
|         441 |      112.72 |
|         442 |      118.68 |
|         443 |       98.78 |
|         444 |      115.70 |
|         445 |      102.74 |
|         446 |      116.69 |
|         447 |      113.71 |
|         448 |      135.71 |
|         449 |       99.80 |
|         450 |       89.74 |
|         451 |      128.67 |
|         452 |      107.68 |
|         453 |      111.77 |
|         454 |      151.67 |
|         455 |       87.76 |
|         456 |      100.75 |
|         457 |      114.72 |
|         458 |       66.81 |
|         459 |      186.62 |
|         460 |      109.75 |
|         461 |       97.72 |
|         462 |      159.67 |
|         463 |       91.75 |
|         464 |       73.84 |
|         465 |       69.83 |
|         466 |      104.77 |
|         467 |      139.71 |
|         468 |      175.61 |
|         469 |      177.60 |
|         470 |      160.68 |
|         471 |      109.73 |
|         472 |      141.70 |
|         473 |      134.66 |
|         474 |      100.74 |
|         475 |      103.76 |
|         476 |       95.78 |
|         477 |      109.78 |
|         478 |       86.81 |
|         479 |      146.69 |
|         480 |      101.78 |
|         481 |      115.71 |
|         482 |      138.71 |
|         483 |       88.82 |
|         484 |      139.70 |
|         485 |      115.71 |
|         486 |      113.74 |
|         487 |      119.74 |
|         488 |       95.78 |
|         489 |       99.79 |
|         490 |      117.76 |
|         491 |      124.73 |
|         492 |       65.84 |
|         493 |      112.77 |
|         494 |      140.69 |
|         495 |      120.74 |
|         496 |       88.79 |
|         497 |      129.72 |
|         498 |       97.73 |
|         499 |      123.70 |
|         500 |      115.72 |
|         501 |       89.79 |
|         502 |      138.66 |
|         503 |      115.68 |
|         504 |      133.72 |
|         505 |       97.79 |
|         506 |      152.65 |
|         507 |       95.75 |
|         508 |      127.75 |
|         509 |      100.80 |
|         510 |      122.74 |
|         511 |       99.76 |
|         512 |      115.74 |
|         513 |      148.69 |
|         514 |       74.78 |
|         515 |      126.72 |
|         516 |       98.74 |
|         517 |      105.75 |
|         518 |      111.74 |
|         519 |      103.77 |
|         520 |      134.68 |
|         521 |       80.77 |
|         522 |      167.67 |
|         523 |       93.78 |
|         524 |       87.81 |
|         525 |       74.81 |
|         526 |      221.55 |
|         527 |       81.76 |
|         528 |      111.75 |
|         529 |      118.71 |
|         530 |       76.77 |
|         531 |      118.75 |
|         532 |      152.68 |
|         533 |      141.67 |
|         534 |       88.76 |
|         535 |      135.68 |
|         536 |      117.75 |
|         537 |      103.75 |
|         538 |      117.71 |
|         539 |       90.78 |
|         540 |      112.76 |
|         541 |      108.76 |
|         542 |       94.82 |
|         543 |       82.78 |
|         544 |       98.78 |
|         545 |       89.79 |
|         546 |      103.75 |
|         547 |       99.77 |
|         548 |       79.81 |
|         549 |       77.80 |
|         550 |      159.68 |
|         551 |       96.74 |
|         552 |       90.79 |
|         553 |      107.76 |
|         554 |      101.78 |
|         555 |       74.83 |
|         556 |       83.79 |
|         557 |       73.76 |
|         558 |      135.72 |
|         559 |      110.72 |
|         560 |      132.70 |
|         561 |       96.73 |
|         562 |      109.75 |
|         563 |      110.71 |
|         564 |       91.76 |
|         565 |      126.71 |
|         566 |      141.66 |
|         567 |       85.80 |
|         568 |       66.79 |
|         569 |      134.68 |
|         570 |       99.74 |
|         571 |      121.76 |
|         572 |      108.75 |
|         573 |      120.71 |
|         574 |      109.72 |
|         575 |      126.71 |
|         576 |      139.66 |
|         577 |      117.73 |
|         578 |       96.78 |
|         579 |      111.73 |
|         580 |       99.73 |
|         581 |      107.73 |
|         582 |      113.75 |
|         583 |      117.77 |
|         584 |      129.70 |
|         585 |      117.76 |
|         586 |       64.81 |
|         587 |      108.74 |
|         588 |      115.71 |
|         589 |      129.72 |
|         590 |      112.75 |
|         591 |      134.73 |
|         592 |      111.71 |
|         593 |      113.74 |
|         594 |      130.73 |
|         595 |      117.70 |
|         596 |       96.72 |
|         597 |       99.75 |
|         598 |       83.78 |
|         599 |       83.81 |
+-------------+-------------+
599 rows in set (0.0333 sec)
 MySQL  localhost:33060+ ssl  sakila  SQL > select customer_id, sum(amount) as total from payment group by customer_id order by total;
+-------------+--------+
| customer_id | total  |
+-------------+--------+
|         248 |  50.85 |
|         281 |  50.86 |
|         318 |  52.88 |
|         395 |  57.81 |
|          97 |  58.82 |
|          61 |  58.86 |
|         110 |  59.86 |
|         136 |  62.85 |
|         252 |  64.78 |
|         586 |  64.81 |
|         492 |  65.84 |
|         568 |  66.79 |
|         458 |  66.81 |
|         164 |  66.84 |
|         218 |  67.82 |
|         159 |  68.79 |
|         271 |  68.82 |
|         465 |  69.83 |
|         370 |  70.81 |
|         255 |  70.82 |
|         177 |  71.77 |
|         162 |  71.80 |
|         320 |  71.80 |
|         117 |  71.81 |
|         378 |  71.81 |
|         355 |  72.80 |
|         353 |  72.82 |
|         557 |  73.76 |
|         350 |  73.77 |
|         401 |  73.79 |
|         250 |  73.80 |
|         124 |  73.82 |
|         344 |  73.82 |
|         464 |  73.84 |
|         514 |  74.78 |
|         191 |  74.80 |
|         525 |  74.81 |
|         555 |  74.83 |
|         413 |  75.79 |
|         183 |  76.77 |
|         530 |  76.77 |
|         224 |  76.78 |
|          48 |  76.83 |
|          76 |  77.77 |
|         549 |  77.80 |
|          95 |  77.82 |
|         335 |  78.77 |
|         428 |  78.80 |
|         398 |  78.84 |
|         430 |  79.78 |
|          94 |  79.79 |
|         420 |  79.79 |
|         402 |  79.80 |
|         548 |  79.81 |
|         411 |  80.74 |
|         288 |  80.76 |
|         521 |  80.77 |
|         358 |  80.79 |
|          70 |  80.82 |
|         205 |  80.82 |
|         223 |  80.83 |
|         527 |  81.76 |
|           4 |  81.78 |
|         243 |  82.76 |
|         543 |  82.78 |
|         118 |  82.79 |
|         598 |  83.78 |
|         152 |  83.79 |
|         556 |  83.79 |
|         599 |  83.81 |
|         140 |  83.82 |
|          62 |  84.77 |
|         185 |  84.77 |
|          79 |  84.78 |
|         394 |  84.78 |
|         315 |  84.83 |
|         412 |  85.79 |
|         567 |  85.80 |
|         283 |  86.72 |
|         165 |  86.79 |
|         195 |  86.81 |
|         478 |  86.81 |
|         227 |  87.76 |
|         455 |  87.76 |
|          85 |  87.77 |
|          88 |  87.79 |
|         226 |  87.79 |
|         524 |  87.81 |
|         194 |  87.82 |
|         278 |  88.74 |
|         369 |  88.75 |
|         534 |  88.76 |
|         440 |  88.78 |
|         496 |  88.79 |
|         203 |  88.80 |
|         483 |  88.82 |
|         357 |  89.74 |
|         450 |  89.74 |
|         384 |  89.75 |
|         419 |  89.75 |
|          34 |  89.76 |
|         351 |  89.76 |
|           9 |  89.77 |
|         233 |  89.77 |
|         313 |  89.77 |
|         143 |  89.78 |
|         501 |  89.79 |
|         545 |  89.79 |
|         184 |  90.77 |
|         328 |  90.77 |
|         539 |  90.78 |
|         552 |  90.79 |
|         115 |  91.70 |
|         208 |  91.74 |
|         215 |  91.74 |
|         435 |  91.75 |
|         463 |  91.75 |
|          99 |  91.76 |
|         382 |  91.76 |
|         564 |  91.76 |
|          93 |  91.77 |
|         392 |  91.77 |
|          18 |  91.78 |
|         325 |  91.78 |
|          33 |  91.79 |
|         222 |  91.79 |
|         399 |  91.79 |
|         212 |  91.80 |
|          36 |  92.73 |
|         151 |  92.73 |
|         228 |  92.73 |
|         188 |  92.75 |
|           8 |  92.76 |
|         104 |  92.76 |
|         174 |  92.79 |
|         301 |  92.79 |
|           6 |  93.72 |
|         377 |  93.74 |
|         229 |  93.75 |
|         235 |  93.75 |
|         130 |  93.76 |
|         415 |  93.77 |
|          81 |  93.78 |
|         189 |  93.78 |
|         523 |  93.78 |
|         142 |  94.74 |
|         330 |  94.75 |
|         153 |  94.76 |
|         134 |  94.77 |
|          68 |  94.78 |
|         238 |  94.79 |
|         542 |  94.82 |
|         132 |  95.72 |
|          24 |  95.75 |
|         232 |  95.75 |
|         507 |  95.75 |
|          37 |  95.77 |
|         216 |  95.77 |
|         291 |  95.77 |
|         364 |  95.77 |
|         431 |  95.77 |
|         169 |  95.78 |
|         476 |  95.78 |
|         488 |  95.78 |
|         596 |  96.72 |
|         561 |  96.73 |
|         551 |  96.74 |
|          69 |  96.75 |
|         326 |  96.75 |
|         101 |  96.76 |
|         578 |  96.78 |
|         461 |  97.72 |
|         498 |  97.73 |
|         111 |  97.74 |
|         182 |  97.74 |
|         422 |  97.74 |
|          73 |  97.76 |
|         505 |  97.79 |
|         310 |  97.80 |
|         133 |  98.73 |
|         516 |  98.74 |
|          60 |  98.75 |
|         264 |  98.75 |
|         175 |  98.76 |
|         180 |  98.77 |
|         217 |  98.77 |
|         443 |  98.78 |
|         544 |  98.78 |
|          17 |  98.79 |
|         272 |  98.80 |
|          72 |  99.70 |
|         580 |  99.73 |
|         570 |  99.74 |
|          10 |  99.75 |
|         597 |  99.75 |
|          43 |  99.76 |
|         511 |  99.76 |
|         192 |  99.77 |
|         352 |  99.77 |
|         437 |  99.77 |
|         547 |  99.77 |
|          67 |  99.78 |
|         489 |  99.79 |
|         449 |  99.80 |
|          64 | 100.67 |
|         361 | 100.69 |
|          77 | 100.72 |
|         303 | 100.74 |
|         474 | 100.74 |
|         456 | 100.75 |
|         123 | 100.76 |
|         106 | 100.77 |
|          55 | 100.78 |
|         509 | 100.80 |
|         219 | 101.74 |
|         298 | 101.74 |
|         385 | 101.74 |
|         387 | 101.74 |
|          83 | 101.75 |
|         156 | 101.75 |
|         359 | 101.75 |
|         367 | 101.78 |
|         480 | 101.78 |
|         554 | 101.78 |
|         445 | 102.74 |
|         100 | 102.76 |
|          12 | 103.72 |
|         374 | 103.72 |
|          74 | 103.73 |
|         282 | 103.73 |
|         383 | 103.73 |
|         202 | 103.74 |
|         199 | 103.75 |
|         324 | 103.75 |
|         537 | 103.75 |
|         546 | 103.75 |
|         475 | 103.76 |
|         365 | 103.77 |
|         519 | 103.77 |
|          65 | 103.78 |
|         391 | 104.70 |
|          31 | 104.74 |
|         312 | 104.74 |
|         425 | 104.74 |
|         270 | 104.75 |
|         409 | 104.77 |
|         466 | 104.77 |
|         247 | 104.78 |
|         397 | 105.71 |
|          96 | 105.73 |
|         150 | 105.75 |
|         308 | 105.75 |
|         414 | 105.75 |
|         517 | 105.75 |
|         429 | 105.79 |
|         381 | 106.65 |
|         160 | 106.73 |
|          98 | 106.75 |
|          11 | 106.76 |
|         341 | 106.77 |
|         345 | 106.77 |
|         379 | 106.77 |
|         452 | 107.68 |
|         418 | 107.70 |
|          52 | 107.71 |
|         581 | 107.73 |
|         109 | 107.74 |
|         261 | 107.74 |
|         127 | 107.76 |
|         553 | 107.76 |
|         246 | 107.77 |
|         249 | 107.77 |
|         275 | 108.70 |
|         145 | 108.72 |
|         587 | 108.74 |
|         201 | 108.75 |
|         572 | 108.75 |
|         541 | 108.76 |
|          47 | 108.78 |
|         405 | 109.68 |
|         290 | 109.72 |
|         574 | 109.72 |
|         333 | 109.73 |
|         471 | 109.73 |
|         121 | 109.74 |
|         155 | 109.75 |
|         193 | 109.75 |
|         305 | 109.75 |
|         460 | 109.75 |
|         562 | 109.75 |
|         477 | 109.78 |
|         138 | 110.66 |
|         135 | 110.70 |
|         424 | 110.70 |
|         563 | 110.71 |
|          90 | 110.72 |
|         376 | 110.72 |
|         559 | 110.72 |
|          40 | 110.73 |
|         190 | 110.73 |
|         231 | 110.74 |
|         417 | 110.75 |
|         258 | 110.76 |
|         375 | 110.76 |
|          28 | 111.68 |
|         592 | 111.71 |
|         213 | 111.72 |
|         116 | 111.73 |
|         396 | 111.73 |
|         579 | 111.73 |
|         234 | 111.74 |
|         518 | 111.74 |
|         528 | 111.75 |
|         453 | 111.77 |
|         161 | 112.70 |
|         256 | 112.70 |
|         441 | 112.72 |
|         407 | 112.73 |
|         327 | 112.74 |
|          63 | 112.75 |
|         590 | 112.75 |
|         540 | 112.76 |
|         493 | 112.77 |
|          91 | 113.65 |
|         157 | 113.69 |
|         113 | 113.71 |
|         447 | 113.71 |
|         139 | 113.73 |
|         294 | 113.74 |
|         486 | 113.74 |
|         593 | 113.74 |
|         582 | 113.75 |
|          22 | 113.78 |
|         186 | 114.69 |
|         323 | 114.69 |
|          57 | 114.72 |
|         317 | 114.72 |
|         338 | 114.72 |
|         457 | 114.72 |
|         220 | 114.73 |
|          44 | 114.74 |
|         171 | 114.74 |
|         343 | 114.75 |
|         427 | 114.76 |
|         503 | 115.68 |
|          20 | 115.70 |
|          53 | 115.70 |
|         444 | 115.70 |
|          25 | 115.71 |
|         287 | 115.71 |
|         481 | 115.71 |
|         485 | 115.71 |
|         588 | 115.71 |
|         500 | 115.72 |
|          58 | 115.73 |
|         304 | 115.74 |
|         512 | 115.74 |
|         254 | 116.68 |
|         214 | 116.69 |
|         446 | 116.69 |
|         408 | 116.70 |
|         432 | 116.77 |
|         321 | 116.78 |
|          42 | 117.70 |
|         595 | 117.70 |
|         386 | 117.71 |
|         538 | 117.71 |
|          14 | 117.72 |
|         126 | 117.72 |
|         286 | 117.73 |
|         577 | 117.73 |
|         240 | 117.74 |
|         536 | 117.75 |
|         490 | 117.76 |
|         585 | 117.76 |
|         583 | 117.77 |
|           1 | 118.68 |
|         442 | 118.68 |
|         529 | 118.71 |
|          16 | 118.72 |
|         266 | 118.72 |
|         332 | 118.72 |
|         280 | 118.73 |
|         292 | 118.73 |
|          41 | 118.75 |
|         531 | 118.75 |
|         167 | 119.68 |
|         340 | 119.69 |
|          23 | 119.70 |
|         336 | 119.70 |
|         173 | 119.71 |
|         262 | 119.72 |
|         421 | 119.73 |
|         170 | 119.74 |
|         487 | 119.74 |
|         251 | 120.69 |
|         573 | 120.71 |
|         105 | 120.74 |
|         225 | 120.74 |
|         423 | 120.74 |
|         495 | 120.74 |
|         311 | 120.77 |
|         393 | 121.69 |
|         416 | 121.69 |
|         356 | 121.70 |
|         149 | 121.74 |
|         571 | 121.76 |
|         241 | 122.66 |
|         406 | 122.68 |
|         260 | 122.69 |
|         163 | 122.71 |
|         263 | 122.71 |
|         276 | 122.72 |
|         331 | 122.73 |
|         510 | 122.74 |
|          30 | 123.66 |
|         499 | 123.70 |
|         268 | 123.71 |
|         166 | 123.72 |
|         129 | 124.66 |
|         230 | 124.67 |
|         388 | 124.70 |
|         400 | 124.72 |
|         491 | 124.73 |
|         389 | 124.74 |
|          19 | 125.76 |
|         122 | 126.68 |
|         158 | 126.68 |
|          27 | 126.69 |
|         107 | 126.70 |
|         565 | 126.71 |
|         575 | 126.71 |
|         284 | 126.72 |
|         515 | 126.72 |
|         206 | 126.73 |
|         426 | 126.73 |
|          38 | 127.66 |
|         147 | 127.66 |
|         128 | 127.68 |
|         329 | 127.68 |
|         339 | 127.70 |
|          32 | 127.71 |
|         253 | 127.71 |
|         302 | 127.71 |
|          45 | 127.73 |
|         508 | 127.75 |
|         297 | 128.67 |
|         451 | 128.67 |
|         131 | 128.70 |
|          54 | 128.71 |
|         322 | 128.72 |
|           2 | 128.73 |
|         434 | 128.73 |
|         354 | 129.64 |
|          35 | 129.68 |
|         244 | 129.68 |
|          71 | 129.70 |
|         269 | 129.70 |
|         296 | 129.70 |
|         584 | 129.70 |
|         497 | 129.72 |
|         589 | 129.72 |
|         141 | 130.68 |
|         342 | 130.68 |
|         154 | 130.70 |
|          49 | 130.72 |
|         594 | 130.73 |
|          82 | 130.74 |
|         314 | 131.67 |
|         299 | 131.70 |
|          13 | 131.73 |
|         245 | 132.68 |
|         108 | 132.70 |
|         319 | 132.70 |
|         560 | 132.70 |
|         316 | 132.71 |
|         221 | 132.72 |
|         112 | 133.70 |
|         179 | 133.71 |
|         265 | 133.71 |
|          92 | 133.72 |
|         504 | 133.72 |
|          59 | 133.73 |
|         433 | 133.75 |
|         473 | 134.66 |
|         438 | 134.67 |
|          15 | 134.68 |
|          89 | 134.68 |
|         520 | 134.68 |
|         569 | 134.68 |
|         307 | 134.70 |
|         591 | 134.73 |
|         168 | 135.66 |
|         125 | 135.68 |
|         535 | 135.68 |
|         279 | 135.69 |
|          56 | 135.70 |
|         334 | 135.70 |
|         448 | 135.71 |
|         558 | 135.72 |
|           3 | 135.74 |
|         285 | 135.74 |
|         380 | 136.64 |
|         200 | 136.73 |
|         207 | 137.66 |
|         102 | 137.67 |
|         210 | 137.69 |
|         300 | 137.69 |
|          80 | 137.70 |
|         502 | 138.66 |
|          51 | 138.67 |
|         306 | 138.68 |
|         349 | 138.71 |
|         482 | 138.71 |
|         576 | 139.66 |
|         114 | 139.67 |
|         404 | 139.70 |
|         484 | 139.70 |
|         146 | 139.71 |
|         467 | 139.71 |
|          29 | 140.64 |
|         242 | 140.68 |
|         494 | 140.69 |
|         198 | 141.63 |
|         566 | 141.66 |
|          84 | 141.67 |
|         533 | 141.67 |
|          78 | 141.69 |
|         472 | 141.70 |
|          39 | 141.71 |
|          46 | 142.66 |
|         239 | 142.66 |
|         289 | 142.70 |
|         347 | 142.70 |
|         120 | 143.68 |
|         337 | 143.71 |
|         363 | 143.71 |
|           5 | 144.62 |
|          66 | 144.66 |
|         237 | 144.67 |
|         277 | 144.68 |
|         436 | 144.70 |
|         172 | 145.67 |
|         362 | 145.68 |
|          87 | 145.70 |
|         348 | 146.64 |
|         103 | 146.69 |
|         479 | 146.69 |
|         204 | 147.65 |
|         309 | 147.69 |
|          86 | 148.67 |
|         513 | 148.69 |
|         371 | 149.65 |
|         360 | 150.66 |
|         257 | 151.63 |
|         439 | 151.64 |
|         196 | 151.65 |
|         211 | 151.66 |
|           7 | 151.67 |
|         454 | 151.67 |
|         366 | 152.63 |
|         274 | 152.65 |
|         506 | 152.65 |
|          26 | 152.66 |
|         390 | 152.67 |
|         532 | 152.68 |
|         119 | 153.66 |
|         197 | 154.60 |
|          75 | 155.59 |
|          21 | 155.65 |
|         346 | 155.68 |
|         273 | 157.65 |
|         368 | 157.65 |
|         372 | 158.66 |
|         293 | 158.69 |
|         267 | 159.64 |
|         462 | 159.67 |
|         550 | 159.68 |
|         187 | 159.72 |
|         470 | 160.68 |
|         373 | 161.65 |
|         209 | 161.68 |
|         295 | 162.62 |
|         403 | 166.65 |
|         410 | 167.62 |
|         522 | 167.67 |
|         259 | 168.68 |
|          50 | 169.65 |
|         176 | 173.63 |
|         181 | 174.66 |
|         236 | 175.58 |
|         468 | 175.61 |
|         469 | 177.60 |
|         459 | 186.62 |
|         137 | 194.61 |
|         178 | 194.61 |
|         144 | 195.58 |
|         148 | 216.54 |
|         526 | 221.55 |
+-------------+--------+
599 rows in set (0.0214 sec)
 MySQL  localhost:33060+ ssl  sakila  SQL > select customer_id, sum(amount) as total from payment group by customer_id order by total limit 1;
+-------------+-------+
| customer_id | total |
+-------------+-------+
|         248 | 50.85 |
+-------------+-------+
1 row in set (0.0218 sec)
 MySQL  localhost:33060+ ssl  sakila  SQL > select customer_id, sum(amount) as total from payment group by customer_id order by total desc limit 1;
+-------------+--------+
| customer_id | total  |
+-------------+--------+
|         526 | 221.55 |
+-------------+--------+
1 row in set (0.0317 sec)
 MySQL  localhost:33060+ ssl  sakila  SQL >