MySQL Shell 8.0.35

Copyright (c) 2016, 2023, Oracle and/or its affiliates.
Oracle is a registered trademark of Oracle Corporation and/or its affiliates.
Other names may be trademarks of their respective owners.

Type '\help' or '\?' for help; '\quit' to exit.
 MySQL  JS > \sql
Switching to SQL mode... Commands end with ;
 MySQL  SQL > \c mc-- root@localhost
Creating a session to 'root@localhost'
Please provide the password for 'root@localhost': **********
Save password for 'root@localhost'? [Y]es/[N]o/Ne[v]er (default No): n
Fetching global names for auto-completion... Press ^C to stop.
Your MySQL connection id is 8 (X protocol)
Server version: 8.0.35 MySQL Community Server - GPL
No default schema selected; type \use <schema> to set one.
 MySQL  localhost:33060+ ssl  SQL > create database orders;
ERROR: 1007: Can't create database 'orders'; database exists
 MySQL  localhost:33060+ ssl  SQL > create database orders2;
ERROR: 1007: Can't create database 'orders2'; database exists
 MySQL  localhost:33060+ ssl  SQL > create database orders3;
Query OK, 1 row affected (0.0084 sec)
 MySQL  localhost:33060+ ssl  SQL > use orders3;
Default schema set to `orders3`.
Fetching global names, object names from `orders3` for auto-completion... Press ^C to stop.
 MySQL  localhost:33060+ ssl  orders3  SQL > create table salesreps(
                                          -> id key auto_increment int,
                                          -> lastname varchar(50) not null,
                                          -> firstname varchar(50) not null,
                                          -> commission int not null);
ERROR: 1064: You have an error in your SQL syntax; check the manual that corresponds to your MySQL server version for the right syntax to use near 'key auto_increment int,
lastname varchar(50) not null,
firstname varchar(50) not' at line 2
 MySQL  localhost:33060+ ssl  orders3  SQL > create table salesreps( id int key auto_increment, lastname varchar(50) not null, firstname varchar(50) not null, commission int not null);
Query OK, 0 rows affected (0.0312 sec)
 MySQL  localhost:33060+ ssl  orders3  SQL > create table customers(
                                          -> id int key auto_increment,
                                          -> lastname varchar(50) not null,
                                          -> firstname varchar(50) not null,
                                          -> companyname varchar(50),
                                          -> street1 varcahr(50),
                                          -> street2 varchar(50),
                                          -> city varchar(50),
                                          -> state varchar(50),
                                          -> zipcode int,
                                          -> phone int,
                                          -> fax int,
                                          -> email varchar(50),
                                          -> s_id int);
ERROR: 1064: You have an error in your SQL syntax; check the manual that corresponds to your MySQL server version for the right syntax to use near 'varcahr(50),
street2 varchar(50),
city varchar(50),
state varchar(50),
zipcode i' at line 6
 MySQL  localhost:33060+ ssl  orders3  SQL > create table customers( id int key auto_increment, lastname varchar(50) not null, firstname varchar(50) not null, companyname varchar(50), street1 varchar(50), street2 varchar(50), city varchar(100), state varchar(50), zipcode int, phone int, fax int, email varchar(50), s_id int, foreign key(s_id) references salesreps(id));
Query OK, 0 rows affected (0.0634 sec)
 MySQL  localhost:33060+ ssl  orders3  SQL > create table orders(
                                          -> id int key auto_increment,
                                          -> c_id int,
                                          -> orderdate;
ERROR: 1064: You have an error in your SQL syntax; check the manual that corresponds to your MySQL server version for the right syntax to use near '' at line 4
 MySQL  localhost:33060+ ssl  orders3  SQL > create table orders( id int key auto_increment, c_id int not null, orderdate date not null,
                                          -> shipdate date,
                                          -> paiddate date,
                                          -> status varchar(20),
                                          -> foreign key(c_id) references customers(id) on update cascade on delete cascade);
Query OK, 0 rows affected (0.0467 sec)
 MySQL  localhost:33060+ ssl  orders3  SQL > create table parts(
                                          -> id int key auto_increment,
                                          -> description varchar(200),
                                          -> unitprice decimal(10,10),
                                          -> onhand
                                          -> ;
ERROR: 1064: You have an error in your SQL syntax; check the manual that corresponds to your MySQL server version for the right syntax to use near '' at line 5
 MySQL  localhost:33060+ ssl  orders3  SQL > create table parts( id int key auto_increment, description varchar(200) not null, unitprice decimal(10,10) not null, onhand enum('yes','no') not null,
                                          -> reorder enum('yes','no') not null);
Query OK, 0 rows affected (0.0477 sec)
 MySQL  localhost:33060+ ssl  orders3  SQL > create table items(
                                          -> id int key auto_increment,
                                          -> o_id int,
                                          -> p_id int,
                                          -> quantity int,
                                          -> ;
ERROR: 1064: You have an error in your SQL syntax; check the manual that corresponds to your MySQL server version for the right syntax to use near '' at line 5
 MySQL  localhost:33060+ ssl  orders3  SQL > create table items( id int key auto_increment, o_id int not null, p_id int not null, quantity int not null, ;
ERROR: 1064: You have an error in your SQL syntax; check the manual that corresponds to your MySQL server version for the right syntax to use near '' at line 1
 MySQL  localhost:33060+ ssl  orders3  SQL > create table items( id int key auto_increment, o_id int not null, p_id int not null, quantity int not null,
                                          -> foreign key (o_id) references orders(id) on delete cascade on update cascade,
                                          -> foreign key (p_id) references parts(id) on delete cascade on update cascade);
Query OK, 0 rows affected (0.0769 sec)
 MySQL  localhost:33060+ ssl  orders3  SQL > alter table customers drop foreign key;
ERROR: 1064: You have an error in your SQL syntax; check the manual that corresponds to your MySQL server version for the right syntax to use near '' at line 1
 MySQL  localhost:33060+ ssl  orders3  SQL > show create table customers;
+-----------+-------------------------------------------------------------------------------------------------------------------------------------------------------------------------------------------------------------------------------------------------------------------------------------------------------------------------------------------------------------------------------------------------------------------------------------------------------------------------------------------------------------------------------------------------------------------------------------------------------------------------------------------------------------------------------------------+
| Table     | Create Table                                                                                                                                                                                                                                                                                                                                                                                                                                                                                                                                                                                                                                                                              |
+-----------+-------------------------------------------------------------------------------------------------------------------------------------------------------------------------------------------------------------------------------------------------------------------------------------------------------------------------------------------------------------------------------------------------------------------------------------------------------------------------------------------------------------------------------------------------------------------------------------------------------------------------------------------------------------------------------------------+
| customers | CREATE TABLE `customers` (
  `id` int NOT NULL AUTO_INCREMENT,
  `lastname` varchar(50) NOT NULL,
  `firstname` varchar(50) NOT NULL,
  `companyname` varchar(50) DEFAULT NULL,
  `street1` varchar(50) DEFAULT NULL,
  `street2` varchar(50) DEFAULT NULL,
  `city` varchar(100) DEFAULT NULL,
  `state` varchar(50) DEFAULT NULL,
  `zipcode` int DEFAULT NULL,
  `phone` int DEFAULT NULL,
  `fax` int DEFAULT NULL,
  `email` varchar(50) DEFAULT NULL,
  `s_id` int DEFAULT NULL,
  PRIMARY KEY (`id`),
  KEY `s_id` (`s_id`),
  CONSTRAINT `customers_ibfk_1` FOREIGN KEY (`s_id`) REFERENCES `salesreps` (`id`)
) ENGINE=InnoDB DEFAULT CHARSET=utf8mb4 COLLATE=utf8mb4_0900_ai_ci |
+-----------+-------------------------------------------------------------------------------------------------------------------------------------------------------------------------------------------------------------------------------------------------------------------------------------------------------------------------------------------------------------------------------------------------------------------------------------------------------------------------------------------------------------------------------------------------------------------------------------------------------------------------------------------------------------------------------------------+
1 row in set (0.0301 sec)
 MySQL  localhost:33060+ ssl  orders3  SQL > alter table customers drop foreign key salesreps;
ERROR: 1091: Can't DROP 'salesreps'; check that column/key exists
 MySQL  localhost:33060+ ssl  orders3  SQL > alter table customers drop foreign key customers_ibfk_1;
Query OK, 0 rows affected (0.0192 sec)

Records: 0  Duplicates: 0  Warnings: 0
 MySQL  localhost:33060+ ssl  orders3  SQL > alter table customers
                                          -> foreign key (s_id) references salesreps(id) on delete cascade on update cascade;
ERROR: 1064: You have an error in your SQL syntax; check the manual that corresponds to your MySQL server version for the right syntax to use near 'foreign key (s_id) references salesreps(id) on delete cascade on update cascade' at line 2
 MySQL  localhost:33060+ ssl  orders3  SQL > alter table customers add foreign key (s_id) references salesreps(id) on delete cascade on update cascade;
Query OK, 0 rows affected (0.0659 sec)

Records: 0  Duplicates: 0  Warnings: 0
 MySQL  localhost:33060+ ssl  orders3  SQL > show create table salesreps;
+-----------+------------------------------------------------------------------------------------------------------------------------------------------------------------------------------------------------------------------------------------------------------------+
| Table     | Create Table                                                                                                                                                                                                                                               |
+-----------+------------------------------------------------------------------------------------------------------------------------------------------------------------------------------------------------------------------------------------------------------------+
| salesreps | CREATE TABLE `salesreps` (
  `id` int NOT NULL AUTO_INCREMENT,
  `lastname` varchar(50) NOT NULL,
  `firstname` varchar(50) NOT NULL,
  `commission` int NOT NULL,
  PRIMARY KEY (`id`)
) ENGINE=InnoDB DEFAULT CHARSET=utf8mb4 COLLATE=utf8mb4_0900_ai_ci |
+-----------+------------------------------------------------------------------------------------------------------------------------------------------------------------------------------------------------------------------------------------------------------------+
1 row in set (0.0062 sec)
 MySQL  localhost:33060+ ssl  orders3  SQL > show create table customers;
+-----------+-------------------------------------------------------------------------------------------------------------------------------------------------------------------------------------------------------------------------------------------------------------------------------------------------------------------------------------------------------------------------------------------------------------------------------------------------------------------------------------------------------------------------------------------------------------------------------------------------------------------------------------------------------------------------------------------------------------------------------+
| Table     | Create Table                                                                                                                                                                                                                                                                                                                                                                                                                                                                                                                                                                                                                                                                                                                  |
+-----------+-------------------------------------------------------------------------------------------------------------------------------------------------------------------------------------------------------------------------------------------------------------------------------------------------------------------------------------------------------------------------------------------------------------------------------------------------------------------------------------------------------------------------------------------------------------------------------------------------------------------------------------------------------------------------------------------------------------------------------+
| customers | CREATE TABLE `customers` (
  `id` int NOT NULL AUTO_INCREMENT,
  `lastname` varchar(50) NOT NULL,
  `firstname` varchar(50) NOT NULL,
  `companyname` varchar(50) DEFAULT NULL,
  `street1` varchar(50) DEFAULT NULL,
  `street2` varchar(50) DEFAULT NULL,
  `city` varchar(100) DEFAULT NULL,
  `state` varchar(50) DEFAULT NULL,
  `zipcode` int DEFAULT NULL,
  `phone` int DEFAULT NULL,
  `fax` int DEFAULT NULL,
  `email` varchar(50) DEFAULT NULL,
  `s_id` int DEFAULT NULL,
  PRIMARY KEY (`id`),
  KEY `s_id` (`s_id`),
  CONSTRAINT `customers_ibfk_1` FOREIGN KEY (`s_id`) REFERENCES `salesreps` (`id`) ON DELETE CASCADE ON UPDATE CASCADE
) ENGINE=InnoDB DEFAULT CHARSET=utf8mb4 COLLATE=utf8mb4_0900_ai_ci |
+-----------+-------------------------------------------------------------------------------------------------------------------------------------------------------------------------------------------------------------------------------------------------------------------------------------------------------------------------------------------------------------------------------------------------------------------------------------------------------------------------------------------------------------------------------------------------------------------------------------------------------------------------------------------------------------------------------------------------------------------------------+
1 row in set (0.0009 sec)
 MySQL  localhost:33060+ ssl  orders3  SQL > show create table order;
ERROR: 1064: You have an error in your SQL syntax; check the manual that corresponds to your MySQL server version for the right syntax to use near 'order' at line 1
 MySQL  localhost:33060+ ssl  orders3  SQL > show create table orders;
+--------+----------------------------------------------------------------------------------------------------------------------------------------------------------------------------------------------------------------------------------------------------------------------------------------------------------------------------------------------------------------------------------------------------------------------------------------------------------+
| Table  | Create Table                                                                                                                                                                                                                                                                                                                                                                                                                                             |
+--------+----------------------------------------------------------------------------------------------------------------------------------------------------------------------------------------------------------------------------------------------------------------------------------------------------------------------------------------------------------------------------------------------------------------------------------------------------------+
| orders | CREATE TABLE `orders` (
  `id` int NOT NULL AUTO_INCREMENT,
  `c_id` int NOT NULL,
  `orderdate` date NOT NULL,
  `shipdate` date DEFAULT NULL,
  `paiddate` date DEFAULT NULL,
  `status` varchar(20) DEFAULT NULL,
  PRIMARY KEY (`id`),
  KEY `c_id` (`c_id`),
  CONSTRAINT `orders_ibfk_1` FOREIGN KEY (`c_id`) REFERENCES `customers` (`id`) ON DELETE CASCADE ON UPDATE CASCADE
) ENGINE=InnoDB DEFAULT CHARSET=utf8mb4 COLLATE=utf8mb4_0900_ai_ci |
+--------+----------------------------------------------------------------------------------------------------------------------------------------------------------------------------------------------------------------------------------------------------------------------------------------------------------------------------------------------------------------------------------------------------------------------------------------------------------+
1 row in set (0.0060 sec)
 MySQL  localhost:33060+ ssl  orders3  SQL > show create table parts;
+-------+---------------------------------------------------------------------------------------------------------------------------------------------------------------------------------------------------------------------------------------------------------------------------------------------------------------+
| Table | Create Table                                                                                                                                                                                                                                                                                                  |
+-------+---------------------------------------------------------------------------------------------------------------------------------------------------------------------------------------------------------------------------------------------------------------------------------------------------------------+
| parts | CREATE TABLE `parts` (
  `id` int NOT NULL AUTO_INCREMENT,
  `description` varchar(200) NOT NULL,
  `unitprice` decimal(10,10) NOT NULL,
  `onhand` enum('yes','no') NOT NULL,
  `reorder` enum('yes','no') NOT NULL,
  PRIMARY KEY (`id`)
) ENGINE=InnoDB DEFAULT CHARSET=utf8mb4 COLLATE=utf8mb4_0900_ai_ci |
+-------+---------------------------------------------------------------------------------------------------------------------------------------------------------------------------------------------------------------------------------------------------------------------------------------------------------------+
1 row in set (0.0060 sec)
 MySQL  localhost:33060+ ssl  orders3  SQL > show create table items;
+-------+------------------------------------------------------------------------------------------------------------------------------------------------------------------------------------------------------------------------------------------------------------------------------------------------------------------------------------------------------------------------------------------------------------------------------------------------------------------------------------------------------------+
| Table | Create Table                                                                                                                                                                                                                                                                                                                                                                                                                                                                                               |
+-------+------------------------------------------------------------------------------------------------------------------------------------------------------------------------------------------------------------------------------------------------------------------------------------------------------------------------------------------------------------------------------------------------------------------------------------------------------------------------------------------------------------+
| items | CREATE TABLE `items` (
  `id` int NOT NULL AUTO_INCREMENT,
  `o_id` int NOT NULL,
  `p_id` int NOT NULL,
  `quantity` int NOT NULL,
  PRIMARY KEY (`id`),
  KEY `o_id` (`o_id`),
  KEY `p_id` (`p_id`),
  CONSTRAINT `items_ibfk_1` FOREIGN KEY (`o_id`) REFERENCES `orders` (`id`) ON DELETE CASCADE ON UPDATE CASCADE,
  CONSTRAINT `items_ibfk_2` FOREIGN KEY (`p_id`) REFERENCES `parts` (`id`) ON DELETE CASCADE ON UPDATE CASCADE
) ENGINE=InnoDB DEFAULT CHARSET=utf8mb4 COLLATE=utf8mb4_0900_ai_ci |
+-------+------------------------------------------------------------------------------------------------------------------------------------------------------------------------------------------------------------------------------------------------------------------------------------------------------------------------------------------------------------------------------------------------------------------------------------------------------------------------------------------------------------+
1 row in set (0.0025 sec)
 MySQL  localhost:33060+ ssl  orders3  SQL > alter table customers alter constraint items_ibfk_1 to orders_fk;
ERROR: 1064: You have an error in your SQL syntax; check the manual that corresponds to your MySQL server version for the right syntax to use near 'to orders_fk' at line 1
 MySQL  localhost:33060+ ssl  orders3  SQL > alter table customers drop foreign key customers_ibfk_1;
Query OK, 0 rows affected (0.0421 sec)

Records: 0  Duplicates: 0  Warnings: 0
 MySQL  localhost:33060+ ssl  orders3  SQL > alter table customers add salesreps_fk foreign key (s_id) references salesreps(id) on delete cascade on update cascade;
ERROR: 1064: You have an error in your SQL syntax; check the manual that corresponds to your MySQL server version for the right syntax to use near 'foreign key (s_id) references salesreps(id) on delete cascade on update cascade' at line 1
 MySQL  localhost:33060+ ssl  orders3  SQL > alter table customers add 'salesreps_fk' foreign key (s_id) references salesreps(id) on delete cascade on update cascade;
ERROR: 1064: You have an error in your SQL syntax; check the manual that corresponds to your MySQL server version for the right syntax to use near ''salesreps_fk' foreign key (s_id) references salesreps(id) on delete cascade on ' at line 1
 MySQL  localhost:33060+ ssl  orders3  SQL > alter table customers add foreign key (s_id) references salesreps(id) on delete cascade on update cascade;
Query OK, 0 rows affected (0.0622 sec)

Records: 0  Duplicates: 0  Warnings: 0
 MySQL  localhost:33060+ ssl  orders3  SQL > alter table customers drop foreign key customers_ibfk_1;
Query OK, 0 rows affected (0.0416 sec)

Records: 0  Duplicates: 0  Warnings: 0
 MySQL  localhost:33060+ ssl  orders3  SQL > alter table customers add "salesreps_fk" foreign key (s_id) references salesreps(id) on delete cascade on update cascade;
ERROR: 1064: You have an error in your SQL syntax; check the manual that corresponds to your MySQL server version for the right syntax to use near '"salesreps_fk" foreign key (s_id) references salesreps(id) on delete cascade on ' at line 1
 MySQL  localhost:33060+ ssl  orders3  SQL > alter table customers add foreign key salesreps_fk (s_id) references salesreps(id) on delete cascade on update cascade;
Query OK, 0 rows affected (0.0875 sec)

Records: 0  Duplicates: 0  Warnings: 0
 MySQL  localhost:33060+ ssl  orders3  SQL > show create table customers;
+-----------+---------------------------------------------------------------------------------------------------------------------------------------------------------------------------------------------------------------------------------------------------------------------------------------------------------------------------------------------------------------------------------------------------------------------------------------------------------------------------------------------------------------------------------------------------------------------------------------------------------------------------------------------------------------------------------------------------------------------------------------+
| Table     | Create Table                                                                                                                                                                                                                                                                                                                                                                                                                                                                                                                                                                                                                                                                                                                          |
+-----------+---------------------------------------------------------------------------------------------------------------------------------------------------------------------------------------------------------------------------------------------------------------------------------------------------------------------------------------------------------------------------------------------------------------------------------------------------------------------------------------------------------------------------------------------------------------------------------------------------------------------------------------------------------------------------------------------------------------------------------------+
| customers | CREATE TABLE `customers` (
  `id` int NOT NULL AUTO_INCREMENT,
  `lastname` varchar(50) NOT NULL,
  `firstname` varchar(50) NOT NULL,
  `companyname` varchar(50) DEFAULT NULL,
  `street1` varchar(50) DEFAULT NULL,
  `street2` varchar(50) DEFAULT NULL,
  `city` varchar(100) DEFAULT NULL,
  `state` varchar(50) DEFAULT NULL,
  `zipcode` int DEFAULT NULL,
  `phone` int DEFAULT NULL,
  `fax` int DEFAULT NULL,
  `email` varchar(50) DEFAULT NULL,
  `s_id` int DEFAULT NULL,
  PRIMARY KEY (`id`),
  KEY `salesreps_fk` (`s_id`),
  CONSTRAINT `customers_ibfk_1` FOREIGN KEY (`s_id`) REFERENCES `salesreps` (`id`) ON DELETE CASCADE ON UPDATE CASCADE
) ENGINE=InnoDB DEFAULT CHARSET=utf8mb4 COLLATE=utf8mb4_0900_ai_ci |
+-----------+---------------------------------------------------------------------------------------------------------------------------------------------------------------------------------------------------------------------------------------------------------------------------------------------------------------------------------------------------------------------------------------------------------------------------------------------------------------------------------------------------------------------------------------------------------------------------------------------------------------------------------------------------------------------------------------------------------------------------------------+
1 row in set (0.0009 sec)
 MySQL  localhost:33060+ ssl  orders3  SQL > alter table customers drop foreign key customers_ibfk_1;
Query OK, 0 rows affected (0.0506 sec)

Records: 0  Duplicates: 0  Warnings: 0
 MySQL  localhost:33060+ ssl  orders3  SQL > alter table customers add salesreps_fk foreign key (s_id) references salesreps(id) on delete cascade on update cascade;
ERROR: 1064: You have an error in your SQL syntax; check the manual that corresponds to your MySQL server version for the right syntax to use near 'foreign key (s_id) references salesreps(id) on delete cascade on update cascade' at line 1
 MySQL  localhost:33060+ ssl  orders3  SQL > alter table customers add constraint salesreps_fk foreign key (s_id) references salesreps(id) on delete cascade on update cascade;
Query OK, 0 rows affected (0.0778 sec)

Records: 0  Duplicates: 0  Warnings: 0
 MySQL  localhost:33060+ ssl  orders3  SQL > show create table customers;
+-----------+-----------------------------------------------------------------------------------------------------------------------------------------------------------------------------------------------------------------------------------------------------------------------------------------------------------------------------------------------------------------------------------------------------------------------------------------------------------------------------------------------------------------------------------------------------------------------------------------------------------------------------------------------------------------------------------------------------------------------------------+
| Table     | Create Table                                                                                                                                                                                                                                                                                                                                                                                                                                                                                                                                                                                                                                                                                                                      |
+-----------+-----------------------------------------------------------------------------------------------------------------------------------------------------------------------------------------------------------------------------------------------------------------------------------------------------------------------------------------------------------------------------------------------------------------------------------------------------------------------------------------------------------------------------------------------------------------------------------------------------------------------------------------------------------------------------------------------------------------------------------+
| customers | CREATE TABLE `customers` (
  `id` int NOT NULL AUTO_INCREMENT,
  `lastname` varchar(50) NOT NULL,
  `firstname` varchar(50) NOT NULL,
  `companyname` varchar(50) DEFAULT NULL,
  `street1` varchar(50) DEFAULT NULL,
  `street2` varchar(50) DEFAULT NULL,
  `city` varchar(100) DEFAULT NULL,
  `state` varchar(50) DEFAULT NULL,
  `zipcode` int DEFAULT NULL,
  `phone` int DEFAULT NULL,
  `fax` int DEFAULT NULL,
  `email` varchar(50) DEFAULT NULL,
  `s_id` int DEFAULT NULL,
  PRIMARY KEY (`id`),
  KEY `salesreps_fk` (`s_id`),
  CONSTRAINT `salesreps_fk` FOREIGN KEY (`s_id`) REFERENCES `salesreps` (`id`) ON DELETE CASCADE ON UPDATE CASCADE
) ENGINE=InnoDB DEFAULT CHARSET=utf8mb4 COLLATE=utf8mb4_0900_ai_ci |
+-----------+-----------------------------------------------------------------------------------------------------------------------------------------------------------------------------------------------------------------------------------------------------------------------------------------------------------------------------------------------------------------------------------------------------------------------------------------------------------------------------------------------------------------------------------------------------------------------------------------------------------------------------------------------------------------------------------------------------------------------------------+
1 row in set (0.0009 sec)
 MySQL  localhost:33060+ ssl  orders3  SQL > alter table customers drop foreign key orders_ibfk_1;
ERROR: 1091: Can't DROP 'orders_ibfk_1'; check that column/key exists
 MySQL  localhost:33060+ ssl  orders3  SQL > alter table orders drop foreign key orders_ibfk_1;
Query OK, 0 rows affected (0.0497 sec)

Records: 0  Duplicates: 0  Warnings: 0
 MySQL  localhost:33060+ ssl  orders3  SQL > alter table orders add constraint customers_fk foreign key (c_id) references customers(id) on delete cascade on update cascade;
Query OK, 0 rows affected (0.2073 sec)

Records: 0  Duplicates: 0  Warnings: 0
 MySQL  localhost:33060+ ssl  orders3  SQL > alter table items drop foreign key items_ibfk_1;
Query OK, 0 rows affected (0.0251 sec)

Records: 0  Duplicates: 0  Warnings: 0
 MySQL  localhost:33060+ ssl  orders3  SQL > alter table items drop foreign key items_ibfk_2;
Query OK, 0 rows affected (0.0160 sec)

Records: 0  Duplicates: 0  Warnings: 0
 MySQL  localhost:33060+ ssl  orders3  SQL > alter table items add constraint orders_fk foreign key (o_id) references orders(id) on delete cascade on update cascade;
Query OK, 0 rows affected (0.2022 sec)

Records: 0  Duplicates: 0  Warnings: 0
 MySQL  localhost:33060+ ssl  orders3  SQL > alter table items add constraint parts_fk foreign key (p_id) references parts(id) on delete cascade on update cascade;
Query OK, 0 rows affected (0.1387 sec)

Records: 0  Duplicates: 0  Warnings: 0
 MySQL  localhost:33060+ ssl  orders3  SQL > show create table salesreps;
+-----------+------------------------------------------------------------------------------------------------------------------------------------------------------------------------------------------------------------------------------------------------------------+
| Table     | Create Table                                                                                                                                                                                                                                               |
+-----------+------------------------------------------------------------------------------------------------------------------------------------------------------------------------------------------------------------------------------------------------------------+
| salesreps | CREATE TABLE `salesreps` (
  `id` int NOT NULL AUTO_INCREMENT,
  `lastname` varchar(50) NOT NULL,
  `firstname` varchar(50) NOT NULL,
  `commission` int NOT NULL,
  PRIMARY KEY (`id`)
) ENGINE=InnoDB DEFAULT CHARSET=utf8mb4 COLLATE=utf8mb4_0900_ai_ci |
+-----------+------------------------------------------------------------------------------------------------------------------------------------------------------------------------------------------------------------------------------------------------------------+
1 row in set (0.0021 sec)
 MySQL  localhost:33060+ ssl  orders3  SQL > show create table customers;
+-----------+-----------------------------------------------------------------------------------------------------------------------------------------------------------------------------------------------------------------------------------------------------------------------------------------------------------------------------------------------------------------------------------------------------------------------------------------------------------------------------------------------------------------------------------------------------------------------------------------------------------------------------------------------------------------------------------------------------------------------------------+
| Table     | Create Table                                                                                                                                                                                                                                                                                                                                                                                                                                                                                                                                                                                                                                                                                                                      |
+-----------+-----------------------------------------------------------------------------------------------------------------------------------------------------------------------------------------------------------------------------------------------------------------------------------------------------------------------------------------------------------------------------------------------------------------------------------------------------------------------------------------------------------------------------------------------------------------------------------------------------------------------------------------------------------------------------------------------------------------------------------+
| customers | CREATE TABLE `customers` (
  `id` int NOT NULL AUTO_INCREMENT,
  `lastname` varchar(50) NOT NULL,
  `firstname` varchar(50) NOT NULL,
  `companyname` varchar(50) DEFAULT NULL,
  `street1` varchar(50) DEFAULT NULL,
  `street2` varchar(50) DEFAULT NULL,
  `city` varchar(100) DEFAULT NULL,
  `state` varchar(50) DEFAULT NULL,
  `zipcode` int DEFAULT NULL,
  `phone` int DEFAULT NULL,
  `fax` int DEFAULT NULL,
  `email` varchar(50) DEFAULT NULL,
  `s_id` int DEFAULT NULL,
  PRIMARY KEY (`id`),
  KEY `salesreps_fk` (`s_id`),
  CONSTRAINT `salesreps_fk` FOREIGN KEY (`s_id`) REFERENCES `salesreps` (`id`) ON DELETE CASCADE ON UPDATE CASCADE
) ENGINE=InnoDB DEFAULT CHARSET=utf8mb4 COLLATE=utf8mb4_0900_ai_ci |
+-----------+-----------------------------------------------------------------------------------------------------------------------------------------------------------------------------------------------------------------------------------------------------------------------------------------------------------------------------------------------------------------------------------------------------------------------------------------------------------------------------------------------------------------------------------------------------------------------------------------------------------------------------------------------------------------------------------------------------------------------------------+
1 row in set (0.0027 sec)
 MySQL  localhost:33060+ ssl  orders3  SQL > show create table order;
ERROR: 1064: You have an error in your SQL syntax; check the manual that corresponds to your MySQL server version for the right syntax to use near 'order' at line 1
 MySQL  localhost:33060+ ssl  orders3  SQL > show create table orders;
+--------+-----------------------------------------------------------------------------------------------------------------------------------------------------------------------------------------------------------------------------------------------------------------------------------------------------------------------------------------------------------------------------------------------------------------------------------------------------------------+
| Table  | Create Table                                                                                                                                                                                                                                                                                                                                                                                                                                                    |
+--------+-----------------------------------------------------------------------------------------------------------------------------------------------------------------------------------------------------------------------------------------------------------------------------------------------------------------------------------------------------------------------------------------------------------------------------------------------------------------+
| orders | CREATE TABLE `orders` (
  `id` int NOT NULL AUTO_INCREMENT,
  `c_id` int NOT NULL,
  `orderdate` date NOT NULL,
  `shipdate` date DEFAULT NULL,
  `paiddate` date DEFAULT NULL,
  `status` varchar(20) DEFAULT NULL,
  PRIMARY KEY (`id`),
  KEY `customers_fk` (`c_id`),
  CONSTRAINT `customers_fk` FOREIGN KEY (`c_id`) REFERENCES `customers` (`id`) ON DELETE CASCADE ON UPDATE CASCADE
) ENGINE=InnoDB DEFAULT CHARSET=utf8mb4 COLLATE=utf8mb4_0900_ai_ci |
+--------+-----------------------------------------------------------------------------------------------------------------------------------------------------------------------------------------------------------------------------------------------------------------------------------------------------------------------------------------------------------------------------------------------------------------------------------------------------------------+
1 row in set (0.0016 sec)
 MySQL  localhost:33060+ ssl  orders3  SQL > show create table parts;
+-------+---------------------------------------------------------------------------------------------------------------------------------------------------------------------------------------------------------------------------------------------------------------------------------------------------------------+
| Table | Create Table                                                                                                                                                                                                                                                                                                  |
+-------+---------------------------------------------------------------------------------------------------------------------------------------------------------------------------------------------------------------------------------------------------------------------------------------------------------------+
| parts | CREATE TABLE `parts` (
  `id` int NOT NULL AUTO_INCREMENT,
  `description` varchar(200) NOT NULL,
  `unitprice` decimal(10,10) NOT NULL,
  `onhand` enum('yes','no') NOT NULL,
  `reorder` enum('yes','no') NOT NULL,
  PRIMARY KEY (`id`)
) ENGINE=InnoDB DEFAULT CHARSET=utf8mb4 COLLATE=utf8mb4_0900_ai_ci |
+-------+---------------------------------------------------------------------------------------------------------------------------------------------------------------------------------------------------------------------------------------------------------------------------------------------------------------+
1 row in set (0.0022 sec)
 MySQL  localhost:33060+ ssl  orders3  SQL > show create table items;
+-------+--------------------------------------------------------------------------------------------------------------------------------------------------------------------------------------------------------------------------------------------------------------------------------------------------------------------------------------------------------------------------------------------------------------------------------------------------------------------------------------------------------------+
| Table | Create Table                                                                                                                                                                                                                                                                                                                                                                                                                                                                                                 |
+-------+--------------------------------------------------------------------------------------------------------------------------------------------------------------------------------------------------------------------------------------------------------------------------------------------------------------------------------------------------------------------------------------------------------------------------------------------------------------------------------------------------------------+
| items | CREATE TABLE `items` (
  `id` int NOT NULL AUTO_INCREMENT,
  `o_id` int NOT NULL,
  `p_id` int NOT NULL,
  `quantity` int NOT NULL,
  PRIMARY KEY (`id`),
  KEY `orders_fk` (`o_id`),
  KEY `parts_fk` (`p_id`),
  CONSTRAINT `orders_fk` FOREIGN KEY (`o_id`) REFERENCES `orders` (`id`) ON DELETE CASCADE ON UPDATE CASCADE,
  CONSTRAINT `parts_fk` FOREIGN KEY (`p_id`) REFERENCES `parts` (`id`) ON DELETE CASCADE ON UPDATE CASCADE
) ENGINE=InnoDB DEFAULT CHARSET=utf8mb4 COLLATE=utf8mb4_0900_ai_ci |
+-------+--------------------------------------------------------------------------------------------------------------------------------------------------------------------------------------------------------------------------------------------------------------------------------------------------------------------------------------------------------------------------------------------------------------------------------------------------------------------------------------------------------------+
1 row in set (0.0009 sec)
 MySQL  localhost:33060+ ssl  orders3  SQL >